Archive member included to satisfy reference by file (symbol)

c:/program files (x86)/atmel/studio/7.0/toolchain/arm/arm-gnu-toolchain/bin/../lib/gcc/arm-none-eabi/5.3.1/../../../../arm-none-eabi/lib/armv7e-m\libc.a(lib_a-exit.o)
                              c:/program files (x86)/atmel/studio/7.0/toolchain/arm/arm-gnu-toolchain/bin/../lib/gcc/arm-none-eabi/5.3.1/../../../../arm-none-eabi/lib/armv7e-m/crt0.o (exit)
c:/program files (x86)/atmel/studio/7.0/toolchain/arm/arm-gnu-toolchain/bin/../lib/gcc/arm-none-eabi/5.3.1/../../../../arm-none-eabi/lib/armv7e-m\libc.a(lib_a-impure.o)
                              c:/program files (x86)/atmel/studio/7.0/toolchain/arm/arm-gnu-toolchain/bin/../lib/gcc/arm-none-eabi/5.3.1/../../../../arm-none-eabi/lib/armv7e-m\libc.a(lib_a-exit.o) (_global_impure_ptr)
c:/program files (x86)/atmel/studio/7.0/toolchain/arm/arm-gnu-toolchain/bin/../lib/gcc/arm-none-eabi/5.3.1/../../../../arm-none-eabi/lib/armv7e-m\libc.a(lib_a-init.o)
                              c:/program files (x86)/atmel/studio/7.0/toolchain/arm/arm-gnu-toolchain/bin/../lib/gcc/arm-none-eabi/5.3.1/../../../../arm-none-eabi/lib/armv7e-m/crt0.o (__libc_init_array)
c:/program files (x86)/atmel/studio/7.0/toolchain/arm/arm-gnu-toolchain/bin/../lib/gcc/arm-none-eabi/5.3.1/../../../../arm-none-eabi/lib/armv7e-m\libc.a(lib_a-iprintf.o)
                              src/main.o (iprintf)
c:/program files (x86)/atmel/studio/7.0/toolchain/arm/arm-gnu-toolchain/bin/../lib/gcc/arm-none-eabi/5.3.1/../../../../arm-none-eabi/lib/armv7e-m\libc.a(lib_a-memset.o)
                              c:/program files (x86)/atmel/studio/7.0/toolchain/arm/arm-gnu-toolchain/bin/../lib/gcc/arm-none-eabi/5.3.1/../../../../arm-none-eabi/lib/armv7e-m/crt0.o (memset)
c:/program files (x86)/atmel/studio/7.0/toolchain/arm/arm-gnu-toolchain/bin/../lib/gcc/arm-none-eabi/5.3.1/../../../../arm-none-eabi/lib/armv7e-m\libc.a(lib_a-puts.o)
                              src/main.o (puts)
c:/program files (x86)/atmel/studio/7.0/toolchain/arm/arm-gnu-toolchain/bin/../lib/gcc/arm-none-eabi/5.3.1/../../../../arm-none-eabi/lib/armv7e-m\libc.a(lib_a-setbuf.o)
                              src/main.o (setbuf)
c:/program files (x86)/atmel/studio/7.0/toolchain/arm/arm-gnu-toolchain/bin/../lib/gcc/arm-none-eabi/5.3.1/../../../../arm-none-eabi/lib/armv7e-m\libc.a(lib_a-setvbuf.o)
                              c:/program files (x86)/atmel/studio/7.0/toolchain/arm/arm-gnu-toolchain/bin/../lib/gcc/arm-none-eabi/5.3.1/../../../../arm-none-eabi/lib/armv7e-m\libc.a(lib_a-setbuf.o) (setvbuf)
c:/program files (x86)/atmel/studio/7.0/toolchain/arm/arm-gnu-toolchain/bin/../lib/gcc/arm-none-eabi/5.3.1/../../../../arm-none-eabi/lib/armv7e-m\libc.a(lib_a-strlen.o)
                              c:/program files (x86)/atmel/studio/7.0/toolchain/arm/arm-gnu-toolchain/bin/../lib/gcc/arm-none-eabi/5.3.1/../../../../arm-none-eabi/lib/armv7e-m\libc.a(lib_a-puts.o) (strlen)
c:/program files (x86)/atmel/studio/7.0/toolchain/arm/arm-gnu-toolchain/bin/../lib/gcc/arm-none-eabi/5.3.1/../../../../arm-none-eabi/lib/armv7e-m\libc.a(lib_a-vfiprintf.o)
                              c:/program files (x86)/atmel/studio/7.0/toolchain/arm/arm-gnu-toolchain/bin/../lib/gcc/arm-none-eabi/5.3.1/../../../../arm-none-eabi/lib/armv7e-m\libc.a(lib_a-iprintf.o) (_vfiprintf_r)
c:/program files (x86)/atmel/studio/7.0/toolchain/arm/arm-gnu-toolchain/bin/../lib/gcc/arm-none-eabi/5.3.1/../../../../arm-none-eabi/lib/armv7e-m\libc.a(lib_a-wsetup.o)
                              c:/program files (x86)/atmel/studio/7.0/toolchain/arm/arm-gnu-toolchain/bin/../lib/gcc/arm-none-eabi/5.3.1/../../../../arm-none-eabi/lib/armv7e-m\libc.a(lib_a-vfiprintf.o) (__swsetup_r)
c:/program files (x86)/atmel/studio/7.0/toolchain/arm/arm-gnu-toolchain/bin/../lib/gcc/arm-none-eabi/5.3.1/../../../../arm-none-eabi/lib/armv7e-m\libc.a(lib_a-__call_atexit.o)
                              c:/program files (x86)/atmel/studio/7.0/toolchain/arm/arm-gnu-toolchain/bin/../lib/gcc/arm-none-eabi/5.3.1/../../../../arm-none-eabi/lib/armv7e-m\libc.a(lib_a-exit.o) (__call_exitprocs)
c:/program files (x86)/atmel/studio/7.0/toolchain/arm/arm-gnu-toolchain/bin/../lib/gcc/arm-none-eabi/5.3.1/../../../../arm-none-eabi/lib/armv7e-m\libc.a(lib_a-atexit.o)
                              c:/program files (x86)/atmel/studio/7.0/toolchain/arm/arm-gnu-toolchain/bin/../lib/gcc/arm-none-eabi/5.3.1/../../../../arm-none-eabi/lib/armv7e-m\libc.a(lib_a-__call_atexit.o) (atexit)
c:/program files (x86)/atmel/studio/7.0/toolchain/arm/arm-gnu-toolchain/bin/../lib/gcc/arm-none-eabi/5.3.1/../../../../arm-none-eabi/lib/armv7e-m\libc.a(lib_a-fflush.o)
                              c:/program files (x86)/atmel/studio/7.0/toolchain/arm/arm-gnu-toolchain/bin/../lib/gcc/arm-none-eabi/5.3.1/../../../../arm-none-eabi/lib/armv7e-m\libc.a(lib_a-setvbuf.o) (_fflush_r)
[...]
Memory Configuration

Name             Origin             Length             Attributes
rom              0x00400000         0x00200000         xr
ram              0x20400000         0x00060000         xrw
*default*        0x00000000         0xffffffff

Linker script and memory map

LOAD c:/program files (x86)/atmel/studio/7.0/toolchain/arm/arm-gnu-toolchain/bin/../lib/gcc/arm-none-eabi/5.3.1/armv7e-m/crti.o
LOAD c:/program files (x86)/atmel/studio/7.0/toolchain/arm/arm-gnu-toolchain/bin/../lib/gcc/arm-none-eabi/5.3.1/armv7e-m/crtbegin.o
LOAD c:/program files (x86)/atmel/studio/7.0/toolchain/arm/arm-gnu-toolchain/bin/../lib/gcc/arm-none-eabi/5.3.1/../../../../arm-none-eabi/lib/armv7e-m/crt0.o
LOAD src/main.o
LOAD src/ASF/common/services/delay/sam/cycle_counter.o
LOAD src/ASF/sam/drivers/rtc/rtc.o
LOAD src/ASF/sam/drivers/tc/tc.o
LOAD src/ASF/common/services/clock/same70/sysclk.o
LOAD src/ASF/common/services/serial/usart_serial.o
LOAD src/ASF/common/services/sleepmgr/sam/sleepmgr.o
LOAD src/ASF/common/utils/interrupt/interrupt_sam_nvic.o
LOAD src/ASF/common/utils/stdio/read.o
LOAD src/ASF/common/utils/stdio/write.o
LOAD src/ASF/sam/boards/same70_xplained/init.o
LOAD src/ASF/sam/drivers/afec/afec.o
LOAD src/ASF/sam/drivers/mpu/mpu.o
LOAD src/ASF/sam/drivers/pio/pio.o
LOAD src/ASF/sam/drivers/pio/pio_handler.o
LOAD src/ASF/sam/drivers/pmc/pmc.o
LOAD src/ASF/sam/drivers/pmc/sleep.o
LOAD src/ASF/sam/drivers/uart/uart.o
LOAD src/ASF/sam/drivers/usart/usart.o
LOAD src/ASF/sam/utils/cmsis/same70/source/templates/gcc/startup_same70.o
LOAD src/ASF/sam/utils/cmsis/same70/source/templates/system_same70.o
LOAD src/ASF/sam/utils/syscalls/gcc/syscalls.o
START GROUP
LOAD ../src/ASF/thirdparty/CMSIS/Lib/GCC\libarm_cortexM7lfsp_math_softfp.a
LOAD c:/program files (x86)/atmel/studio/7.0/toolchain/arm/arm-gnu-toolchain/bin/../lib/gcc/arm-none-eabi/5.3.1/../../../../arm-none-eabi/lib/armv7e-m\libm.a
END GROUP
START GROUP
LOAD c:/program files (x86)/atmel/studio/7.0/toolchain/arm/arm-gnu-toolchain/bin/../lib/gcc/arm-none-eabi/5.3.1/armv7e-m\libgcc.a
LOAD c:/program files (x86)/atmel/studio/7.0/toolchain/arm/arm-gnu-toolchain/bin/../lib/gcc/arm-none-eabi/5.3.1/../../../../arm-none-eabi/lib/armv7e-m\libc.a
END GROUP
LOAD c:/program files (x86)/atmel/studio/7.0/toolchain/arm/arm-gnu-toolchain/bin/../lib/gcc/arm-none-eabi/5.3.1/armv7e-m/crtend.o
LOAD c:/program files (x86)/atmel/studio/7.0/toolchain/arm/arm-gnu-toolchain/bin/../lib/gcc/arm-none-eabi/5.3.1/armv7e-m/crtn.o
                0x00002000                STACK_SIZE = DEFINED (STACK_SIZE)?STACK_SIZE:0x2000
                0x2045fffc                __ram_end__ = ((ORIGIN (ram) + LENGTH (ram)) - 0x4)
                0x00000200                HEAP_SIZE = DEFINED (HEAP_SIZE)?HEAP_SIZE:0x200

.text           0x00400000     0x46e4
                0x00400000                . = ALIGN (0x4)
                0x00400000                _sfixed = .
 *(.vectors .vectors.*)
 .vectors       0x00400000      0x140 src/ASF/sam/utils/cmsis/same70/source/templates/gcc/startup_same70.o
                0x00400000                exception_table
 *(.text .text.* .gnu.linkonce.t.*)
 .text          0x00400140       0x5c c:/program files (x86)/atmel/studio/7.0/toolchain/arm/arm-gnu-toolchain/bin/../lib/gcc/arm-none-eabi/5.3.1/armv7e-m/crtbegin.o
 .text.AFEC_Temp_callback
                0x0040019c       0x20 src/main.o
 .text.usart_serial_getchar
                0x004001bc       0xd8 src/main.o
 .text.usart_serial_putchar
                0x00400294       0xd4 src/main.o
 .text.RTC_init
                0x00400368       0x4c src/main.o
                0x00400368                RTC_init
 .text.TC1_init
                0x004003b4       0x7c src/main.o
                0x004003b4                TC1_init
 .text.TC1_Handler
                0x00400430       0xb4 src/main.o
                0x00400430                TC1_Handler
 .text.main     0x004004e4      0x15c src/main.o
                0x004004e4                main
 .text.rtc_set_hour_mode
                0x00400640       0x18 src/ASF/sam/drivers/rtc/rtc.o
                0x00400640                rtc_set_hour_mode
 .text.rtc_get_time
                0x00400658       0x5c src/ASF/sam/drivers/rtc/rtc.o
                0x00400658                rtc_get_time
 .text.rtc_set_time
                0x004006b4       0x90 src/ASF/sam/drivers/rtc/rtc.o
                0x004006b4                rtc_set_time
 .text.rtc_get_date
                0x00400744       0x74 src/ASF/sam/drivers/rtc/rtc.o
                0x00400744                rtc_get_date
 .text.rtc_set_date
                0x004007b8       0xb8 src/ASF/sam/drivers/rtc/rtc.o
                0x004007b8                rtc_set_date
 .text.tc_init  0x00400870       0x1c src/ASF/sam/drivers/tc/tc.o
                0x00400870                tc_init
 .text.tc_start
                0x0040088c        0x8 src/ASF/sam/drivers/tc/tc.o
                0x0040088c                tc_start
 .text.tc_write_rc
                0x00400894        0x8 src/ASF/sam/drivers/tc/tc.o
                0x00400894                tc_write_rc
 .text.tc_enable_interrupt
                0x0040089c        0x8 src/ASF/sam/drivers/tc/tc.o
                0x0040089c                tc_enable_interrupt
 .text.tc_get_status
                0x004008a4        0x8 src/ASF/sam/drivers/tc/tc.o
                0x004008a4                tc_get_status
 .text.tc_find_mck_divisor
                0x004008ac       0x74 src/ASF/sam/drivers/tc/tc.o
                0x004008ac                tc_find_mck_divisor
 .text.sysclk_init
                0x00400920       0x70 src/ASF/common/services/clock/same70/sysclk.o
                0x00400920                sysclk_init
 .text._read    0x00400990       0x3c src/ASF/common/utils/stdio/read.o
                0x00400990                _read
 .text._write   0x004009cc       0x50 src/ASF/common/utils/stdio/write.o
                0x004009cc                _write
 .text.board_init
                0x00400a1c      0x184 src/ASF/sam/boards/same70_xplained/init.o
                0x00400a1c                board_init
 .text.afec_process_callback
                0x00400ba0       0x80 src/ASF/sam/drivers/afec/afec.o
 .text.afec_ch_set_config
                0x00400c20       0x30 src/ASF/sam/drivers/afec/afec.o
                0x00400c20                afec_ch_set_config
 .text.afec_temp_sensor_set_config
                0x00400c50       0x14 src/ASF/sam/drivers/afec/afec.o
                0x00400c50                afec_temp_sensor_set_config
 .text.afec_get_config_defaults
                0x00400c64       0x30 src/ASF/sam/drivers/afec/afec.o
                0x00400c64                afec_get_config_defaults
 .text.afec_ch_get_config_defaults
                0x00400c94        0xc src/ASF/sam/drivers/afec/afec.o
                0x00400c94                afec_ch_get_config_defaults
 .text.afec_temp_sensor_get_config_defaults
                0x00400ca0       0x14 src/ASF/sam/drivers/afec/afec.o
                0x00400ca0                afec_temp_sensor_get_config_defaults
 .text.afec_init
                0x00400cb4       0xc8 src/ASF/sam/drivers/afec/afec.o
                0x00400cb4                afec_init
 .text.afec_enable_interrupt
                0x00400d7c       0x38 src/ASF/sam/drivers/afec/afec.o
                0x00400d7c                afec_enable_interrupt
 .text.afec_set_callback
                0x00400db4       0x58 src/ASF/sam/drivers/afec/afec.o
                0x00400db4                afec_set_callback
 .text.AFEC0_Handler
                0x00400e0c       0x14 src/ASF/sam/drivers/afec/afec.o
                0x00400e0c                AFEC0_Handler
 .text.AFEC1_Handler
                0x00400e20       0x14 src/ASF/sam/drivers/afec/afec.o
                0x00400e20                AFEC1_Handler
 .text.afec_enable
                0x00400e34       0x64 src/ASF/sam/drivers/afec/afec.o
                0x00400e34                afec_enable
 .text.pio_get_interrupt_status
                0x00400e98        0x4 src/ASF/sam/drivers/pio/pio.o
                0x00400e98                pio_get_interrupt_status
 .text.pio_get_interrupt_mask
                0x00400e9c        0x4 src/ASF/sam/drivers/pio/pio.o
                0x00400e9c                pio_get_interrupt_mask
 .text.pio_handler_process
                0x00400ea0       0x50 src/ASF/sam/drivers/pio/pio_handler.o
                0x00400ea0                pio_handler_process
 .text.PIOA_Handler
                0x00400ef0       0x14 src/ASF/sam/drivers/pio/pio_handler.o
                0x00400ef0                PIOA_Handler
 .text.PIOB_Handler
                0x00400f04       0x14 src/ASF/sam/drivers/pio/pio_handler.o
                0x00400f04                PIOB_Handler
 .text.PIOC_Handler
                0x00400f18       0x14 src/ASF/sam/drivers/pio/pio_handler.o
                0x00400f18                PIOC_Handler
 .text.PIOD_Handler
                0x00400f2c       0x14 src/ASF/sam/drivers/pio/pio_handler.o
                0x00400f2c                PIOD_Handler
 .text.PIOE_Handler
                0x00400f40       0x14 src/ASF/sam/drivers/pio/pio_handler.o
                0x00400f40                PIOE_Handler
 .text.pmc_mck_set_division
                0x00400f54       0x3c src/ASF/sam/drivers/pmc/pmc.o
                0x00400f54                pmc_mck_set_division
 .text.pmc_switch_mck_to_pllack
                0x00400f90       0x68 src/ASF/sam/drivers/pmc/pmc.o
                0x00400f90                pmc_switch_mck_to_pllack
 .text.pmc_switch_mainck_to_xtal
                0x00400ff8       0x54 src/ASF/sam/drivers/pmc/pmc.o
                0x00400ff8                pmc_switch_mainck_to_xtal
 .text.pmc_osc_is_ready_mainck
                0x0040104c       0x10 src/ASF/sam/drivers/pmc/pmc.o
                0x0040104c                pmc_osc_is_ready_mainck
 .text.pmc_disable_pllack
                0x0040105c       0x10 src/ASF/sam/drivers/pmc/pmc.o
                0x0040105c                pmc_disable_pllack
 .text.pmc_is_locked_pllack
                0x0040106c       0x10 src/ASF/sam/drivers/pmc/pmc.o
                0x0040106c                pmc_is_locked_pllack
 .text.pmc_enable_periph_clk
                0x0040107c       0x54 src/ASF/sam/drivers/pmc/pmc.o
                0x0040107c                pmc_enable_periph_clk
 .text.uart_write
                0x004010d0       0x14 src/ASF/sam/drivers/uart/uart.o
                0x004010d0                uart_write
 .text.uart_read
                0x004010e4       0x14 src/ASF/sam/drivers/uart/uart.o
                0x004010e4                uart_read
 .text.usart_set_async_baudrate
                0x004010f8       0x60 src/ASF/sam/drivers/usart/usart.o
                0x004010f8                usart_set_async_baudrate
 .text.usart_reset
                0x00401158       0x28 src/ASF/sam/drivers/usart/usart.o
                0x00401158                usart_reset
 .text.usart_init_rs232
                0x00401180       0x54 src/ASF/sam/drivers/usart/usart.o
                0x00401180                usart_init_rs232
 .text.usart_enable_tx
                0x004011d4        0x8 src/ASF/sam/drivers/usart/usart.o
                0x004011d4                usart_enable_tx
 .text.usart_enable_rx
                0x004011dc        0x8 src/ASF/sam/drivers/usart/usart.o
                0x004011dc                usart_enable_rx
 .text.usart_write
                0x004011e4       0x18 src/ASF/sam/drivers/usart/usart.o
                0x004011e4                usart_write
 .text.usart_read
                0x004011fc       0x18 src/ASF/sam/drivers/usart/usart.o
                0x004011fc                usart_read
 .text.Dummy_Handler
                0x00401214        0x4 src/ASF/sam/utils/cmsis/same70/source/templates/gcc/startup_same70.o
                0x00401214                DACC_Handler
                0x00401214                DebugMon_Handler
                0x00401214                UART3_Handler
                0x00401214                UART2_Handler
                0x00401214                TRNG_Handler
                0x00401214                HardFault_Handler
                0x00401214                TC2_Handler
                0x00401214                SysTick_Handler
                0x00401214                PendSV_Handler
                0x00401214                NMI_Handler
                0x00401214                TC7_Handler
                0x00401214                QSPI_Handler
                0x00401214                ISI_Handler
                0x00401214                TC9_Handler
                0x00401214                RSWDT_Handler
                0x00401214                MCAN1_Handler
                0x00401214                USART0_Handler
                0x00401214                RTT_Handler
                0x00401214                USBHS_Handler
                0x00401214                RTC_Handler
                0x00401214                UsageFault_Handler
                0x00401214                TC6_Handler
                0x00401214                WDT_Handler
                0x00401214                TC4_Handler
                0x00401214                HSMCI_Handler
                0x00401214                UART1_Handler
                0x00401214                TC3_Handler
                0x00401214                Dummy_Handler
                0x00401214                TWIHS1_Handler
                0x00401214                XDMAC_Handler
                0x00401214                UART4_Handler
                0x00401214                PWM1_Handler
                0x00401214                USART1_Handler
                0x00401214                PWM0_Handler
                0x00401214                SSC_Handler
                0x00401214                TC11_Handler
                0x00401214                ACC_Handler
                0x00401214                PMC_Handler
                0x00401214                GMAC_Handler
                0x00401214                MemManage_Handler
                0x00401214                SUPC_Handler
                0x00401214                SVC_Handler
                0x00401214                TC8_Handler
                0x00401214                EFC_Handler
                0x00401214                USART2_Handler
                0x00401214                SDRAMC_Handler
                0x00401214                SPI1_Handler
                0x00401214                MCAN0_Handler
                0x00401214                TC10_Handler
                0x00401214                TWIHS2_Handler
                0x00401214                UART0_Handler
                0x00401214                BusFault_Handler
                0x00401214                RSTC_Handler
                0x00401214                TC0_Handler
                0x00401214                TC5_Handler
                0x00401214                ICM_Handler
                0x00401214                AES_Handler
                0x00401214                TWIHS0_Handler
                0x00401214                SPI0_Handler
 .text.Reset_Handler
                0x00401218       0xdc src/ASF/sam/utils/cmsis/same70/source/templates/gcc/startup_same70.o
                0x00401218                Reset_Handler
 .text.SystemCoreClockUpdate
                0x004012f4      0x110 src/ASF/sam/utils/cmsis/same70/source/templates/system_same70.o
                0x004012f4                SystemCoreClockUpdate
 .text.system_init_flash
                0x00401404       0x8c src/ASF/sam/utils/cmsis/same70/source/templates/system_same70.o
                0x00401404                system_init_flash
 .text._sbrk    0x00401490       0x34 src/ASF/sam/utils/syscalls/gcc/syscalls.o
                0x00401490                _sbrk
 .text._close   0x004014c4        0x8 src/ASF/sam/utils/syscalls/gcc/syscalls.o
                0x004014c4                _close
 .text._fstat   0x004014cc        0xc src/ASF/sam/utils/syscalls/gcc/syscalls.o
                0x004014cc                _fstat
 .text._isatty  0x004014d8        0x4 src/ASF/sam/utils/syscalls/gcc/syscalls.o
                0x004014d8                _isatty
 .text._lseek   0x004014dc        0x4 src/ASF/sam/utils/syscalls/gcc/syscalls.o
                0x004014dc                _lseek
 .text.__libc_init_array
                0x004014e0       0x50 c:/program files (x86)/atmel/studio/7.0/toolchain/arm/arm-gnu-toolchain/bin/../lib/gcc/arm-none-eabi/5.3.1/../../../../arm-none-eabi/lib/armv7e-m\libc.a(lib_a-init.o)
                0x004014e0                __libc_init_array
 .text.iprintf  0x00401530       0x28 c:/program files (x86)/atmel/studio/7.0/toolchain/arm/arm-gnu-toolchain/bin/../lib/gcc/arm-none-eabi/5.3.1/../../../../arm-none-eabi/lib/armv7e-m\libc.a(lib_a-iprintf.o)
                0x00401530                iprintf
 .text.memset   0x00401558       0x9c c:/program files (x86)/atmel/studio/7.0/toolchain/arm/arm-gnu-toolchain/bin/../lib/gcc/arm-none-eabi/5.3.1/../../../../arm-none-eabi/lib/armv7e-m\libc.a(lib_a-memset.o)
                0x00401558                memset
 .text._puts_r  0x004015f4       0x68 c:/program files (x86)/atmel/studio/7.0/toolchain/arm/arm-gnu-toolchain/bin/../lib/gcc/arm-none-eabi/5.3.1/../../../../arm-none-eabi/lib/armv7e-m\libc.a(lib_a-puts.o)
                0x004015f4                _puts_r
 .text.puts     0x0040165c       0x10 c:/program files (x86)/atmel/studio/7.0/toolchain/arm/arm-gnu-toolchain/bin/../lib/gcc/arm-none-eabi/5.3.1/../../../../arm-none-eabi/lib/armv7e-m\libc.a(lib_a-puts.o)
                0x0040165c                puts
 .text.setbuf   0x0040166c       0x10 c:/program files (x86)/atmel/studio/7.0/toolchain/arm/arm-gnu-toolchain/bin/../lib/gcc/arm-none-eabi/5.3.1/../../../../arm-none-eabi/lib/armv7e-m\libc.a(lib_a-setbuf.o)
                0x0040166c                setbuf
 .text.setvbuf  0x0040167c      0x150 c:/program files (x86)/atmel/studio/7.0/toolchain/arm/arm-gnu-toolchain/bin/../lib/gcc/arm-none-eabi/5.3.1/../../../../arm-none-eabi/lib/armv7e-m\libc.a(lib_a-setvbuf.o)
                0x0040167c                setvbuf
 *fill*         0x004017cc       0x34 
 .text          0x00401800       0xdc c:/program files (x86)/atmel/studio/7.0/toolchain/arm/arm-gnu-toolchain/bin/../lib/gcc/arm-none-eabi/5.3.1/../../../../arm-none-eabi/lib/armv7e-m\libc.a(lib_a-strlen.o)
                0x00401800                strlen
 .text.__sprint_r.part.0
                0x004018dc       0x78 c:/program files (x86)/atmel/studio/7.0/toolchain/arm/arm-gnu-toolchain/bin/../lib/gcc/arm-none-eabi/5.3.1/../../../../arm-none-eabi/lib/armv7e-m\libc.a(lib_a-vfiprintf.o)
 .text._vfiprintf_r
                0x00401954      0xdfc c:/program files (x86)/atmel/studio/7.0/toolchain/arm/arm-gnu-toolchain/bin/../lib/gcc/arm-none-eabi/5.3.1/../../../../arm-none-eabi/lib/armv7e-m\libc.a(lib_a-vfiprintf.o)
                0x00401954                _vfiprintf_r
 .text.__sbprintf
                0x00402750       0x6c c:/program files (x86)/atmel/studio/7.0/toolchain/arm/arm-gnu-toolchain/bin/../lib/gcc/arm-none-eabi/5.3.1/../../../../arm-none-eabi/lib/armv7e-m\libc.a(lib_a-vfiprintf.o)
 .text.__swsetup_r
                0x004027bc       0xc8 c:/program files (x86)/atmel/studio/7.0/toolchain/arm/arm-gnu-toolchain/bin/../lib/gcc/arm-none-eabi/5.3.1/../../../../arm-none-eabi/lib/armv7e-m\libc.a(lib_a-wsetup.o)
                0x004027bc                __swsetup_r
 .text.startup.register_fini
                0x00402884       0x14 c:/program files (x86)/atmel/studio/7.0/toolchain/arm/arm-gnu-toolchain/bin/../lib/gcc/arm-none-eabi/5.3.1/../../../../arm-none-eabi/lib/armv7e-m\libc.a(lib_a-__call_atexit.o)
 .text.atexit   0x00402898        0xc c:/program files (x86)/atmel/studio/7.0/toolchain/arm/arm-gnu-toolchain/bin/../lib/gcc/arm-none-eabi/5.3.1/../../../../arm-none-eabi/lib/armv7e-m\libc.a(lib_a-atexit.o)
                0x00402898                atexit
 .text.__sflush_r
                0x004028a4      0x148 c:/program files (x86)/atmel/studio/7.0/toolchain/arm/arm-gnu-toolchain/bin/../lib/gcc/arm-none-eabi/5.3.1/../../../../arm-none-eabi/lib/armv7e-m\libc.a(lib_a-fflush.o)
                0x004028a4                __sflush_r
 .text._fflush_r
                0x004029ec       0x2c c:/program files (x86)/atmel/studio/7.0/toolchain/arm/arm-gnu-toolchain/bin/../lib/gcc/arm-none-eabi/5.3.1/../../../../arm-none-eabi/lib/armv7e-m\libc.a(lib_a-fflush.o)
                0x004029ec                _fflush_r
 .text._cleanup_r
                0x00402a18        0xc c:/program files (x86)/atmel/studio/7.0/toolchain/arm/arm-gnu-toolchain/bin/../lib/gcc/arm-none-eabi/5.3.1/../../../../arm-none-eabi/lib/armv7e-m\libc.a(lib_a-findfp.o)
                0x00402a18                _cleanup_r
 .text.__sinit.part.1
                0x00402a24       0xf0 c:/program files (x86)/atmel/studio/7.0/toolchain/arm/arm-gnu-toolchain/bin/../lib/gcc/arm-none-eabi/5.3.1/../../../../arm-none-eabi/lib/armv7e-m\libc.a(lib_a-findfp.o)
 .text.__sinit  0x00402b14        0xc c:/program files (x86)/atmel/studio/7.0/toolchain/arm/arm-gnu-toolchain/bin/../lib/gcc/arm-none-eabi/5.3.1/../../../../arm-none-eabi/lib/armv7e-m\libc.a(lib_a-findfp.o)
                0x00402b14                __sinit
 .text.__sfp_lock_acquire
                0x00402b20        0x4 c:/program files (x86)/atmel/studio/7.0/toolchain/arm/arm-gnu-toolchain/bin/../lib/gcc/arm-none-eabi/5.3.1/../../../../arm-none-eabi/lib/armv7e-m\libc.a(lib_a-findfp.o)
                0x00402b20                __sfp_lock_acquire
 .text.__sfp_lock_release
                0x00402b24        0x4 c:/program files (x86)/atmel/studio/7.0/toolchain/arm/arm-gnu-toolchain/bin/../lib/gcc/arm-none-eabi/5.3.1/../../../../arm-none-eabi/lib/armv7e-m\libc.a(lib_a-findfp.o)
                0x00402b24                __sfp_lock_release
 .text.__libc_fini_array
                0x00402b28       0x28 c:/program files (x86)/atmel/studio/7.0/toolchain/arm/arm-gnu-toolchain/bin/../lib/gcc/arm-none-eabi/5.3.1/../../../../arm-none-eabi/lib/armv7e-m\libc.a(lib_a-fini.o)
                0x00402b28                __libc_fini_array
 .text.__fputwc
                0x00402b50       0x98 c:/program files (x86)/atmel/studio/7.0/toolchain/arm/arm-gnu-toolchain/bin/../lib/gcc/arm-none-eabi/5.3.1/../../../../arm-none-eabi/lib/armv7e-m\libc.a(lib_a-fputwc.o)
                0x00402b50                __fputwc
 .text._fputwc_r
                0x00402be8       0x24 c:/program files (x86)/atmel/studio/7.0/toolchain/arm/arm-gnu-toolchain/bin/../lib/gcc/arm-none-eabi/5.3.1/../../../../arm-none-eabi/lib/armv7e-m\libc.a(lib_a-fputwc.o)
                0x00402be8                _fputwc_r
 .text._malloc_trim_r
                0x00402c0c       0x9c c:/program files (x86)/atmel/studio/7.0/toolchain/arm/arm-gnu-toolchain/bin/../lib/gcc/arm-none-eabi/5.3.1/../../../../arm-none-eabi/lib/armv7e-m\libc.a(lib_a-freer.o)
                0x00402c0c                _malloc_trim_r
 .text._free_r  0x00402ca8      0x1d0 c:/program files (x86)/atmel/studio/7.0/toolchain/arm/arm-gnu-toolchain/bin/../lib/gcc/arm-none-eabi/5.3.1/../../../../arm-none-eabi/lib/armv7e-m\libc.a(lib_a-freer.o)
                0x00402ca8                _free_r
 .text.__sfvwrite_r
                0x00402e78      0x304 c:/program files (x86)/atmel/studio/7.0/toolchain/arm/arm-gnu-toolchain/bin/../lib/gcc/arm-none-eabi/5.3.1/../../../../arm-none-eabi/lib/armv7e-m\libc.a(lib_a-fvwrite.o)
                0x00402e78                __sfvwrite_r
 .text._fwalk_reent
                0x0040317c       0x54 c:/program files (x86)/atmel/studio/7.0/toolchain/arm/arm-gnu-toolchain/bin/../lib/gcc/arm-none-eabi/5.3.1/../../../../arm-none-eabi/lib/armv7e-m\libc.a(lib_a-fwalk.o)
                0x0040317c                _fwalk_reent
 .text.__locale_charset
                0x004031d0        0x8 c:/program files (x86)/atmel/studio/7.0/toolchain/arm/arm-gnu-toolchain/bin/../lib/gcc/arm-none-eabi/5.3.1/../../../../arm-none-eabi/lib/armv7e-m\libc.a(lib_a-locale.o)
                0x004031d0                __locale_charset
 .text.__locale_mb_cur_max
                0x004031d8        0xc c:/program files (x86)/atmel/studio/7.0/toolchain/arm/arm-gnu-toolchain/bin/../lib/gcc/arm-none-eabi/5.3.1/../../../../arm-none-eabi/lib/armv7e-m\libc.a(lib_a-locale.o)
                0x004031d8                __locale_mb_cur_max
 .text.__swhatbuf_r
                0x004031e4       0x60 c:/program files (x86)/atmel/studio/7.0/toolchain/arm/arm-gnu-toolchain/bin/../lib/gcc/arm-none-eabi/5.3.1/../../../../arm-none-eabi/lib/armv7e-m\libc.a(lib_a-makebuf.o)
                0x004031e4                __swhatbuf_r
 .text.__smakebuf_r
                0x00403244       0x88 c:/program files (x86)/atmel/studio/7.0/toolchain/arm/arm-gnu-toolchain/bin/../lib/gcc/arm-none-eabi/5.3.1/../../../../arm-none-eabi/lib/armv7e-m\libc.a(lib_a-makebuf.o)
                0x00403244                __smakebuf_r
 .text.malloc   0x004032cc       0x10 c:/program files (x86)/atmel/studio/7.0/toolchain/arm/arm-gnu-toolchain/bin/../lib/gcc/arm-none-eabi/5.3.1/../../../../arm-none-eabi/lib/armv7e-m\libc.a(lib_a-malloc.o)
                0x004032cc                malloc
 .text._malloc_r
                0x004032dc      0x570 c:/program files (x86)/atmel/studio/7.0/toolchain/arm/arm-gnu-toolchain/bin/../lib/gcc/arm-none-eabi/5.3.1/../../../../arm-none-eabi/lib/armv7e-m\libc.a(lib_a-mallocr.o)
                0x004032dc                _malloc_r
 *fill*         0x0040384c        0x4 
 .text          0x00403850       0xa0 c:/program files (x86)/atmel/studio/7.0/toolchain/arm/arm-gnu-toolchain/bin/../lib/gcc/arm-none-eabi/5.3.1/../../../../arm-none-eabi/lib/armv7e-m\libc.a(lib_a-memchr.o)
                0x00403850                memchr
 .text          0x004038f0      0x134 c:/program files (x86)/atmel/studio/7.0/toolchain/arm/arm-gnu-toolchain/bin/../lib/gcc/arm-none-eabi/5.3.1/../../../../arm-none-eabi/lib/armv7e-m\libc.a(lib_a-memcpy.o)
                0x004038f0                memcpy
 .text.memmove  0x00403a24       0xc8 c:/program files (x86)/atmel/studio/7.0/toolchain/arm/arm-gnu-toolchain/bin/../lib/gcc/arm-none-eabi/5.3.1/../../../../arm-none-eabi/lib/armv7e-m\libc.a(lib_a-memmove.o)
                0x00403a24                memmove
 .text.__malloc_lock
                0x00403aec        0x4 c:/program files (x86)/atmel/studio/7.0/toolchain/arm/arm-gnu-toolchain/bin/../lib/gcc/arm-none-eabi/5.3.1/../../../../arm-none-eabi/lib/armv7e-m\libc.a(lib_a-mlock.o)
                0x00403aec                __malloc_lock
 .text.__malloc_unlock
                0x00403af0        0x4 c:/program files (x86)/atmel/studio/7.0/toolchain/arm/arm-gnu-toolchain/bin/../lib/gcc/arm-none-eabi/5.3.1/../../../../arm-none-eabi/lib/armv7e-m\libc.a(lib_a-mlock.o)
                0x00403af0                __malloc_unlock
 .text._realloc_r
                0x00403af4      0x3e0 c:/program files (x86)/atmel/studio/7.0/toolchain/arm/arm-gnu-toolchain/bin/../lib/gcc/arm-none-eabi/5.3.1/../../../../arm-none-eabi/lib/armv7e-m\libc.a(lib_a-reallocr.o)
                0x00403af4                _realloc_r
 .text._sbrk_r  0x00403ed4       0x24 c:/program files (x86)/atmel/studio/7.0/toolchain/arm/arm-gnu-toolchain/bin/../lib/gcc/arm-none-eabi/5.3.1/../../../../arm-none-eabi/lib/armv7e-m\libc.a(lib_a-sbrkr.o)
                0x00403ed4                _sbrk_r
 .text.__sread  0x00403ef8       0x24 c:/program files (x86)/atmel/studio/7.0/toolchain/arm/arm-gnu-toolchain/bin/../lib/gcc/arm-none-eabi/5.3.1/../../../../arm-none-eabi/lib/armv7e-m\libc.a(lib_a-stdio.o)
                0x00403ef8                __sread
 .text.__swrite
                0x00403f1c       0x3c c:/program files (x86)/atmel/studio/7.0/toolchain/arm/arm-gnu-toolchain/bin/../lib/gcc/arm-none-eabi/5.3.1/../../../../arm-none-eabi/lib/armv7e-m\libc.a(lib_a-stdio.o)
                0x00403f1c                __swrite
 .text.__sseek  0x00403f58       0x20 c:/program files (x86)/atmel/studio/7.0/toolchain/arm/arm-gnu-toolchain/bin/../lib/gcc/arm-none-eabi/5.3.1/../../../../arm-none-eabi/lib/armv7e-m\libc.a(lib_a-stdio.o)
                0x00403f58                __sseek
 .text.__sclose
                0x00403f78        0x8 c:/program files (x86)/atmel/studio/7.0/toolchain/arm/arm-gnu-toolchain/bin/../lib/gcc/arm-none-eabi/5.3.1/../../../../arm-none-eabi/lib/armv7e-m\libc.a(lib_a-stdio.o)
                0x00403f78                __sclose
 .text.__swbuf_r
                0x00403f80       0xac c:/program files (x86)/atmel/studio/7.0/toolchain/arm/arm-gnu-toolchain/bin/../lib/gcc/arm-none-eabi/5.3.1/../../../../arm-none-eabi/lib/armv7e-m\libc.a(lib_a-wbuf.o)
                0x00403f80                __swbuf_r
 .text._wcrtomb_r
                0x0040402c       0x54 c:/program files (x86)/atmel/studio/7.0/toolchain/arm/arm-gnu-toolchain/bin/../lib/gcc/arm-none-eabi/5.3.1/../../../../arm-none-eabi/lib/armv7e-m\libc.a(lib_a-wcrtomb.o)
                0x0040402c                _wcrtomb_r
 .text.__ascii_wctomb
                0x00404080       0x1c c:/program files (x86)/atmel/studio/7.0/toolchain/arm/arm-gnu-toolchain/bin/../lib/gcc/arm-none-eabi/5.3.1/../../../../arm-none-eabi/lib/armv7e-m\libc.a(lib_a-wctomb_r.o)
                0x00404080                __ascii_wctomb
 .text._write_r
                0x0040409c       0x2c c:/program files (x86)/atmel/studio/7.0/toolchain/arm/arm-gnu-toolchain/bin/../lib/gcc/arm-none-eabi/5.3.1/../../../../arm-none-eabi/lib/armv7e-m\libc.a(lib_a-writer.o)
                0x0040409c                _write_r
 .text.__register_exitproc
                0x004040c8       0xa4 c:/program files (x86)/atmel/studio/7.0/toolchain/arm/arm-gnu-toolchain/bin/../lib/gcc/arm-none-eabi/5.3.1/../../../../arm-none-eabi/lib/armv7e-m\libc.a(lib_a-__atexit.o)
                0x004040c8                __register_exitproc
 .text._close_r
                0x0040416c       0x24 c:/program files (x86)/atmel/studio/7.0/toolchain/arm/arm-gnu-toolchain/bin/../lib/gcc/arm-none-eabi/5.3.1/../../../../arm-none-eabi/lib/armv7e-m\libc.a(lib_a-closer.o)
                0x0040416c                _close_r
 .text._fclose_r
                0x00404190       0x84 c:/program files (x86)/atmel/studio/7.0/toolchain/arm/arm-gnu-toolchain/bin/../lib/gcc/arm-none-eabi/5.3.1/../../../../arm-none-eabi/lib/armv7e-m\libc.a(lib_a-fclose.o)
                0x00404190                _fclose_r
 .text._fstat_r
                0x00404214       0x28 c:/program files (x86)/atmel/studio/7.0/toolchain/arm/arm-gnu-toolchain/bin/../lib/gcc/arm-none-eabi/5.3.1/../../../../arm-none-eabi/lib/armv7e-m\libc.a(lib_a-fstatr.o)
                0x00404214                _fstat_r
 .text._isatty_r
                0x0040423c       0x24 c:/program files (x86)/atmel/studio/7.0/toolchain/arm/arm-gnu-toolchain/bin/../lib/gcc/arm-none-eabi/5.3.1/../../../../arm-none-eabi/lib/armv7e-m\libc.a(lib_a-isattyr.o)
                0x0040423c                _isatty_r
 .text._lseek_r
                0x00404260       0x2c c:/program files (x86)/atmel/studio/7.0/toolchain/arm/arm-gnu-toolchain/bin/../lib/gcc/arm-none-eabi/5.3.1/../../../../arm-none-eabi/lib/armv7e-m\libc.a(lib_a-lseekr.o)
                0x00404260                _lseek_r
 .text._read_r  0x0040428c       0x2c c:/program files (x86)/atmel/studio/7.0/toolchain/arm/arm-gnu-toolchain/bin/../lib/gcc/arm-none-eabi/5.3.1/../../../../arm-none-eabi/lib/armv7e-m\libc.a(lib_a-readr.o)
                0x0040428c                _read_r
 .text          0x004042b8       0x30 c:/program files (x86)/atmel/studio/7.0/toolchain/arm/arm-gnu-toolchain/bin/../lib/gcc/arm-none-eabi/5.3.1/armv7e-m\libgcc.a(_aeabi_uldivmod.o)
                0x004042b8                __aeabi_uldivmod
 .text          0x004042e8      0x2e4 c:/program files (x86)/atmel/studio/7.0/toolchain/arm/arm-gnu-toolchain/bin/../lib/gcc/arm-none-eabi/5.3.1/armv7e-m\libgcc.a(_udivmoddi4.o)
                0x004042e8                __udivmoddi4
 .text          0x004045cc        0x4 c:/program files (x86)/atmel/studio/7.0/toolchain/arm/arm-gnu-toolchain/bin/../lib/gcc/arm-none-eabi/5.3.1/armv7e-m\libgcc.a(_dvmd_tls.o)
                0x004045cc                __aeabi_idiv0
                0x004045cc                __aeabi_ldiv0
 *(.glue_7t)
 .glue_7t       0x004045d0        0x0 linker stubs
 *(.glue_7)
 .glue_7        0x004045d0        0x0 linker stubs
 *(.rodata .rodata* .gnu.linkonce.r.*)
 .rodata.str1.4
                0x004045d0       0x94 src/main.o
 .rodata.str1.4
                0x00404664        0x2 c:/program files (x86)/atmel/studio/7.0/toolchain/arm/arm-gnu-toolchain/bin/../lib/gcc/arm-none-eabi/5.3.1/../../../../arm-none-eabi/lib/armv7e-m\libc.a(lib_a-impure.o)
 *fill*         0x00404666        0x2 
 .rodata._global_impure_ptr
                0x00404668        0x4 c:/program files (x86)/atmel/studio/7.0/toolchain/arm/arm-gnu-toolchain/bin/../lib/gcc/arm-none-eabi/5.3.1/../../../../arm-none-eabi/lib/armv7e-m\libc.a(lib_a-impure.o)
                0x00404668                _global_impure_ptr
 .rodata.str1.4
                0x0040466c        0x2 c:/program files (x86)/atmel/studio/7.0/toolchain/arm/arm-gnu-toolchain/bin/../lib/gcc/arm-none-eabi/5.3.1/../../../../arm-none-eabi/lib/armv7e-m\libc.a(lib_a-puts.o)
 *fill*         0x0040466e        0x2 
 .rodata.zeroes.6993
                0x00404670       0x10 c:/program files (x86)/atmel/studio/7.0/toolchain/arm/arm-gnu-toolchain/bin/../lib/gcc/arm-none-eabi/5.3.1/../../../../arm-none-eabi/lib/armv7e-m\libc.a(lib_a-vfiprintf.o)
 .rodata.str1.4
                0x00404680       0x30 c:/program files (x86)/atmel/studio/7.0/toolchain/arm/arm-gnu-toolchain/bin/../lib/gcc/arm-none-eabi/5.3.1/../../../../arm-none-eabi/lib/armv7e-m\libc.a(lib_a-vfiprintf.o)
                                 0x2f (size before relaxing)
 .rodata.blanks.6992
                0x004046b0       0x10 c:/program files (x86)/atmel/studio/7.0/toolchain/arm/arm-gnu-toolchain/bin/../lib/gcc/arm-none-eabi/5.3.1/../../../../arm-none-eabi/lib/armv7e-m\libc.a(lib_a-vfiprintf.o)
 *(.ARM.extab* .gnu.linkonce.armextab.*)
                0x004046c0                . = ALIGN (0x4)
 *(.init)
 .init          0x004046c0        0x4 c:/program files (x86)/atmel/studio/7.0/toolchain/arm/arm-gnu-toolchain/bin/../lib/gcc/arm-none-eabi/5.3.1/armv7e-m/crti.o
                0x004046c0                _init
 .init          0x004046c4        0x8 c:/program files (x86)/atmel/studio/7.0/toolchain/arm/arm-gnu-toolchain/bin/../lib/gcc/arm-none-eabi/5.3.1/armv7e-m/crtn.o
                0x004046cc                . = ALIGN (0x4)
                0x004046cc                __preinit_array_start = .
 *(.preinit_array)
                0x004046cc                __preinit_array_end = .
                0x004046cc                . = ALIGN (0x4)
                0x004046cc                __init_array_start = .
 *(SORT(.init_array.*))
 .init_array.00000
                0x004046cc        0x4 c:/program files (x86)/atmel/studio/7.0/toolchain/arm/arm-gnu-toolchain/bin/../lib/gcc/arm-none-eabi/5.3.1/../../../../arm-none-eabi/lib/armv7e-m\libc.a(lib_a-__call_atexit.o)
 *(.init_array)
 .init_array    0x004046d0        0x4 c:/program files (x86)/atmel/studio/7.0/toolchain/arm/arm-gnu-toolchain/bin/../lib/gcc/arm-none-eabi/5.3.1/armv7e-m/crtbegin.o
                0x004046d4                __init_array_end = .
                0x004046d4                . = ALIGN (0x4)
 *crtbegin.o(.ctors)
 *(EXCLUDE_FILE(*crtend.o) .ctors)
 *(SORT(.ctors.*))
 *crtend.o(.ctors)
                0x004046d4                . = ALIGN (0x4)
 *(.fini)
 .fini          0x004046d4        0x4 c:/program files (x86)/atmel/studio/7.0/toolchain/arm/arm-gnu-toolchain/bin/../lib/gcc/arm-none-eabi/5.3.1/armv7e-m/crti.o
                0x004046d4                _fini
 .fini          0x004046d8        0x8 c:/program files (x86)/atmel/studio/7.0/toolchain/arm/arm-gnu-toolchain/bin/../lib/gcc/arm-none-eabi/5.3.1/armv7e-m/crtn.o
                0x004046e0                . = ALIGN (0x4)
                0x004046e0                __fini_array_start = .
 *(.fini_array)
 .fini_array    0x004046e0        0x4 c:/program files (x86)/atmel/studio/7.0/toolchain/arm/arm-gnu-toolchain/bin/../lib/gcc/arm-none-eabi/5.3.1/armv7e-m/crtbegin.o
 *(SORT(.fini_array.*))
                0x004046e4                __fini_array_end = .
 *crtbegin.o(.dtors)
 *(EXCLUDE_FILE(*crtend.o) .dtors)
 *(SORT(.dtors.*))
 *crtend.o(.dtors)
                0x004046e4                . = ALIGN (0x4)
                0x004046e4                _efixed = .
                [!provide]                PROVIDE (__exidx_start, .)

.vfp11_veneer   0x004046e4        0x0
 .vfp11_veneer  0x004046e4        0x0 linker stubs

.v4_bx          0x004046e4        0x0
 .v4_bx         0x004046e4        0x0 linker stubs

.iplt           0x004046e4        0x0
 .iplt          0x004046e4        0x0 c:/program files (x86)/atmel/studio/7.0/toolchain/arm/arm-gnu-toolchain/bin/../lib/gcc/arm-none-eabi/5.3.1/armv7e-m/crtbegin.o

.ARM.exidx      0x004046e4        0x8
 *(.ARM.exidx* .gnu.linkonce.armexidx.*)
 .ARM.exidx     0x004046e4        0x8 c:/program files (x86)/atmel/studio/7.0/toolchain/arm/arm-gnu-toolchain/bin/../lib/gcc/arm-none-eabi/5.3.1/armv7e-m\libgcc.a(_udivmoddi4.o)
                [!provide]                PROVIDE (__exidx_end, .)

.eh_frame       0x004046ec        0x0
 .eh_frame      0x004046ec        0x0 c:/program files (x86)/atmel/studio/7.0/toolchain/arm/arm-gnu-toolchain/bin/../lib/gcc/arm-none-eabi/5.3.1/armv7e-m/crtbegin.o

.rel.dyn        0x004046ec        0x0
 .rel.iplt      0x004046ec        0x0 c:/program files (x86)/atmel/studio/7.0/toolchain/arm/arm-gnu-toolchain/bin/../lib/gcc/arm-none-eabi/5.3.1/armv7e-m/crtbegin.o

.jcr            0x004046ec        0x0
 .jcr           0x004046ec        0x0 c:/program files (x86)/atmel/studio/7.0/toolchain/arm/arm-gnu-toolchain/bin/../lib/gcc/arm-none-eabi/5.3.1/armv7e-m/crtbegin.o

.igot.plt       0x004046ec        0x0
 .igot.plt      0x004046ec        0x0 c:/program files (x86)/atmel/studio/7.0/toolchain/arm/arm-gnu-toolchain/bin/../lib/gcc/arm-none-eabi/5.3.1/armv7e-m/crtbegin.o
                0x004046ec                . = ALIGN (0x4)
                0x004046ec                _etext = .

.relocate       0x20400000      0x86c load address 0x004046ec
                0x20400000                . = ALIGN (0x4)
                0x20400000                _srelocate = .
 *(.ramfunc .ramfunc.*)
 *(.data .data.*)
 .data.g_interrupt_enabled
                0x20400000        0x1 src/ASF/common/utils/interrupt/interrupt_sam_nvic.o
                0x20400000                g_interrupt_enabled
 *fill*         0x20400001        0x3 
 .data.SystemCoreClock
                0x20400004        0x4 src/ASF/sam/utils/cmsis/same70/source/templates/system_same70.o
                0x20400004                SystemCoreClock
 .data.impure_data
                0x20400008      0x428 c:/program files (x86)/atmel/studio/7.0/toolchain/arm/arm-gnu-toolchain/bin/../lib/gcc/arm-none-eabi/5.3.1/../../../../arm-none-eabi/lib/armv7e-m\libc.a(lib_a-impure.o)
 .data._impure_ptr
                0x20400430        0x4 c:/program files (x86)/atmel/studio/7.0/toolchain/arm/arm-gnu-toolchain/bin/../lib/gcc/arm-none-eabi/5.3.1/../../../../arm-none-eabi/lib/armv7e-m\libc.a(lib_a-impure.o)
                0x20400430                _impure_ptr
 .data.lc_ctype_charset
                0x20400434       0x20 c:/program files (x86)/atmel/studio/7.0/toolchain/arm/arm-gnu-toolchain/bin/../lib/gcc/arm-none-eabi/5.3.1/../../../../arm-none-eabi/lib/armv7e-m\libc.a(lib_a-locale.o)
 .data.__mb_cur_max
                0x20400454        0x4 c:/program files (x86)/atmel/studio/7.0/toolchain/arm/arm-gnu-toolchain/bin/../lib/gcc/arm-none-eabi/5.3.1/../../../../arm-none-eabi/lib/armv7e-m\libc.a(lib_a-locale.o)
                0x20400454                __mb_cur_max
 .data.__malloc_av_
                0x20400458      0x408 c:/program files (x86)/atmel/studio/7.0/toolchain/arm/arm-gnu-toolchain/bin/../lib/gcc/arm-none-eabi/5.3.1/../../../../arm-none-eabi/lib/armv7e-m\libc.a(lib_a-mallocr.o)
                0x20400458                __malloc_av_
 .data.__malloc_trim_threshold
                0x20400860        0x4 c:/program files (x86)/atmel/studio/7.0/toolchain/arm/arm-gnu-toolchain/bin/../lib/gcc/arm-none-eabi/5.3.1/../../../../arm-none-eabi/lib/armv7e-m\libc.a(lib_a-mallocr.o)
                0x20400860                __malloc_trim_threshold
 .data.__malloc_sbrk_base
                0x20400864        0x4 c:/program files (x86)/atmel/studio/7.0/toolchain/arm/arm-gnu-toolchain/bin/../lib/gcc/arm-none-eabi/5.3.1/../../../../arm-none-eabi/lib/armv7e-m\libc.a(lib_a-mallocr.o)
                0x20400864                __malloc_sbrk_base
 .data.__wctomb
                0x20400868        0x4 c:/program files (x86)/atmel/studio/7.0/toolchain/arm/arm-gnu-toolchain/bin/../lib/gcc/arm-none-eabi/5.3.1/../../../../arm-none-eabi/lib/armv7e-m\libc.a(lib_a-wctomb_r.o)
                0x20400868                __wctomb
                0x2040086c                . = ALIGN (0x4)
                0x2040086c                _erelocate = .

.bss            0x2040086c      0x168 load address 0x00404f58
                0x2040086c                . = ALIGN (0x4)
                0x2040086c                _sbss = .
                0x2040086c                _szero = .
 *(.bss .bss.*)
 .bss           0x2040086c       0x1c c:/program files (x86)/atmel/studio/7.0/toolchain/arm/arm-gnu-toolchain/bin/../lib/gcc/arm-none-eabi/5.3.1/armv7e-m/crtbegin.o
 .bss.is_conversion_done
                0x20400888        0x1 src/main.o
                0x20400888                is_conversion_done
 *fill*         0x20400889        0x3 
 .bss.g_ul_value
                0x2040088c        0x4 src/main.o
                0x2040088c                g_ul_value
 .bss.gs_interrupt_sources
                0x20400890       0x70 src/ASF/sam/drivers/pio/pio_handler.o
 .bss.ul_reg_val.8198
                0x20400900        0x4 src/ASF/sam/drivers/usart/usart.o
 .bss.heap.5289
                0x20400904        0x4 src/ASF/sam/utils/syscalls/gcc/syscalls.o
 .bss.__malloc_max_total_mem
                0x20400908        0x4 c:/program files (x86)/atmel/studio/7.0/toolchain/arm/arm-gnu-toolchain/bin/../lib/gcc/arm-none-eabi/5.3.1/../../../../arm-none-eabi/lib/armv7e-m\libc.a(lib_a-mallocr.o)
                0x20400908                __malloc_max_total_mem
 .bss.__malloc_max_sbrked_mem
                0x2040090c        0x4 c:/program files (x86)/atmel/studio/7.0/toolchain/arm/arm-gnu-toolchain/bin/../lib/gcc/arm-none-eabi/5.3.1/../../../../arm-none-eabi/lib/armv7e-m\libc.a(lib_a-mallocr.o)
                0x2040090c                __malloc_max_sbrked_mem
 .bss.__malloc_top_pad
                0x20400910        0x4 c:/program files (x86)/atmel/studio/7.0/toolchain/arm/arm-gnu-toolchain/bin/../lib/gcc/arm-none-eabi/5.3.1/../../../../arm-none-eabi/lib/armv7e-m\libc.a(lib_a-mallocr.o)
                0x20400910                __malloc_top_pad
 .bss.__malloc_current_mallinfo
                0x20400914       0x28 c:/program files (x86)/atmel/studio/7.0/toolchain/arm/arm-gnu-toolchain/bin/../lib/gcc/arm-none-eabi/5.3.1/../../../../arm-none-eabi/lib/armv7e-m\libc.a(lib_a-mallocr.o)
                0x20400914                __malloc_current_mallinfo
 *(COMMON)
 COMMON         0x2040093c        0x6 src/ASF/common/services/sleepmgr/sam/sleepmgr.o
                0x2040093c                sleepmgr_locks
 *fill*         0x20400942        0x2 
 COMMON         0x20400944        0x4 src/ASF/common/utils/stdio/read.o
                0x20400944                ptr_get
 COMMON         0x20400948        0x8 src/ASF/common/utils/stdio/write.o
                0x20400948                ptr_put
                0x2040094c                stdio_base
 COMMON         0x20400950       0x80 src/ASF/sam/drivers/afec/afec.o
                0x20400950                afec_callback_pointer
 COMMON         0x204009d0        0x4 c:/program files (x86)/atmel/studio/7.0/toolchain/arm/arm-gnu-toolchain/bin/../lib/gcc/arm-none-eabi/5.3.1/../../../../arm-none-eabi/lib/armv7e-m\libc.a(lib_a-reent.o)
                0x204009d0                errno
                0x204009d4                . = ALIGN (0x4)
                0x204009d4                _ebss = .
                0x204009d4                _ezero = .

.stack          0x204009d4     0x2004 load address 0x004050c0
                0x204009d8                . = ALIGN (0x8)
 *fill*         0x204009d4        0x4 
                0x204009d8                _sstack = .
                0x204029d8                . = (. + STACK_SIZE)
 *fill*         0x204009d8     0x2000 
                0x204029d8                . = ALIGN (0x8)
                0x204029d8                _estack = .

.heap           0x204029d8      0x200 load address 0x004070c4
                0x204029d8                . = ALIGN (0x8)
                0x204029d8                _sheap = .
                0x20402bd8                . = (. + HEAP_SIZE)
 *fill*         0x204029d8      0x200 
                0x20402bd8                . = ALIGN (0x8)
                0x20402bd8                _eheap = .
                0x20402bd8                . = ALIGN (0x4)
                0x20402bd8                _end = .
                0x2045ffff                _ram_end_ = ((ORIGIN (ram) + LENGTH (ram)) - 0x1)
OUTPUT(12-ADC.elf elf32-littlearm)

.ARM.attributes
                0x00000000       0x2e
 .ARM.attributes
                0x00000000       0x1e c:/program files (x86)/atmel/studio/7.0/toolchain/arm/arm-gnu-toolchain/bin/../lib/gcc/arm-none-eabi/5.3.1/armv7e-m/crti.o
 .ARM.attributes
                0x0000001e       0x2e c:/program files (x86)/atmel/studio/7.0/toolchain/arm/arm-gnu-toolchain/bin/../lib/gcc/arm-none-eabi/5.3.1/armv7e-m/crtbegin.o
 .ARM.attributes
                0x0000004c       0x37 src/main.o
 .ARM.attributes
                0x00000083       0x37 src/ASF/sam/drivers/rtc/rtc.o
 .ARM.attributes
                0x000000ba       0x37 src/ASF/sam/drivers/tc/tc.o
 .ARM.attributes
                0x000000f1       0x37 src/ASF/common/services/clock/same70/sysclk.o
 .ARM.attributes
                0x00000128       0x37 src/ASF/common/services/sleepmgr/sam/sleepmgr.o
 .ARM.attributes
                0x0000015f       0x37 src/ASF/common/utils/interrupt/interrupt_sam_nvic.o
 .ARM.attributes
                0x00000196       0x37 src/ASF/common/utils/stdio/read.o
 .ARM.attributes
                0x000001cd       0x37 src/ASF/common/utils/stdio/write.o
 .ARM.attributes
                0x00000204       0x37 src/ASF/sam/boards/same70_xplained/init.o
 .ARM.attributes
                0x0000023b       0x37 src/ASF/sam/drivers/afec/afec.o
 .ARM.attributes
                0x00000272       0x37 src/ASF/sam/drivers/pio/pio.o
 .ARM.attributes
                0x000002a9       0x37 src/ASF/sam/drivers/pio/pio_handler.o
 .ARM.attributes
                0x000002e0       0x37 src/ASF/sam/drivers/pmc/pmc.o
 .ARM.attributes
                0x00000317       0x37 src/ASF/sam/drivers/uart/uart.o
 .ARM.attributes
                0x0000034e       0x37 src/ASF/sam/drivers/usart/usart.o
 .ARM.attributes
                0x00000385       0x37 src/ASF/sam/utils/cmsis/same70/source/templates/gcc/startup_same70.o
 .ARM.attributes
                0x000003bc       0x37 src/ASF/sam/utils/cmsis/same70/source/templates/system_same70.o
 .ARM.attributes
                0x000003f3       0x37 src/ASF/sam/utils/syscalls/gcc/syscalls.o
 .ARM.attributes
                0x0000042a       0x2e c:/program files (x86)/atmel/studio/7.0/toolchain/arm/arm-gnu-toolchain/bin/../lib/gcc/arm-none-eabi/5.3.1/../../../../arm-none-eabi/lib/armv7e-m\libc.a(lib_a-impure.o)
 .ARM.attributes
                0x00000458       0x2e c:/program files (x86)/atmel/studio/7.0/toolchain/arm/arm-gnu-toolchain/bin/../lib/gcc/arm-none-eabi/5.3.1/../../../../arm-none-eabi/lib/armv7e-m\libc.a(lib_a-init.o)
 .ARM.attributes
                0x00000486       0x2e c:/program files (x86)/atmel/studio/7.0/toolchain/arm/arm-gnu-toolchain/bin/../lib/gcc/arm-none-eabi/5.3.1/../../../../arm-none-eabi/lib/armv7e-m\libc.a(lib_a-iprintf.o)
 .ARM.attributes
                0x000004b4       0x2e c:/program files (x86)/atmel/studio/7.0/toolchain/arm/arm-gnu-toolchain/bin/../lib/gcc/arm-none-eabi/5.3.1/../../../../arm-none-eabi/lib/armv7e-m\libc.a(lib_a-memset.o)
 .ARM.attributes
                0x000004e2       0x2e c:/program files (x86)/atmel/studio/7.0/toolchain/arm/arm-gnu-toolchain/bin/../lib/gcc/arm-none-eabi/5.3.1/../../../../arm-none-eabi/lib/armv7e-m\libc.a(lib_a-puts.o)
 .ARM.attributes
                0x00000510       0x2e c:/program files (x86)/atmel/studio/7.0/toolchain/arm/arm-gnu-toolchain/bin/../lib/gcc/arm-none-eabi/5.3.1/../../../../arm-none-eabi/lib/armv7e-m\libc.a(lib_a-setbuf.o)
 .ARM.attributes
                0x0000053e       0x2e c:/program files (x86)/atmel/studio/7.0/toolchain/arm/arm-gnu-toolchain/bin/../lib/gcc/arm-none-eabi/5.3.1/../../../../arm-none-eabi/lib/armv7e-m\libc.a(lib_a-setvbuf.o)
 .ARM.attributes
                0x0000056c       0x1c c:/program files (x86)/atmel/studio/7.0/toolchain/arm/arm-gnu-toolchain/bin/../lib/gcc/arm-none-eabi/5.3.1/../../../../arm-none-eabi/lib/armv7e-m\libc.a(lib_a-strlen.o)
 .ARM.attributes
                0x00000588       0x2e c:/program files (x86)/atmel/studio/7.0/toolchain/arm/arm-gnu-toolchain/bin/../lib/gcc/arm-none-eabi/5.3.1/../../../../arm-none-eabi/lib/armv7e-m\libc.a(lib_a-vfiprintf.o)
 .ARM.attributes
                0x000005b6       0x2e c:/program files (x86)/atmel/studio/7.0/toolchain/arm/arm-gnu-toolchain/bin/../lib/gcc/arm-none-eabi/5.3.1/../../../../arm-none-eabi/lib/armv7e-m\libc.a(lib_a-wsetup.o)
 .ARM.attributes
                0x000005e4       0x2e c:/program files (x86)/atmel/studio/7.0/toolchain/arm/arm-gnu-toolchain/bin/../lib/gcc/arm-none-eabi/5.3.1/../../../../arm-none-eabi/lib/armv7e-m\libc.a(lib_a-__call_atexit.o)
 .ARM.attributes
                0x00000612       0x2e c:/program files (x86)/atmel/studio/7.0/toolchain/arm/arm-gnu-toolchain/bin/../lib/gcc/arm-none-eabi/5.3.1/../../../../arm-none-eabi/lib/armv7e-m\libc.a(lib_a-atexit.o)
 .ARM.attributes
                0x00000640       0x2e c:/program files (x86)/atmel/studio/7.0/toolchain/arm/arm-gnu-toolchain/bin/../lib/gcc/arm-none-eabi/5.3.1/../../../../arm-none-eabi/lib/armv7e-m\libc.a(lib_a-fflush.o)
 .ARM.attributes
                0x0000066e       0x2e c:/program files (x86)/atmel/studio/7.0/toolchain/arm/arm-gnu-toolchain/bin/../lib/gcc/arm-none-eabi/5.3.1/../../../../arm-none-eabi/lib/armv7e-m\libc.a(lib_a-findfp.o)
 .ARM.attributes
                0x0000069c       0x2e c:/program files (x86)/atmel/studio/7.0/toolchain/arm/arm-gnu-toolchain/bin/../lib/gcc/arm-none-eabi/5.3.1/../../../../arm-none-eabi/lib/armv7e-m\libc.a(lib_a-fini.o)
 .ARM.attributes
                0x000006ca       0x2e c:/program files (x86)/atmel/studio/7.0/toolchain/arm/arm-gnu-toolchain/bin/../lib/gcc/arm-none-eabi/5.3.1/../../../../arm-none-eabi/lib/armv7e-m\libc.a(lib_a-fputwc.o)
 .ARM.attributes
                0x000006f8       0x2e c:/program files (x86)/atmel/studio/7.0/toolchain/arm/arm-gnu-toolchain/bin/../lib/gcc/arm-none-eabi/5.3.1/../../../../arm-none-eabi/lib/armv7e-m\libc.a(lib_a-freer.o)
 .ARM.attributes
                0x00000726       0x2e c:/program files (x86)/atmel/studio/7.0/toolchain/arm/arm-gnu-toolchain/bin/../lib/gcc/arm-none-eabi/5.3.1/../../../../arm-none-eabi/lib/armv7e-m\libc.a(lib_a-fvwrite.o)
 .ARM.attributes
                0x00000754       0x2e c:/program files (x86)/atmel/studio/7.0/toolchain/arm/arm-gnu-toolchain/bin/../lib/gcc/arm-none-eabi/5.3.1/../../../../arm-none-eabi/lib/armv7e-m\libc.a(lib_a-fwalk.o)
 .ARM.attributes
                0x00000782       0x2e c:/program files (x86)/atmel/studio/7.0/toolchain/arm/arm-gnu-toolchain/bin/../lib/gcc/arm-none-eabi/5.3.1/../../../../arm-none-eabi/lib/armv7e-m\libc.a(lib_a-locale.o)
 .ARM.attributes
                0x000007b0       0x2e c:/program files (x86)/atmel/studio/7.0/toolchain/arm/arm-gnu-toolchain/bin/../lib/gcc/arm-none-eabi/5.3.1/../../../../arm-none-eabi/lib/armv7e-m\libc.a(lib_a-makebuf.o)
 .ARM.attributes
                0x000007de       0x2e c:/program files (x86)/atmel/studio/7.0/toolchain/arm/arm-gnu-toolchain/bin/../lib/gcc/arm-none-eabi/5.3.1/../../../../arm-none-eabi/lib/armv7e-m\libc.a(lib_a-malloc.o)
 .ARM.attributes
                0x0000080c       0x2e c:/program files (x86)/atmel/studio/7.0/toolchain/arm/arm-gnu-toolchain/bin/../lib/gcc/arm-none-eabi/5.3.1/../../../../arm-none-eabi/lib/armv7e-m\libc.a(lib_a-mallocr.o)
 .ARM.attributes
                0x0000083a       0x1c c:/program files (x86)/atmel/studio/7.0/toolchain/arm/arm-gnu-toolchain/bin/../lib/gcc/arm-none-eabi/5.3.1/../../../../arm-none-eabi/lib/armv7e-m\libc.a(lib_a-memchr.o)
 .ARM.attributes
                0x00000856       0x1c c:/program files (x86)/atmel/studio/7.0/toolchain/arm/arm-gnu-toolchain/bin/../lib/gcc/arm-none-eabi/5.3.1/../../../../arm-none-eabi/lib/armv7e-m\libc.a(lib_a-memcpy.o)
 .ARM.attributes
                0x00000872       0x2e c:/program files (x86)/atmel/studio/7.0/toolchain/arm/arm-gnu-toolchain/bin/../lib/gcc/arm-none-eabi/5.3.1/../../../../arm-none-eabi/lib/armv7e-m\libc.a(lib_a-memmove.o)
 .ARM.attributes
                0x000008a0       0x2e c:/program files (x86)/atmel/studio/7.0/toolchain/arm/arm-gnu-toolchain/bin/../lib/gcc/arm-none-eabi/5.3.1/../../../../arm-none-eabi/lib/armv7e-m\libc.a(lib_a-mlock.o)
 .ARM.attributes
                0x000008ce       0x2e c:/program files (x86)/atmel/studio/7.0/toolchain/arm/arm-gnu-toolchain/bin/../lib/gcc/arm-none-eabi/5.3.1/../../../../arm-none-eabi/lib/armv7e-m\libc.a(lib_a-reallocr.o)
 .ARM.attributes
                0x000008fc       0x2e c:/program files (x86)/atmel/studio/7.0/toolchain/arm/arm-gnu-toolchain/bin/../lib/gcc/arm-none-eabi/5.3.1/../../../../arm-none-eabi/lib/armv7e-m\libc.a(lib_a-sbrkr.o)
 .ARM.attributes
                0x0000092a       0x2e c:/program files (x86)/atmel/studio/7.0/toolchain/arm/arm-gnu-toolchain/bin/../lib/gcc/arm-none-eabi/5.3.1/../../../../arm-none-eabi/lib/armv7e-m\libc.a(lib_a-stdio.o)
 .ARM.attributes
                0x00000958       0x2e c:/program files (x86)/atmel/studio/7.0/toolchain/arm/arm-gnu-toolchain/bin/../lib/gcc/arm-none-eabi/5.3.1/../../../../arm-none-eabi/lib/armv7e-m\libc.a(lib_a-wbuf.o)
 .ARM.attributes
                0x00000986       0x2e c:/program files (x86)/atmel/studio/7.0/toolchain/arm/arm-gnu-toolchain/bin/../lib/gcc/arm-none-eabi/5.3.1/../../../../arm-none-eabi/lib/armv7e-m\libc.a(lib_a-wcrtomb.o)
 .ARM.attributes
                0x000009b4       0x2e c:/program files (x86)/atmel/studio/7.0/toolchain/arm/arm-gnu-toolchain/bin/../lib/gcc/arm-none-eabi/5.3.1/../../../../arm-none-eabi/lib/armv7e-m\libc.a(lib_a-wctomb_r.o)
 .ARM.attributes
                0x000009e2       0x2e c:/program files (x86)/atmel/studio/7.0/toolchain/arm/arm-gnu-toolchain/bin/../lib/gcc/arm-none-eabi/5.3.1/../../../../arm-none-eabi/lib/armv7e-m\libc.a(lib_a-writer.o)
 .ARM.attributes
                0x00000a10       0x2e c:/program files (x86)/atmel/studio/7.0/toolchain/arm/arm-gnu-toolchain/bin/../lib/gcc/arm-none-eabi/5.3.1/../../../../arm-none-eabi/lib/armv7e-m\libc.a(lib_a-__atexit.o)
 .ARM.attributes
                0x00000a3e       0x2e c:/program files (x86)/atmel/studio/7.0/toolchain/arm/arm-gnu-toolchain/bin/../lib/gcc/arm-none-eabi/5.3.1/../../../../arm-none-eabi/lib/armv7e-m\libc.a(lib_a-closer.o)
 .ARM.attributes
                0x00000a6c       0x2e c:/program files (x86)/atmel/studio/7.0/toolchain/arm/arm-gnu-toolchain/bin/../lib/gcc/arm-none-eabi/5.3.1/../../../../arm-none-eabi/lib/armv7e-m\libc.a(lib_a-fclose.o)
 .ARM.attributes
                0x00000a9a       0x2e c:/program files (x86)/atmel/studio/7.0/toolchain/arm/arm-gnu-toolchain/bin/../lib/gcc/arm-none-eabi/5.3.1/../../../../arm-none-eabi/lib/armv7e-m\libc.a(lib_a-fstatr.o)
 .ARM.attributes
                0x00000ac8       0x2e c:/program files (x86)/atmel/studio/7.0/toolchain/arm/arm-gnu-toolchain/bin/../lib/gcc/arm-none-eabi/5.3.1/../../../../arm-none-eabi/lib/armv7e-m\libc.a(lib_a-isattyr.o)
 .ARM.attributes
                0x00000af6       0x2e c:/program files (x86)/atmel/studio/7.0/toolchain/arm/arm-gnu-toolchain/bin/../lib/gcc/arm-none-eabi/5.3.1/../../../../arm-none-eabi/lib/armv7e-m\libc.a(lib_a-lseekr.o)
 .ARM.attributes
                0x00000b24       0x2e c:/program files (x86)/atmel/studio/7.0/toolchain/arm/arm-gnu-toolchain/bin/../lib/gcc/arm-none-eabi/5.3.1/../../../../arm-none-eabi/lib/armv7e-m\libc.a(lib_a-readr.o)
 .ARM.attributes
                0x00000b52       0x2e c:/program files (x86)/atmel/studio/7.0/toolchain/arm/arm-gnu-toolchain/bin/../lib/gcc/arm-none-eabi/5.3.1/../../../../arm-none-eabi/lib/armv7e-m\libc.a(lib_a-reent.o)
 .ARM.attributes
                0x00000b80       0x1e c:/program files (x86)/atmel/studio/7.0/toolchain/arm/arm-gnu-toolchain/bin/../lib/gcc/arm-none-eabi/5.3.1/armv7e-m\libgcc.a(_aeabi_uldivmod.o)
 .ARM.attributes
                0x00000b9e       0x2e c:/program files (x86)/atmel/studio/7.0/toolchain/arm/arm-gnu-toolchain/bin/../lib/gcc/arm-none-eabi/5.3.1/armv7e-m\libgcc.a(_udivmoddi4.o)
 .ARM.attributes
                0x00000bcc       0x1e c:/program files (x86)/atmel/studio/7.0/toolchain/arm/arm-gnu-toolchain/bin/../lib/gcc/arm-none-eabi/5.3.1/armv7e-m\libgcc.a(_dvmd_tls.o)
 .ARM.attributes
                0x00000bea       0x1e c:/program files (x86)/atmel/studio/7.0/toolchain/arm/arm-gnu-toolchain/bin/../lib/gcc/arm-none-eabi/5.3.1/armv7e-m/crtn.o

.comment        0x00000000       0x59
 .comment       0x00000000       0x59 src/main.o
                                 0x5a (size before relaxing)
 .comment       0x00000059       0x5a src/ASF/sam/drivers/rtc/rtc.o
 .comment       0x00000059       0x5a src/ASF/sam/drivers/tc/tc.o
 .comment       0x00000059       0x5a src/ASF/common/services/clock/same70/sysclk.o
 .comment       0x00000059       0x5a src/ASF/common/services/sleepmgr/sam/sleepmgr.o
 .comment       0x00000059       0x5a src/ASF/common/utils/interrupt/interrupt_sam_nvic.o
 .comment       0x00000059       0x5a src/ASF/common/utils/stdio/read.o
 .comment       0x00000059       0x5a src/ASF/common/utils/stdio/write.o
 .comment       0x00000059       0x5a src/ASF/sam/boards/same70_xplained/init.o
 .comment       0x00000059       0x5a src/ASF/sam/drivers/afec/afec.o
 .comment       0x00000059       0x5a src/ASF/sam/drivers/pio/pio.o
 .comment       0x00000059       0x5a src/ASF/sam/drivers/pio/pio_handler.o
 .comment       0x00000059       0x5a src/ASF/sam/drivers/pmc/pmc.o
 .comment       0x00000059       0x5a src/ASF/sam/drivers/uart/uart.o
 .comment       0x00000059       0x5a src/ASF/sam/drivers/usart/usart.o
 .comment       0x00000059       0x5a src/ASF/sam/utils/cmsis/same70/source/templates/gcc/startup_same70.o
 .comment       0x00000059       0x5a src/ASF/sam/utils/cmsis/same70/source/templates/system_same70.o
 .comment       0x00000059       0x5a src/ASF/sam/utils/syscalls/gcc/syscalls.o

.debug_info     0x00000000     0xee87
 .debug_info    0x00000000     0x2527 src/main.o
 .debug_info    0x00002527      0x7e4 src/ASF/sam/drivers/rtc/rtc.o
 .debug_info    0x00002d0b      0x922 src/ASF/sam/drivers/tc/tc.o
 .debug_info    0x0000362d      0x846 src/ASF/common/services/clock/same70/sysclk.o
 .debug_info    0x00003e73      0x176 src/ASF/common/services/sleepmgr/sam/sleepmgr.o
 .debug_info    0x00003fe9      0x1e4 src/ASF/common/utils/interrupt/interrupt_sam_nvic.o
 .debug_info    0x000041cd      0x1bb src/ASF/common/utils/stdio/read.o
 .debug_info    0x00004388      0x1c0 src/ASF/common/utils/stdio/write.o
 .debug_info    0x00004548     0x1748 src/ASF/sam/boards/same70_xplained/init.o
 .debug_info    0x00005c90     0x1b3d src/ASF/sam/drivers/afec/afec.o
 .debug_info    0x000077cd     0x1888 src/ASF/sam/drivers/pio/pio.o
 .debug_info    0x00009055     0x11e6 src/ASF/sam/drivers/pio/pio_handler.o
 .debug_info    0x0000a23b     0x1533 src/ASF/sam/drivers/pmc/pmc.o
 .debug_info    0x0000b76e      0x726 src/ASF/sam/drivers/uart/uart.o
 .debug_info    0x0000be94     0x1a43 src/ASF/sam/drivers/usart/usart.o
 .debug_info    0x0000d8d7      0xc1d src/ASF/sam/utils/cmsis/same70/source/templates/gcc/startup_same70.o
 .debug_info    0x0000e4f4      0x56c src/ASF/sam/utils/cmsis/same70/source/templates/system_same70.o
 .debug_info    0x0000ea60      0x427 src/ASF/sam/utils/syscalls/gcc/syscalls.o

.debug_abbrev   0x00000000     0x2554
 .debug_abbrev  0x00000000      0x409 src/main.o
 .debug_abbrev  0x00000409      0x1df src/ASF/sam/drivers/rtc/rtc.o
 .debug_abbrev  0x000005e8      0x1bb src/ASF/sam/drivers/tc/tc.o
 .debug_abbrev  0x000007a3      0x230 src/ASF/common/services/clock/same70/sysclk.o
 .debug_abbrev  0x000009d3       0xab src/ASF/common/services/sleepmgr/sam/sleepmgr.o
 .debug_abbrev  0x00000a7e       0xed src/ASF/common/utils/interrupt/interrupt_sam_nvic.o
 .debug_abbrev  0x00000b6b      0x101 src/ASF/common/utils/stdio/read.o
 .debug_abbrev  0x00000c6c       0xf5 src/ASF/common/utils/stdio/write.o
 .debug_abbrev  0x00000d61      0x299 src/ASF/sam/boards/same70_xplained/init.o
 .debug_abbrev  0x00000ffa      0x446 src/ASF/sam/drivers/afec/afec.o
 .debug_abbrev  0x00001440      0x31a src/ASF/sam/drivers/pio/pio.o
 .debug_abbrev  0x0000175a      0x25d src/ASF/sam/drivers/pio/pio_handler.o
 .debug_abbrev  0x000019b7      0x2bd src/ASF/sam/drivers/pmc/pmc.o
 .debug_abbrev  0x00001c74      0x1a3 src/ASF/sam/drivers/uart/uart.o
 .debug_abbrev  0x00001e17      0x2dc src/ASF/sam/drivers/usart/usart.o
 .debug_abbrev  0x000020f3      0x221 src/ASF/sam/utils/cmsis/same70/source/templates/gcc/startup_same70.o
 .debug_abbrev  0x00002314       0xf5 src/ASF/sam/utils/cmsis/same70/source/templates/system_same70.o
 .debug_abbrev  0x00002409      0x14b src/ASF/sam/utils/syscalls/gcc/syscalls.o

.debug_loc      0x00000000     0x5ce5
 .debug_loc     0x00000000      0x5ab src/main.o
 .debug_loc     0x000005ab      0x8d5 src/ASF/sam/drivers/rtc/rtc.o
 .debug_loc     0x00000e80      0x5a5 src/ASF/sam/drivers/tc/tc.o
 .debug_loc     0x00001425      0x183 src/ASF/common/services/clock/same70/sysclk.o
 .debug_loc     0x000015a8       0xd2 src/ASF/common/utils/stdio/read.o
 .debug_loc     0x0000167a      0x15d src/ASF/common/utils/stdio/write.o
 .debug_loc     0x000017d7      0x26e src/ASF/sam/boards/same70_xplained/init.o
 .debug_loc     0x00001a45      0xa6b src/ASF/sam/drivers/afec/afec.o
 .debug_loc     0x000024b0      0xf3a src/ASF/sam/drivers/pio/pio.o
 .debug_loc     0x000033ea      0x555 src/ASF/sam/drivers/pio/pio_handler.o
 .debug_loc     0x0000393f      0xec0 src/ASF/sam/drivers/pmc/pmc.o
 .debug_loc     0x000047ff      0x2a4 src/ASF/sam/drivers/uart/uart.o
 .debug_loc     0x00004aa3     0x10f9 src/ASF/sam/drivers/usart/usart.o
 .debug_loc     0x00005b9c       0x6a src/ASF/sam/utils/cmsis/same70/source/templates/gcc/startup_same70.o
 .debug_loc     0x00005c06       0xdf src/ASF/sam/utils/syscalls/gcc/syscalls.o

.debug_aranges  0x00000000      0xc00
 .debug_aranges
                0x00000000       0x50 src/main.o
 .debug_aranges
                0x00000050       0xb8 src/ASF/sam/drivers/rtc/rtc.o
 .debug_aranges
                0x00000108       0xd0 src/ASF/sam/drivers/tc/tc.o
 .debug_aranges
                0x000001d8       0x40 src/ASF/common/services/clock/same70/sysclk.o
 .debug_aranges
                0x00000218       0x18 src/ASF/common/services/sleepmgr/sam/sleepmgr.o
 .debug_aranges
                0x00000230       0x28 src/ASF/common/utils/interrupt/interrupt_sam_nvic.o
 .debug_aranges
                0x00000258       0x20 src/ASF/common/utils/stdio/read.o
 .debug_aranges
                0x00000278       0x20 src/ASF/common/utils/stdio/write.o
 .debug_aranges
                0x00000298       0x20 src/ASF/sam/boards/same70_xplained/init.o
 .debug_aranges
                0x000002b8       0xb8 src/ASF/sam/drivers/afec/afec.o
 .debug_aranges
                0x00000370      0x1a8 src/ASF/sam/drivers/pio/pio.o
 .debug_aranges
                0x00000518       0x60 src/ASF/sam/drivers/pio/pio_handler.o
 .debug_aranges
                0x00000578      0x250 src/ASF/sam/drivers/pmc/pmc.o
 .debug_aranges
                0x000007c8       0xd8 src/ASF/sam/drivers/uart/uart.o
 .debug_aranges
                0x000008a0      0x2a8 src/ASF/sam/drivers/usart/usart.o
 .debug_aranges
                0x00000b48       0x28 src/ASF/sam/utils/cmsis/same70/source/templates/gcc/startup_same70.o
 .debug_aranges
                0x00000b70       0x30 src/ASF/sam/utils/cmsis/same70/source/templates/system_same70.o
 .debug_aranges
                0x00000ba0       0x60 src/ASF/sam/utils/syscalls/gcc/syscalls.o

.debug_ranges   0x00000000      0xbc8
 .debug_ranges  0x00000000       0x40 src/main.o
 .debug_ranges  0x00000040       0xa8 src/ASF/sam/drivers/rtc/rtc.o
 .debug_ranges  0x000000e8       0xc0 src/ASF/sam/drivers/tc/tc.o
 .debug_ranges  0x000001a8       0x30 src/ASF/common/services/clock/same70/sysclk.o
 .debug_ranges  0x000001d8       0x18 src/ASF/common/utils/interrupt/interrupt_sam_nvic.o
 .debug_ranges  0x000001f0       0x10 src/ASF/common/utils/stdio/read.o
 .debug_ranges  0x00000200       0x10 src/ASF/common/utils/stdio/write.o
 .debug_ranges  0x00000210       0x10 src/ASF/sam/boards/same70_xplained/init.o
 .debug_ranges  0x00000220       0xc0 src/ASF/sam/drivers/afec/afec.o
 .debug_ranges  0x000002e0      0x270 src/ASF/sam/drivers/pio/pio.o
 .debug_ranges  0x00000550       0x50 src/ASF/sam/drivers/pio/pio_handler.o
 .debug_ranges  0x000005a0      0x240 src/ASF/sam/drivers/pmc/pmc.o
 .debug_ranges  0x000007e0       0xc8 src/ASF/sam/drivers/uart/uart.o
 .debug_ranges  0x000008a8      0x298 src/ASF/sam/drivers/usart/usart.o
 .debug_ranges  0x00000b40       0x18 src/ASF/sam/utils/cmsis/same70/source/templates/gcc/startup_same70.o
 .debug_ranges  0x00000b58       0x20 src/ASF/sam/utils/cmsis/same70/source/templates/system_same70.o
 .debug_ranges  0x00000b78       0x50 src/ASF/sam/utils/syscalls/gcc/syscalls.o

.debug_macro    0x00000000    0x1fab3
 .debug_macro   0x00000000      0x833 src/main.o
 .debug_macro   0x00000833      0x8aa src/main.o
 .debug_macro   0x000010dd       0x22 src/main.o
 .debug_macro   0x000010ff       0x4c src/main.o
 .debug_macro   0x0000114b       0x8d src/main.o
 .debug_macro   0x000011d8       0x35 src/main.o
 .debug_macro   0x0000120d       0x9c src/main.o
 .debug_macro   0x000012a9       0x16 src/main.o
 .debug_macro   0x000012bf       0x4a src/main.o
 .debug_macro   0x00001309       0x97 src/main.o
 .debug_macro   0x000013a0      0x330 src/main.o
 .debug_macro   0x000016d0       0xf6 src/main.o
 .debug_macro   0x000017c6       0x10 src/main.o
 .debug_macro   0x000017d6       0x52 src/main.o
 .debug_macro   0x00001828       0x16 src/main.o
 .debug_macro   0x0000183e       0x43 src/main.o
 .debug_macro   0x00001881      0x187 src/main.o
 .debug_macro   0x00001a08       0x22 src/main.o
 .debug_macro   0x00001a2a       0x22 src/main.o
 .debug_macro   0x00001a4c       0x3a src/main.o
 .debug_macro   0x00001a86       0x10 src/main.o
 .debug_macro   0x00001a96       0x40 src/main.o
 .debug_macro   0x00001ad6       0x6c src/main.o
 .debug_macro   0x00001b42       0x16 src/main.o
 .debug_macro   0x00001b58      0x182 src/main.o
 .debug_macro   0x00001cda       0x16 src/main.o
 .debug_macro   0x00001cf0       0x35 src/main.o
 .debug_macro   0x00001d25       0x16 src/main.o
 .debug_macro   0x00001d3b      0x64b src/main.o
 .debug_macro   0x00002386       0x76 src/main.o
 .debug_macro   0x000023fc       0x16 src/main.o
 .debug_macro   0x00002412      0x6e4 src/main.o
 .debug_macro   0x00002af6       0xfd src/main.o
 .debug_macro   0x00002bf3      0x1df src/main.o
 .debug_macro   0x00002dd2       0x4a src/main.o
 .debug_macro   0x00002e1c       0x3b src/main.o
 .debug_macro   0x00002e57       0x2d src/main.o
 .debug_macro   0x00002e84       0x26 src/main.o
 .debug_macro   0x00002eaa      0xf9a src/main.o
 .debug_macro   0x00003e44      0x175 src/main.o
 .debug_macro   0x00003fb9      0x257 src/main.o
 .debug_macro   0x00004210      0xa0f src/main.o
 .debug_macro   0x00004c1f      0x1b9 src/main.o
 .debug_macro   0x00004dd8      0x336 src/main.o
 .debug_macro   0x0000510e      0x15b src/main.o
 .debug_macro   0x00005269     0x1851 src/main.o
 .debug_macro   0x00006aba       0x1c src/main.o
 .debug_macro   0x00006ad6      0x68d src/main.o
 .debug_macro   0x00007163      0x31e src/main.o
 .debug_macro   0x00007481      0x4d4 src/main.o
 .debug_macro   0x00007955      0x56e src/main.o
 .debug_macro   0x00007ec3     0x1332 src/main.o
 .debug_macro   0x000091f5     0x278d src/main.o
 .debug_macro   0x0000b982     0x102b src/main.o
 .debug_macro   0x0000c9ad      0xe01 src/main.o
 .debug_macro   0x0000d7ae      0x3b1 src/main.o
 .debug_macro   0x0000db5f       0xa0 src/main.o
 .debug_macro   0x0000dbff       0x76 src/main.o
 .debug_macro   0x0000dc75      0x409 src/main.o
 .debug_macro   0x0000e07e       0x64 src/main.o
 .debug_macro   0x0000e0e2      0x284 src/main.o
 .debug_macro   0x0000e366      0x1d0 src/main.o
 .debug_macro   0x0000e536      0x248 src/main.o
 .debug_macro   0x0000e77e      0x524 src/main.o
 .debug_macro   0x0000eca2      0x63b src/main.o
 .debug_macro   0x0000f2dd      0x6b8 src/main.o
 .debug_macro   0x0000f995       0x4c src/main.o
 .debug_macro   0x0000f9e1      0x468 src/main.o
 .debug_macro   0x0000fe49      0x207 src/main.o
 .debug_macro   0x00010050      0x866 src/main.o
 .debug_macro   0x000108b6     0x1547 src/main.o
 .debug_macro   0x00011dfd       0x40 src/main.o
 .debug_macro   0x00011e3d       0x76 src/main.o
 .debug_macro   0x00011eb3      0xdaf src/main.o
 .debug_macro   0x00012c62       0x82 src/main.o
 .debug_macro   0x00012ce4       0x76 src/main.o
 .debug_macro   0x00012d5a       0x4c src/main.o
 .debug_macro   0x00012da6      0x135 src/main.o
 .debug_macro   0x00012edb      0x135 src/main.o
 .debug_macro   0x00013010      0x135 src/main.o
 .debug_macro   0x00013145       0x6a src/main.o
 .debug_macro   0x000131af       0x6a src/main.o
 .debug_macro   0x00013219      0x313 src/main.o
 .debug_macro   0x0001352c       0xb2 src/main.o
 .debug_macro   0x000135de       0xb2 src/main.o
 .debug_macro   0x00013690       0xb2 src/main.o
 .debug_macro   0x00013742      0x11d src/main.o
 .debug_macro   0x0001385f      0x11d src/main.o
 .debug_macro   0x0001397c      0x2cd src/main.o
 .debug_macro   0x00013c49       0xb8 src/main.o
 .debug_macro   0x00013d01       0x5e src/main.o
 .debug_macro   0x00013d5f       0x40 src/main.o
 .debug_macro   0x00013d9f       0x4c src/main.o
 .debug_macro   0x00013deb       0xa0 src/main.o
 .debug_macro   0x00013e8b      0x494 src/main.o
 .debug_macro   0x0001431f      0x135 src/main.o
 .debug_macro   0x00014454       0x4c src/main.o
 .debug_macro   0x000144a0      0x313 src/main.o
 .debug_macro   0x000147b3       0x6a src/main.o
 .debug_macro   0x0001481d       0xb8 src/main.o
 .debug_macro   0x000148d5       0x6a src/main.o
 .debug_macro   0x0001493f       0x2e src/main.o
 .debug_macro   0x0001496d      0x9b1 src/main.o
 .debug_macro   0x0001531e       0x6a src/main.o
 .debug_macro   0x00015388       0x88 src/main.o
 .debug_macro   0x00015410       0x58 src/main.o
 .debug_macro   0x00015468       0xe2 src/main.o
 .debug_macro   0x0001554a       0x16 src/main.o
 .debug_macro   0x00015560       0xe2 src/main.o
 .debug_macro   0x00015642       0x4c src/main.o
 .debug_macro   0x0001568e       0x16 src/main.o
 .debug_macro   0x000156a4       0x4c src/main.o
 .debug_macro   0x000156f0       0x2e src/main.o
 .debug_macro   0x0001571e      0x1b5 src/main.o
 .debug_macro   0x000158d3      0x1b5 src/main.o
 .debug_macro   0x00015a88      0x1b5 src/main.o
 .debug_macro   0x00015c3d      0x1b5 src/main.o
 .debug_macro   0x00015df2      0x1b5 src/main.o
 .debug_macro   0x00015fa7       0x1c src/main.o
 .debug_macro   0x00015fc3       0x2e src/main.o
 .debug_macro   0x00015ff1       0x22 src/main.o
 .debug_macro   0x00016013       0x1c src/main.o
 .debug_macro   0x0001602f       0x52 src/main.o
 .debug_macro   0x00016081       0x10 src/main.o
 .debug_macro   0x00016091       0x1c src/main.o
 .debug_macro   0x000160ad       0x4c src/main.o
 .debug_macro   0x000160f9       0x4c src/main.o
 .debug_macro   0x00016145       0x4c src/main.o
 .debug_macro   0x00016191      0x31b src/main.o
 .debug_macro   0x000164ac     0x1022 src/main.o
 .debug_macro   0x000174ce      0x107 src/main.o
 .debug_macro   0x000175d5       0x22 src/main.o
 .debug_macro   0x000175f7       0x16 src/main.o
 .debug_macro   0x0001760d       0x16 src/main.o
 .debug_macro   0x00017623       0x29 src/main.o
 .debug_macro   0x0001764c       0x75 src/main.o
 .debug_macro   0x000176c1       0x3f src/main.o
 .debug_macro   0x00017700      0x3ca src/main.o
 .debug_macro   0x00017aca       0x12 src/main.o
 .debug_macro   0x00017adc       0x3a src/main.o
 .debug_macro   0x00017b16      0x2c6 src/main.o
 .debug_macro   0x00017ddc      0xa96 src/main.o
 .debug_macro   0x00018872       0x70 src/main.o
 .debug_macro   0x000188e2       0x64 src/main.o
 .debug_macro   0x00018946       0x5f src/main.o
 .debug_macro   0x000189a5       0xac src/main.o
 .debug_macro   0x00018a51       0x28 src/main.o
 .debug_macro   0x00018a79       0x23 src/main.o
 .debug_macro   0x00018a9c       0x94 src/main.o
 .debug_macro   0x00018b30       0x40 src/main.o
 .debug_macro   0x00018b70       0x88 src/main.o
 .debug_macro   0x00018bf8      0x1ce src/main.o
 .debug_macro   0x00018dc6       0x34 src/main.o
 .debug_macro   0x00018dfa       0x16 src/main.o
 .debug_macro   0x00018e10       0x1c src/main.o
 .debug_macro   0x00018e2c       0x10 src/main.o
 .debug_macro   0x00018e3c       0x1c src/main.o
 .debug_macro   0x00018e58       0x3a src/main.o
 .debug_macro   0x00018e92       0x28 src/main.o
 .debug_macro   0x00018eba      0x64a src/ASF/sam/drivers/rtc/rtc.o
 .debug_macro   0x00019504      0x63f src/ASF/sam/drivers/tc/tc.o
 .debug_macro   0x00019b43       0x1c src/ASF/sam/drivers/tc/tc.o
 .debug_macro   0x00019b5f      0x6a1 src/ASF/common/services/clock/same70/sysclk.o
 .debug_macro   0x0001a200      0x2c0 src/ASF/common/services/clock/same70/sysclk.o
 .debug_macro   0x0001a4c0      0x651 src/ASF/common/services/sleepmgr/sam/sleepmgr.o
 .debug_macro   0x0001ab11      0x627 src/ASF/common/utils/interrupt/interrupt_sam_nvic.o
 .debug_macro   0x0001b138      0x627 src/ASF/common/utils/stdio/read.o
 .debug_macro   0x0001b75f      0x627 src/ASF/common/utils/stdio/write.o
 .debug_macro   0x0001bd86      0x6dd src/ASF/sam/boards/same70_xplained/init.o
 .debug_macro   0x0001c463       0x16 src/ASF/sam/boards/same70_xplained/init.o
 .debug_macro   0x0001c479       0x82 src/ASF/sam/boards/same70_xplained/init.o
 .debug_macro   0x0001c4fb      0x6fe src/ASF/sam/drivers/afec/afec.o
 .debug_macro   0x0001cbf9      0x63d src/ASF/sam/drivers/pio/pio.o
 .debug_macro   0x0001d236       0x8e src/ASF/sam/drivers/pio/pio.o
 .debug_macro   0x0001d2c4      0x648 src/ASF/sam/drivers/pio/pio_handler.o
 .debug_macro   0x0001d90c      0x63d src/ASF/sam/drivers/pmc/pmc.o
 .debug_macro   0x0001df49       0x6a src/ASF/sam/drivers/pmc/pmc.o
 .debug_macro   0x0001dfb3      0x637 src/ASF/sam/drivers/uart/uart.o
 .debug_macro   0x0001e5ea       0x16 src/ASF/sam/drivers/uart/uart.o
 .debug_macro   0x0001e600      0x66d src/ASF/sam/drivers/usart/usart.o
 .debug_macro   0x0001ec6d       0x34 src/ASF/sam/drivers/usart/usart.o
 .debug_macro   0x0001eca1      0x636 src/ASF/sam/utils/cmsis/same70/source/templates/gcc/startup_same70.o
 .debug_macro   0x0001f2d7       0x10 src/ASF/sam/utils/cmsis/same70/source/templates/gcc/startup_same70.o
 .debug_macro   0x0001f2e7      0x455 src/ASF/sam/utils/cmsis/same70/source/templates/system_same70.o
 .debug_macro   0x0001f73c      0x19c src/ASF/sam/utils/syscalls/gcc/syscalls.o
 .debug_macro   0x0001f8d8       0x52 src/ASF/sam/utils/syscalls/gcc/syscalls.o
 .debug_macro   0x0001f92a       0x16 src/ASF/sam/utils/syscalls/gcc/syscalls.o
 .debug_macro   0x0001f940       0x10 src/ASF/sam/utils/syscalls/gcc/syscalls.o
 .debug_macro   0x0001f950       0x41 src/ASF/sam/utils/syscalls/gcc/syscalls.o
 .debug_macro   0x0001f991      0x122 src/ASF/sam/utils/syscalls/gcc/syscalls.o

.debug_line     0x00000000     0xcee9
 .debug_line    0x00000000     0x1014 src/main.o
 .debug_line    0x00001014      0xb8c src/ASF/sam/drivers/rtc/rtc.o
 .debug_line    0x00001ba0      0xb58 src/ASF/sam/drivers/tc/tc.o
 .debug_line    0x000026f8      0xb1f src/ASF/common/services/clock/same70/sysclk.o
 .debug_line    0x00003217      0xa23 src/ASF/common/services/sleepmgr/sam/sleepmgr.o
 .debug_line    0x00003c3a      0x9d5 src/ASF/common/utils/interrupt/interrupt_sam_nvic.o
 .debug_line    0x0000460f      0x9c6 src/ASF/common/utils/stdio/read.o
 .debug_line    0x00004fd5      0x9b8 src/ASF/common/utils/stdio/write.o
 .debug_line    0x0000598d      0xc04 src/ASF/sam/boards/same70_xplained/init.o
 .debug_line    0x00006591      0xe73 src/ASF/sam/drivers/afec/afec.o
 .debug_line    0x00007404      0xe89 src/ASF/sam/drivers/pio/pio.o
 .debug_line    0x0000828d      0xa8a src/ASF/sam/drivers/pio/pio_handler.o
 .debug_line    0x00008d17     0x1059 src/ASF/sam/drivers/pmc/pmc.o
 .debug_line    0x00009d70      0xb4f src/ASF/sam/drivers/uart/uart.o
 .debug_line    0x0000a8bf     0x103e src/ASF/sam/drivers/usart/usart.o
 .debug_line    0x0000b8fd      0xa48 src/ASF/sam/utils/cmsis/same70/source/templates/gcc/startup_same70.o
 .debug_line    0x0000c345      0x7d4 src/ASF/sam/utils/cmsis/same70/source/templates/system_same70.o
 .debug_line    0x0000cb19      0x3d0 src/ASF/sam/utils/syscalls/gcc/syscalls.o

.debug_str      0x00000000    0x8c22e
 .debug_str     0x00000000    0x88187 src/main.o
                              0x88926 (size before relaxing)
 .debug_str     0x00088187      0x27f src/ASF/sam/drivers/rtc/rtc.o
                              0x81726 (size before relaxing)
 .debug_str     0x00088406      0x1fb src/ASF/sam/drivers/tc/tc.o
                              0x81747 (size before relaxing)
 .debug_str     0x00088601      0x2d1 src/ASF/common/services/clock/same70/sysclk.o
                              0x85955 (size before relaxing)
 .debug_str     0x000888d2       0xbd src/ASF/common/services/sleepmgr/sam/sleepmgr.o
                              0x81570 (size before relaxing)
 .debug_str     0x0008898f       0x94 src/ASF/common/utils/interrupt/interrupt_sam_nvic.o
                              0x81434 (size before relaxing)
 .debug_str     0x00088a23       0x2c src/ASF/common/utils/stdio/read.o
                              0x813e3 (size before relaxing)
 .debug_str     0x00088a4f       0x26 src/ASF/common/utils/stdio/write.o
                              0x813e5 (size before relaxing)
 .debug_str     0x00088a75      0x9a9 src/ASF/sam/boards/same70_xplained/init.o
                              0x8666a (size before relaxing)
 .debug_str     0x0008941e      0x5df src/ASF/sam/drivers/afec/afec.o
                              0x86a6d (size before relaxing)
 .debug_str     0x000899fd      0x58c src/ASF/sam/drivers/pio/pio.o
                              0x81f8a (size before relaxing)
 .debug_str     0x00089f89      0x111 src/ASF/sam/drivers/pio/pio_handler.o
                              0x81ffb (size before relaxing)
 .debug_str     0x0008a09a      0x7b7 src/ASF/sam/drivers/pmc/pmc.o
                              0x820ee (size before relaxing)
 .debug_str     0x0008a851      0x206 src/ASF/sam/drivers/uart/uart.o
                              0x816e4 (size before relaxing)
 .debug_str     0x0008aa57      0x94a src/ASF/sam/drivers/usart/usart.o
                              0x81f7c (size before relaxing)
 .debug_str     0x0008b3a1      0x5e4 src/ASF/sam/utils/cmsis/same70/source/templates/gcc/startup_same70.o
                              0x81bda (size before relaxing)
 .debug_str     0x0008b985      0x16f src/ASF/sam/utils/cmsis/same70/source/templates/system_same70.o
                              0x726cd (size before relaxing)
 .debug_str     0x0008baf4      0x73a src/ASF/sam/utils/syscalls/gcc/syscalls.o
                               0x6a0f (size before relaxing)

.debug_frame    0x00000000     0x2638
 .debug_frame   0x00000000       0xe4 src/main.o
 .debug_frame   0x000000e4      0x1b4 src/ASF/sam/drivers/rtc/rtc.o
 .debug_frame   0x00000298      0x1a4 src/ASF/sam/drivers/tc/tc.o
 .debug_frame   0x0000043c       0x88 src/ASF/common/services/clock/same70/sysclk.o
 .debug_frame   0x000004c4       0x30 src/ASF/common/utils/interrupt/interrupt_sam_nvic.o
 .debug_frame   0x000004f4       0x48 src/ASF/common/utils/stdio/read.o
 .debug_frame   0x0000053c       0x48 src/ASF/common/utils/stdio/write.o
 .debug_frame   0x00000584       0x30 src/ASF/sam/boards/same70_xplained/init.o
 .debug_frame   0x000005b4      0x1e0 src/ASF/sam/drivers/afec/afec.o
 .debug_frame   0x00000794      0x398 src/ASF/sam/drivers/pio/pio.o
 .debug_frame   0x00000b2c      0x110 src/ASF/sam/drivers/pio/pio_handler.o
 .debug_frame   0x00000c3c      0x4f8 src/ASF/sam/drivers/pmc/pmc.o
 .debug_frame   0x00001134      0x19c src/ASF/sam/drivers/uart/uart.o
 .debug_frame   0x000012d0      0x5c0 src/ASF/sam/drivers/usart/usart.o
 .debug_frame   0x00001890       0x38 src/ASF/sam/utils/cmsis/same70/source/templates/gcc/startup_same70.o
 .debug_frame   0x000018c8       0x40 src/ASF/sam/utils/cmsis/same70/source/templates/system_same70.o
 .debug_frame   0x00001908       0xa0 src/ASF/sam/utils/syscalls/gcc/syscalls.o
 .debug_frame   0x000019a8       0x2c c:/program files (x86)/atmel/studio/7.0/toolchain/arm/arm-gnu-toolchain/bin/../lib/gcc/arm-none-eabi/5.3.1/../../../../arm-none-eabi/lib/armv7e-m\libc.a(lib_a-init.o)
 .debug_frame   0x000019d4       0x74 c:/program files (x86)/atmel/studio/7.0/toolchain/arm/arm-gnu-toolchain/bin/../lib/gcc/arm-none-eabi/5.3.1/../../../../arm-none-eabi/lib/armv7e-m\libc.a(lib_a-iprintf.o)
 .debug_frame   0x00001a48       0x34 c:/program files (x86)/atmel/studio/7.0/toolchain/arm/arm-gnu-toolchain/bin/../lib/gcc/arm-none-eabi/5.3.1/../../../../arm-none-eabi/lib/armv7e-m\libc.a(lib_a-memset.o)
 .debug_frame   0x00001a7c       0x48 c:/program files (x86)/atmel/studio/7.0/toolchain/arm/arm-gnu-toolchain/bin/../lib/gcc/arm-none-eabi/5.3.1/../../../../arm-none-eabi/lib/armv7e-m\libc.a(lib_a-puts.o)
 .debug_frame   0x00001ac4       0x20 c:/program files (x86)/atmel/studio/7.0/toolchain/arm/arm-gnu-toolchain/bin/../lib/gcc/arm-none-eabi/5.3.1/../../../../arm-none-eabi/lib/armv7e-m\libc.a(lib_a-setbuf.o)
 .debug_frame   0x00001ae4       0x50 c:/program files (x86)/atmel/studio/7.0/toolchain/arm/arm-gnu-toolchain/bin/../lib/gcc/arm-none-eabi/5.3.1/../../../../arm-none-eabi/lib/armv7e-m\libc.a(lib_a-setvbuf.o)
 .debug_frame   0x00001b34       0xc8 c:/program files (x86)/atmel/studio/7.0/toolchain/arm/arm-gnu-toolchain/bin/../lib/gcc/arm-none-eabi/5.3.1/../../../../arm-none-eabi/lib/armv7e-m\libc.a(lib_a-vfiprintf.o)
 .debug_frame   0x00001bfc       0x2c c:/program files (x86)/atmel/studio/7.0/toolchain/arm/arm-gnu-toolchain/bin/../lib/gcc/arm-none-eabi/5.3.1/../../../../arm-none-eabi/lib/armv7e-m\libc.a(lib_a-wsetup.o)
 .debug_frame   0x00001c28       0x50 c:/program files (x86)/atmel/studio/7.0/toolchain/arm/arm-gnu-toolchain/bin/../lib/gcc/arm-none-eabi/5.3.1/../../../../arm-none-eabi/lib/armv7e-m\libc.a(lib_a-__call_atexit.o)
 .debug_frame   0x00001c78       0x20 c:/program files (x86)/atmel/studio/7.0/toolchain/arm/arm-gnu-toolchain/bin/../lib/gcc/arm-none-eabi/5.3.1/../../../../arm-none-eabi/lib/armv7e-m\libc.a(lib_a-atexit.o)
 .debug_frame   0x00001c98       0x6c c:/program files (x86)/atmel/studio/7.0/toolchain/arm/arm-gnu-toolchain/bin/../lib/gcc/arm-none-eabi/5.3.1/../../../../arm-none-eabi/lib/armv7e-m\libc.a(lib_a-fflush.o)
 .debug_frame   0x00001d04      0x124 c:/program files (x86)/atmel/studio/7.0/toolchain/arm/arm-gnu-toolchain/bin/../lib/gcc/arm-none-eabi/5.3.1/../../../../arm-none-eabi/lib/armv7e-m\libc.a(lib_a-findfp.o)
 .debug_frame   0x00001e28       0x34 c:/program files (x86)/atmel/studio/7.0/toolchain/arm/arm-gnu-toolchain/bin/../lib/gcc/arm-none-eabi/5.3.1/../../../../arm-none-eabi/lib/armv7e-m\libc.a(lib_a-fini.o)
 .debug_frame   0x00001e5c       0x8c c:/program files (x86)/atmel/studio/7.0/toolchain/arm/arm-gnu-toolchain/bin/../lib/gcc/arm-none-eabi/5.3.1/../../../../arm-none-eabi/lib/armv7e-m\libc.a(lib_a-fputwc.o)
 .debug_frame   0x00001ee8       0x74 c:/program files (x86)/atmel/studio/7.0/toolchain/arm/arm-gnu-toolchain/bin/../lib/gcc/arm-none-eabi/5.3.1/../../../../arm-none-eabi/lib/armv7e-m\libc.a(lib_a-freer.o)
 .debug_frame   0x00001f5c       0x68 c:/program files (x86)/atmel/studio/7.0/toolchain/arm/arm-gnu-toolchain/bin/../lib/gcc/arm-none-eabi/5.3.1/../../../../arm-none-eabi/lib/armv7e-m\libc.a(lib_a-fvwrite.o)
 .debug_frame   0x00001fc4       0x54 c:/program files (x86)/atmel/studio/7.0/toolchain/arm/arm-gnu-toolchain/bin/../lib/gcc/arm-none-eabi/5.3.1/../../../../arm-none-eabi/lib/armv7e-m\libc.a(lib_a-fwalk.o)
 .debug_frame   0x00002018       0x9c c:/program files (x86)/atmel/studio/7.0/toolchain/arm/arm-gnu-toolchain/bin/../lib/gcc/arm-none-eabi/5.3.1/../../../../arm-none-eabi/lib/armv7e-m\libc.a(lib_a-locale.o)
 .debug_frame   0x000020b4       0x68 c:/program files (x86)/atmel/studio/7.0/toolchain/arm/arm-gnu-toolchain/bin/../lib/gcc/arm-none-eabi/5.3.1/../../../../arm-none-eabi/lib/armv7e-m\libc.a(lib_a-makebuf.o)
 .debug_frame   0x0000211c       0x30 c:/program files (x86)/atmel/studio/7.0/toolchain/arm/arm-gnu-toolchain/bin/../lib/gcc/arm-none-eabi/5.3.1/../../../../arm-none-eabi/lib/armv7e-m\libc.a(lib_a-malloc.o)
 .debug_frame   0x0000214c       0x58 c:/program files (x86)/atmel/studio/7.0/toolchain/arm/arm-gnu-toolchain/bin/../lib/gcc/arm-none-eabi/5.3.1/../../../../arm-none-eabi/lib/armv7e-m\libc.a(lib_a-mallocr.o)
 .debug_frame   0x000021a4       0x30 c:/program files (x86)/atmel/studio/7.0/toolchain/arm/arm-gnu-toolchain/bin/../lib/gcc/arm-none-eabi/5.3.1/../../../../arm-none-eabi/lib/armv7e-m\libc.a(lib_a-memmove.o)
 .debug_frame   0x000021d4       0x30 c:/program files (x86)/atmel/studio/7.0/toolchain/arm/arm-gnu-toolchain/bin/../lib/gcc/arm-none-eabi/5.3.1/../../../../arm-none-eabi/lib/armv7e-m\libc.a(lib_a-mlock.o)
 .debug_frame   0x00002204       0x60 c:/program files (x86)/atmel/studio/7.0/toolchain/arm/arm-gnu-toolchain/bin/../lib/gcc/arm-none-eabi/5.3.1/../../../../arm-none-eabi/lib/armv7e-m\libc.a(lib_a-reallocr.o)
 .debug_frame   0x00002264       0x2c c:/program files (x86)/atmel/studio/7.0/toolchain/arm/arm-gnu-toolchain/bin/../lib/gcc/arm-none-eabi/5.3.1/../../../../arm-none-eabi/lib/armv7e-m\libc.a(lib_a-sbrkr.o)
 .debug_frame   0x00002290       0x88 c:/program files (x86)/atmel/studio/7.0/toolchain/arm/arm-gnu-toolchain/bin/../lib/gcc/arm-none-eabi/5.3.1/../../../../arm-none-eabi/lib/armv7e-m\libc.a(lib_a-stdio.o)
 .debug_frame   0x00002318       0x40 c:/program files (x86)/atmel/studio/7.0/toolchain/arm/arm-gnu-toolchain/bin/../lib/gcc/arm-none-eabi/5.3.1/../../../../arm-none-eabi/lib/armv7e-m\libc.a(lib_a-wbuf.o)
 .debug_frame   0x00002358       0x60 c:/program files (x86)/atmel/studio/7.0/toolchain/arm/arm-gnu-toolchain/bin/../lib/gcc/arm-none-eabi/5.3.1/../../../../arm-none-eabi/lib/armv7e-m\libc.a(lib_a-wcrtomb.o)
 .debug_frame   0x000023b8       0x48 c:/program files (x86)/atmel/studio/7.0/toolchain/arm/arm-gnu-toolchain/bin/../lib/gcc/arm-none-eabi/5.3.1/../../../../arm-none-eabi/lib/armv7e-m\libc.a(lib_a-wctomb_r.o)
 .debug_frame   0x00002400       0x2c c:/program files (x86)/atmel/studio/7.0/toolchain/arm/arm-gnu-toolchain/bin/../lib/gcc/arm-none-eabi/5.3.1/../../../../arm-none-eabi/lib/armv7e-m\libc.a(lib_a-writer.o)
 .debug_frame   0x0000242c       0x34 c:/program files (x86)/atmel/studio/7.0/toolchain/arm/arm-gnu-toolchain/bin/../lib/gcc/arm-none-eabi/5.3.1/../../../../arm-none-eabi/lib/armv7e-m\libc.a(lib_a-__atexit.o)
 .debug_frame   0x00002460       0x2c c:/program files (x86)/atmel/studio/7.0/toolchain/arm/arm-gnu-toolchain/bin/../lib/gcc/arm-none-eabi/5.3.1/../../../../arm-none-eabi/lib/armv7e-m\libc.a(lib_a-closer.o)
 .debug_frame   0x0000248c       0x44 c:/program files (x86)/atmel/studio/7.0/toolchain/arm/arm-gnu-toolchain/bin/../lib/gcc/arm-none-eabi/5.3.1/../../../../arm-none-eabi/lib/armv7e-m\libc.a(lib_a-fclose.o)
 .debug_frame   0x000024d0       0x2c c:/program files (x86)/atmel/studio/7.0/toolchain/arm/arm-gnu-toolchain/bin/../lib/gcc/arm-none-eabi/5.3.1/../../../../arm-none-eabi/lib/armv7e-m\libc.a(lib_a-fstatr.o)
 .debug_frame   0x000024fc       0x2c c:/program files (x86)/atmel/studio/7.0/toolchain/arm/arm-gnu-toolchain/bin/../lib/gcc/arm-none-eabi/5.3.1/../../../../arm-none-eabi/lib/armv7e-m\libc.a(lib_a-isattyr.o)
 .debug_frame   0x00002528       0x2c c:/program files (x86)/atmel/studio/7.0/toolchain/arm/arm-gnu-toolchain/bin/../lib/gcc/arm-none-eabi/5.3.1/../../../../arm-none-eabi/lib/armv7e-m\libc.a(lib_a-lseekr.o)
 .debug_frame   0x00002554       0x2c c:/program files (x86)/atmel/studio/7.0/toolchain/arm/arm-gnu-toolchain/bin/../lib/gcc/arm-none-eabi/5.3.1/../../../../arm-none-eabi/lib/armv7e-m\libc.a(lib_a-readr.o)
 .debug_frame   0x00002580       0x58 c:/program files (x86)/atmel/studio/7.0/toolchain/arm/arm-gnu-toolchain/bin/../lib/gcc/arm-none-eabi/5.3.1/../../../../arm-none-eabi/lib/armv7e-m\libc.a(lib_a-reent.o)
 .debug_frame   0x000025d8       0x2c c:/program files (x86)/atmel/studio/7.0/toolchain/arm/arm-gnu-toolchain/bin/../lib/gcc/arm-none-eabi/5.3.1/armv7e-m\libgcc.a(_aeabi_uldivmod.o)
 .debug_frame   0x00002604       0x34 c:/program files (x86)/atmel/studio/7.0/toolchain/arm/arm-gnu-toolchain/bin/../lib/gcc/arm-none-eabi/5.3.1/armv7e-m\libgcc.a(_udivmoddi4.o)

Cross Reference Table

Symbol                                            File
ACC_Handler                                       src/ASF/sam/utils/cmsis/same70/source/templates/gcc/startup_same70.o
AES_Handler                                       src/ASF/sam/utils/cmsis/same70/source/templates/gcc/startup_same70.o
AFEC0_Handler                                     src/ASF/sam/drivers/afec/afec.o
AFEC1_Handler                                     src/ASF/sam/drivers/afec/afec.o
BusFault_Handler                                  src/ASF/sam/utils/cmsis/same70/source/templates/gcc/startup_same70.o
DACC_Handler                                      src/ASF/sam/utils/cmsis/same70/source/templates/gcc/startup_same70.o
DebugMon_Handler                                  src/ASF/sam/utils/cmsis/same70/source/templates/gcc/startup_same70.o
Dummy_Handler                                     src/ASF/sam/utils/cmsis/same70/source/templates/gcc/startup_same70.o
EFC_Handler                                       src/ASF/sam/utils/cmsis/same70/source/templates/gcc/startup_same70.o
GMAC_Handler                                      src/ASF/sam/utils/cmsis/same70/source/templates/gcc/startup_same70.o
HSMCI_Handler                                     src/ASF/sam/utils/cmsis/same70/source/templates/gcc/startup_same70.o
HardFault_Handler                                 src/ASF/sam/utils/cmsis/same70/source/templates/gcc/startup_same70.o
ICM_Handler                                       src/ASF/sam/utils/cmsis/same70/source/templates/gcc/startup_same70.o
ISI_Handler                                       src/ASF/sam/utils/cmsis/same70/source/templates/gcc/startup_same70.o
MCAN0_Handler                                     src/ASF/sam/utils/cmsis/same70/source/templates/gcc/startup_same70.o
MCAN1_Handler                                     src/ASF/sam/utils/cmsis/same70/source/templates/gcc/startup_same70.o
MemManage_Handler                                 src/ASF/sam/utils/cmsis/same70/source/templates/gcc/startup_same70.o
NMI_Handler                                       src/ASF/sam/utils/cmsis/same70/source/templates/gcc/startup_same70.o
PIOA_Handler                                      src/ASF/sam/drivers/pio/pio_handler.o
PIOB_Handler                                      src/ASF/sam/drivers/pio/pio_handler.o
PIOC_Handler                                      src/ASF/sam/drivers/pio/pio_handler.o
PIOD_Handler                                      src/ASF/sam/drivers/pio/pio_handler.o
PIOE_Handler                                      src/ASF/sam/drivers/pio/pio_handler.o
PMC_Handler                                       src/ASF/sam/utils/cmsis/same70/source/templates/gcc/startup_same70.o
PWM0_Handler                                      src/ASF/sam/utils/cmsis/same70/source/templates/gcc/startup_same70.o
PWM1_Handler                                      src/ASF/sam/utils/cmsis/same70/source/templates/gcc/startup_same70.o
PendSV_Handler                                    src/ASF/sam/utils/cmsis/same70/source/templates/gcc/startup_same70.o
QSPI_Handler                                      src/ASF/sam/utils/cmsis/same70/source/templates/gcc/startup_same70.o
RSTC_Handler                                      src/ASF/sam/utils/cmsis/same70/source/templates/gcc/startup_same70.o
RSWDT_Handler                                     src/ASF/sam/utils/cmsis/same70/source/templates/gcc/startup_same70.o
RTC_Handler                                       src/ASF/sam/utils/cmsis/same70/source/templates/gcc/startup_same70.o
RTC_init                                          src/main.o
RTT_Handler                                       src/ASF/sam/utils/cmsis/same70/source/templates/gcc/startup_same70.o
Reset_Handler                                     src/ASF/sam/utils/cmsis/same70/source/templates/gcc/startup_same70.o
SDRAMC_Handler                                    src/ASF/sam/utils/cmsis/same70/source/templates/gcc/startup_same70.o
SPI0_Handler                                      src/ASF/sam/utils/cmsis/same70/source/templates/gcc/startup_same70.o
SPI1_Handler                                      src/ASF/sam/utils/cmsis/same70/source/templates/gcc/startup_same70.o
SSC_Handler                                       src/ASF/sam/utils/cmsis/same70/source/templates/gcc/startup_same70.o
SUPC_Handler                                      src/ASF/sam/utils/cmsis/same70/source/templates/gcc/startup_same70.o
SVC_Handler                                       src/ASF/sam/utils/cmsis/same70/source/templates/gcc/startup_same70.o
SysTick_Handler                                   src/ASF/sam/utils/cmsis/same70/source/templates/gcc/startup_same70.o
SystemCoreClock                                   src/ASF/sam/utils/cmsis/same70/source/templates/system_same70.o
SystemCoreClockUpdate                             src/ASF/sam/utils/cmsis/same70/source/templates/system_same70.o