Archive member included to satisfy reference by file (symbol)

c:/program files (x86)/atmel/studio/7.0/toolchain/arm/arm-gnu-toolchain/bin/../lib/gcc/arm-none-eabi/5.3.1/../../../../arm-none-eabi/lib/armv7e-m\libc.a(lib_a-exit.o)
                              c:/program files (x86)/atmel/studio/7.0/toolchain/arm/arm-gnu-toolchain/bin/../lib/gcc/arm-none-eabi/5.3.1/../../../../arm-none-eabi/lib/armv7e-m/crt0.o (exit)
c:/program files (x86)/atmel/studio/7.0/toolchain/arm/arm-gnu-toolchain/bin/../lib/gcc/arm-none-eabi/5.3.1/../../../../arm-none-eabi/lib/armv7e-m\libc.a(lib_a-impure.o)
                              c:/program files (x86)/atmel/studio/7.0/toolchain/arm/arm-gnu-toolchain/bin/../lib/gcc/arm-none-eabi/5.3.1/../../../../arm-none-eabi/lib/armv7e-m\libc.a(lib_a-exit.o) (_global_impure_ptr)
c:/program files (x86)/atmel/studio/7.0/toolchain/arm/arm-gnu-toolchain/bin/../lib/gcc/arm-none-eabi/5.3.1/../../../../arm-none-eabi/lib/armv7e-m\libc.a(lib_a-init.o)
                              c:/program files (x86)/atmel/studio/7.0/toolchain/arm/arm-gnu-toolchain/bin/../lib/gcc/arm-none-eabi/5.3.1/../../../../arm-none-eabi/lib/armv7e-m/crt0.o (__libc_init_array)
c:/program files (x86)/atmel/studio/7.0/toolchain/arm/arm-gnu-toolchain/bin/../lib/gcc/arm-none-eabi/5.3.1/../../../../arm-none-eabi/lib/armv7e-m\libc.a(lib_a-iprintf.o)
                              src/main.o (iprintf)
c:/program files (x86)/atmel/studio/7.0/toolchain/arm/arm-gnu-toolchain/bin/../lib/gcc/arm-none-eabi/5.3.1/../../../../arm-none-eabi/lib/armv7e-m\libc.a(lib_a-memset.o)
                              c:/program files (x86)/atmel/studio/7.0/toolchain/arm/arm-gnu-toolchain/bin/../lib/gcc/arm-none-eabi/5.3.1/../../../../arm-none-eabi/lib/armv7e-m/crt0.o (memset)
c:/program files (x86)/atmel/studio/7.0/toolchain/arm/arm-gnu-toolchain/bin/../lib/gcc/arm-none-eabi/5.3.1/../../../../arm-none-eabi/lib/armv7e-m\libc.a(lib_a-puts.o)
                              src/main.o (puts)
c:/program files (x86)/atmel/studio/7.0/toolchain/arm/arm-gnu-toolchain/bin/../lib/gcc/arm-none-eabi/5.3.1/../../../../arm-none-eabi/lib/armv7e-m\libc.a(lib_a-setbuf.o)
                              src/main.o (setbuf)
c:/program files (x86)/atmel/studio/7.0/toolchain/arm/arm-gnu-toolchain/bin/../lib/gcc/arm-none-eabi/5.3.1/../../../../arm-none-eabi/lib/armv7e-m\libc.a(lib_a-setvbuf.o)
                              c:/program files (x86)/atmel/studio/7.0/toolchain/arm/arm-gnu-toolchain/bin/../lib/gcc/arm-none-eabi/5.3.1/../../../../arm-none-eabi/lib/armv7e-m\libc.a(lib_a-setbuf.o) (setvbuf)
c:/program files (x86)/atmel/studio/7.0/toolchain/arm/arm-gnu-toolchain/bin/../lib/gcc/arm-none-eabi/5.3.1/../../../../arm-none-eabi/lib/armv7e-m\libc.a(lib_a-strlen.o)
                              c:/program files (x86)/atmel/studio/7.0/toolchain/arm/arm-gnu-toolchain/bin/../lib/gcc/arm-none-eabi/5.3.1/../../../../arm-none-eabi/lib/armv7e-m\libc.a(lib_a-puts.o) (strlen)
c:/program files (x86)/atmel/studio/7.0/toolchain/arm/arm-gnu-toolchain/bin/../lib/gcc/arm-none-eabi/5.3.1/../../../../arm-none-eabi/lib/armv7e-m\libc.a(lib_a-vfiprintf.o)
                              c:/program files (x86)/atmel/studio/7.0/toolchain/arm/arm-gnu-toolchain/bin/../lib/gcc/arm-none-eabi/5.3.1/../../../../arm-none-eabi/lib/armv7e-m\libc.a(lib_a-iprintf.o) (_vfiprintf_r)
c:/program files (x86)/atmel/studio/7.0/toolchain/arm/arm-gnu-toolchain/bin/../lib/gcc/arm-none-eabi/5.3.1/../../../../arm-none-eabi/lib/armv7e-m\libc.a(lib_a-wsetup.o)
                              c:/program files (x86)/atmel/studio/7.0/toolchain/arm/arm-gnu-toolchain/bin/../lib/gcc/arm-none-eabi/5.3.1/../../../../arm-none-eabi/lib/armv7e-m\libc.a(lib_a-vfiprintf.o) (__swsetup_r)
c:/program files (x86)/atmel/studio/7.0/toolchain/arm/arm-gnu-toolchain/bin/../lib/gcc/arm-none-eabi/5.3.1/../../../../arm-none-eabi/lib/armv7e-m\libc.a(lib_a-__call_atexit.o)
                              c:/program files (x86)/atmel/studio/7.0/toolchain/arm/arm-gnu-toolchain/bin/../lib/gcc/arm-none-eabi/5.3.1/../../../../arm-none-eabi/lib/armv7e-m\libc.a(lib_a-exit.o) (__call_exitprocs)
c:/program files (x86)/atmel/studio/7.0/toolchain/arm/arm-gnu-toolchain/bin/../lib/gcc/arm-none-eabi/5.3.1/../../../../arm-none-eabi/lib/armv7e-m\libc.a(lib_a-atexit.o)
                              c:/program files (x86)/atmel/studio/7.0/toolchain/arm/arm-gnu-toolchain/bin/../lib/gcc/arm-none-eabi/5.3.1/../../../../arm-none-eabi/lib/armv7e-m\libc.a(lib_a-__call_atexit.o) (atexit)
c:/program files (x86)/atmel/studio/7.0/toolchain/arm/arm-gnu-toolchain/bin/../lib/gcc/arm-none-eabi/5.3.1/../../../../arm-none-eabi/lib/armv7e-m\libc.a(lib_a-fflush.o)
                              c:/program files (x86)/atmel/studio/7.0/toolchain/arm/arm-gnu-toolchain/bin/../lib/gcc/arm-none-eabi/5.3.1/../../../../arm-none-eabi/lib/armv7e-m\libc.a(lib_a-setvbuf.o) (_fflush_r)
[...]
Memory Configuration

Name             Origin             Length             Attributes
rom              0x00400000         0x00200000         xr
ram              0x20400000         0x00060000         xrw
*default*        0x00000000         0xffffffff

Linker script and memory map

LOAD c:/program files (x86)/atmel/studio/7.0/toolchain/arm/arm-gnu-toolchain/bin/../lib/gcc/arm-none-eabi/5.3.1/armv7e-m/crti.o
LOAD c:/program files (x86)/atmel/studio/7.0/toolchain/arm/arm-gnu-toolchain/bin/../lib/gcc/arm-none-eabi/5.3.1/armv7e-m/crtbegin.o
LOAD c:/program files (x86)/atmel/studio/7.0/toolchain/arm/arm-gnu-toolchain/bin/../lib/gcc/arm-none-eabi/5.3.1/../../../../arm-none-eabi/lib/armv7e-m/crt0.o
LOAD src/main.o
LOAD src/ASF/common/services/delay/sam/cycle_counter.o
LOAD src/ASF/sam/drivers/rtc/rtc.o
LOAD src/ASF/sam/drivers/tc/tc.o
LOAD src/ASF/common/services/clock/same70/sysclk.o
LOAD src/ASF/common/services/serial/usart_serial.o
LOAD src/ASF/common/services/sleepmgr/sam/sleepmgr.o
LOAD src/ASF/common/utils/interrupt/interrupt_sam_nvic.o
LOAD src/ASF/common/utils/stdio/read.o
LOAD src/ASF/common/utils/stdio/write.o
LOAD src/ASF/sam/boards/same70_xplained/init.o
LOAD src/ASF/sam/drivers/afec/afec.o
LOAD src/ASF/sam/drivers/mpu/mpu.o
LOAD src/ASF/sam/drivers/pio/pio.o
LOAD src/ASF/sam/drivers/pio/pio_handler.o
LOAD src/ASF/sam/drivers/pmc/pmc.o
LOAD src/ASF/sam/drivers/pmc/sleep.o
LOAD src/ASF/sam/drivers/uart/uart.o
LOAD src/ASF/sam/drivers/usart/usart.o
LOAD src/ASF/sam/utils/cmsis/same70/source/templates/gcc/startup_same70.o
LOAD src/ASF/sam/utils/cmsis/same70/source/templates/system_same70.o
LOAD src/ASF/sam/utils/syscalls/gcc/syscalls.o
START GROUP
LOAD ../src/ASF/thirdparty/CMSIS/Lib/GCC\libarm_cortexM7lfsp_math_softfp.a
LOAD c:/program files (x86)/atmel/studio/7.0/toolchain/arm/arm-gnu-toolchain/bin/../lib/gcc/arm-none-eabi/5.3.1/../../../../arm-none-eabi/lib/armv7e-m\libm.a
END GROUP
START GROUP
LOAD c:/program files (x86)/atmel/studio/7.0/toolchain/arm/arm-gnu-toolchain/bin/../lib/gcc/arm-none-eabi/5.3.1/armv7e-m\libgcc.a
LOAD c:/program files (x86)/atmel/studio/7.0/toolchain/arm/arm-gnu-toolchain/bin/../lib/gcc/arm-none-eabi/5.3.1/../../../../arm-none-eabi/lib/armv7e-m\libc.a
END GROUP
LOAD c:/program files (x86)/atmel/studio/7.0/toolchain/arm/arm-gnu-toolchain/bin/../lib/gcc/arm-none-eabi/5.3.1/armv7e-m/crtend.o
LOAD c:/program files (x86)/atmel/studio/7.0/toolchain/arm/arm-gnu-toolchain/bin/../lib/gcc/arm-none-eabi/5.3.1/armv7e-m/crtn.o
                0x00002000                STACK_SIZE = DEFINED (STACK_SIZE)?STACK_SIZE:0x2000
                0x2045fffc                __ram_end__ = ((ORIGIN (ram) + LENGTH (ram)) - 0x4)
                0x00000200                HEAP_SIZE = DEFINED (HEAP_SIZE)?HEAP_SIZE:0x200

.text           0x00400000     0x4400
                0x00400000                . = ALIGN (0x4)
                0x00400000                _sfixed = .
 *(.vectors .vectors.*)
 .vectors       0x00400000      0x140 src/ASF/sam/utils/cmsis/same70/source/templates/gcc/startup_same70.o
                0x00400000                exception_table
 *(.text .text.* .gnu.linkonce.t.*)
 .text          0x00400140       0x5c c:/program files (x86)/atmel/studio/7.0/toolchain/arm/arm-gnu-toolchain/bin/../lib/gcc/arm-none-eabi/5.3.1/armv7e-m/crtbegin.o
 .text.AFEC_Temp_callback
                0x0040019c       0x20 src/main.o
 .text.usart_serial_getchar
                0x004001bc       0xd8 src/main.o
 .text.usart_serial_putchar
                0x00400294       0xd4 src/main.o
 .text.TC1_init
                0x00400368       0x7c src/main.o
                0x00400368                TC1_init
 .text.TC1_Handler
                0x004003e4       0x78 src/main.o
                0x004003e4                TC1_Handler
 .text.main     0x0040045c      0x154 src/main.o
                0x0040045c                main
 .text.tc_init  0x004005b0       0x1c src/ASF/sam/drivers/tc/tc.o
                0x004005b0                tc_init
 .text.tc_start
                0x004005cc        0x8 src/ASF/sam/drivers/tc/tc.o
                0x004005cc                tc_start
 .text.tc_write_rc
                0x004005d4        0x8 src/ASF/sam/drivers/tc/tc.o
                0x004005d4                tc_write_rc
 .text.tc_enable_interrupt
                0x004005dc        0x8 src/ASF/sam/drivers/tc/tc.o
                0x004005dc                tc_enable_interrupt
 .text.tc_get_status
                0x004005e4        0x8 src/ASF/sam/drivers/tc/tc.o
                0x004005e4                tc_get_status
 .text.tc_find_mck_divisor
                0x004005ec       0x74 src/ASF/sam/drivers/tc/tc.o
                0x004005ec                tc_find_mck_divisor
 .text.sysclk_init
                0x00400660       0x70 src/ASF/common/services/clock/same70/sysclk.o
                0x00400660                sysclk_init
 .text._read    0x004006d0       0x3c src/ASF/common/utils/stdio/read.o
                0x004006d0                _read
 .text._write   0x0040070c       0x50 src/ASF/common/utils/stdio/write.o
                0x0040070c                _write
 .text.board_init
                0x0040075c      0x184 src/ASF/sam/boards/same70_xplained/init.o
                0x0040075c                board_init
 .text.afec_process_callback
                0x004008e0       0x80 src/ASF/sam/drivers/afec/afec.o
 .text.afec_ch_set_config
                0x00400960       0x30 src/ASF/sam/drivers/afec/afec.o
                0x00400960                afec_ch_set_config
 .text.afec_temp_sensor_set_config
                0x00400990       0x14 src/ASF/sam/drivers/afec/afec.o
                0x00400990                afec_temp_sensor_set_config
 .text.afec_get_config_defaults
                0x004009a4       0x30 src/ASF/sam/drivers/afec/afec.o
                0x004009a4                afec_get_config_defaults
 .text.afec_ch_get_config_defaults
                0x004009d4        0xc src/ASF/sam/drivers/afec/afec.o
                0x004009d4                afec_ch_get_config_defaults
 .text.afec_temp_sensor_get_config_defaults
                0x004009e0       0x14 src/ASF/sam/drivers/afec/afec.o
                0x004009e0                afec_temp_sensor_get_config_defaults
 .text.afec_init
                0x004009f4       0xc8 src/ASF/sam/drivers/afec/afec.o
                0x004009f4                afec_init
 .text.afec_enable_interrupt
                0x00400abc       0x38 src/ASF/sam/drivers/afec/afec.o
                0x00400abc                afec_enable_interrupt
 .text.afec_set_callback
                0x00400af4       0x58 src/ASF/sam/drivers/afec/afec.o
                0x00400af4                afec_set_callback
 .text.AFEC0_Handler
                0x00400b4c       0x14 src/ASF/sam/drivers/afec/afec.o
                0x00400b4c                AFEC0_Handler
 .text.AFEC1_Handler
                0x00400b60       0x14 src/ASF/sam/drivers/afec/afec.o
                0x00400b60                AFEC1_Handler
 .text.afec_enable
                0x00400b74       0x64 src/ASF/sam/drivers/afec/afec.o
                0x00400b74                afec_enable
 .text.pio_get_interrupt_status
                0x00400bd8        0x4 src/ASF/sam/drivers/pio/pio.o
                0x00400bd8                pio_get_interrupt_status
 .text.pio_get_interrupt_mask
                0x00400bdc        0x4 src/ASF/sam/drivers/pio/pio.o
                0x00400bdc                pio_get_interrupt_mask
 .text.pio_handler_process
                0x00400be0       0x50 src/ASF/sam/drivers/pio/pio_handler.o
                0x00400be0                pio_handler_process
 .text.PIOA_Handler
                0x00400c30       0x14 src/ASF/sam/drivers/pio/pio_handler.o
                0x00400c30                PIOA_Handler
 .text.PIOB_Handler
                0x00400c44       0x14 src/ASF/sam/drivers/pio/pio_handler.o
                0x00400c44                PIOB_Handler
 .text.PIOC_Handler
                0x00400c58       0x14 src/ASF/sam/drivers/pio/pio_handler.o
                0x00400c58                PIOC_Handler
 .text.PIOD_Handler
                0x00400c6c       0x14 src/ASF/sam/drivers/pio/pio_handler.o
                0x00400c6c                PIOD_Handler
 .text.PIOE_Handler
                0x00400c80       0x14 src/ASF/sam/drivers/pio/pio_handler.o
                0x00400c80                PIOE_Handler
 .text.pmc_mck_set_division
                0x00400c94       0x3c src/ASF/sam/drivers/pmc/pmc.o
                0x00400c94                pmc_mck_set_division
 .text.pmc_switch_mck_to_pllack
                0x00400cd0       0x68 src/ASF/sam/drivers/pmc/pmc.o
                0x00400cd0                pmc_switch_mck_to_pllack
 .text.pmc_switch_mainck_to_xtal
                0x00400d38       0x54 src/ASF/sam/drivers/pmc/pmc.o
                0x00400d38                pmc_switch_mainck_to_xtal
 .text.pmc_osc_is_ready_mainck
                0x00400d8c       0x10 src/ASF/sam/drivers/pmc/pmc.o
                0x00400d8c                pmc_osc_is_ready_mainck
 .text.pmc_disable_pllack
                0x00400d9c       0x10 src/ASF/sam/drivers/pmc/pmc.o
                0x00400d9c                pmc_disable_pllack
 .text.pmc_is_locked_pllack
                0x00400dac       0x10 src/ASF/sam/drivers/pmc/pmc.o
                0x00400dac                pmc_is_locked_pllack
 .text.pmc_enable_periph_clk
                0x00400dbc       0x54 src/ASF/sam/drivers/pmc/pmc.o
                0x00400dbc                pmc_enable_periph_clk
 .text.uart_write
                0x00400e10       0x14 src/ASF/sam/drivers/uart/uart.o
                0x00400e10                uart_write
 .text.uart_read
                0x00400e24       0x14 src/ASF/sam/drivers/uart/uart.o
                0x00400e24                uart_read
 .text.usart_set_async_baudrate
                0x00400e38       0x60 src/ASF/sam/drivers/usart/usart.o
                0x00400e38                usart_set_async_baudrate
 .text.usart_reset
                0x00400e98       0x28 src/ASF/sam/drivers/usart/usart.o
                0x00400e98                usart_reset
 .text.usart_init_rs232
                0x00400ec0       0x54 src/ASF/sam/drivers/usart/usart.o
                0x00400ec0                usart_init_rs232
 .text.usart_enable_tx
                0x00400f14        0x8 src/ASF/sam/drivers/usart/usart.o
                0x00400f14                usart_enable_tx
 .text.usart_enable_rx
                0x00400f1c        0x8 src/ASF/sam/drivers/usart/usart.o
                0x00400f1c                usart_enable_rx
 .text.usart_write
                0x00400f24       0x18 src/ASF/sam/drivers/usart/usart.o
                0x00400f24                usart_write
 .text.usart_read
                0x00400f3c       0x18 src/ASF/sam/drivers/usart/usart.o
                0x00400f3c                usart_read
 .text.Dummy_Handler
                0x00400f54        0x4 src/ASF/sam/utils/cmsis/same70/source/templates/gcc/startup_same70.o
                0x00400f54                DACC_Handler
                0x00400f54                DebugMon_Handler
                0x00400f54                UART3_Handler
                0x00400f54                UART2_Handler
                0x00400f54                TRNG_Handler
                0x00400f54                HardFault_Handler
                0x00400f54                TC2_Handler
                0x00400f54                SysTick_Handler
                0x00400f54                PendSV_Handler
                0x00400f54                NMI_Handler
                0x00400f54                TC7_Handler
                0x00400f54                QSPI_Handler
                0x00400f54                ISI_Handler
                0x00400f54                TC9_Handler
                0x00400f54                RSWDT_Handler
                0x00400f54                MCAN1_Handler
                0x00400f54                USART0_Handler
                0x00400f54                RTT_Handler
                0x00400f54                USBHS_Handler
                0x00400f54                RTC_Handler
                0x00400f54                UsageFault_Handler
                0x00400f54                TC6_Handler
                0x00400f54                WDT_Handler
                0x00400f54                TC4_Handler
                0x00400f54                HSMCI_Handler
                0x00400f54                UART1_Handler
                0x00400f54                TC3_Handler
                0x00400f54                Dummy_Handler
                0x00400f54                TWIHS1_Handler
                0x00400f54                XDMAC_Handler
                0x00400f54                UART4_Handler
                0x00400f54                PWM1_Handler
                0x00400f54                USART1_Handler
                0x00400f54                PWM0_Handler
                0x00400f54                SSC_Handler
                0x00400f54                TC11_Handler
                0x00400f54                ACC_Handler
                0x00400f54                PMC_Handler
                0x00400f54                GMAC_Handler
                0x00400f54                MemManage_Handler
                0x00400f54                SUPC_Handler
                0x00400f54                SVC_Handler
                0x00400f54                TC8_Handler
                0x00400f54                EFC_Handler
                0x00400f54                USART2_Handler
                0x00400f54                SDRAMC_Handler
                0x00400f54                SPI1_Handler
                0x00400f54                MCAN0_Handler
                0x00400f54                TC10_Handler
                0x00400f54                TWIHS2_Handler
                0x00400f54                UART0_Handler
                0x00400f54                BusFault_Handler
                0x00400f54                RSTC_Handler
                0x00400f54                TC0_Handler
                0x00400f54                TC5_Handler
                0x00400f54                ICM_Handler
                0x00400f54                AES_Handler
                0x00400f54                TWIHS0_Handler
                0x00400f54                SPI0_Handler
 .text.Reset_Handler
                0x00400f58       0xdc src/ASF/sam/utils/cmsis/same70/source/templates/gcc/startup_same70.o
                0x00400f58                Reset_Handler
 .text.SystemCoreClockUpdate
                0x00401034      0x110 src/ASF/sam/utils/cmsis/same70/source/templates/system_same70.o
                0x00401034                SystemCoreClockUpdate
 .text.system_init_flash
                0x00401144       0x8c src/ASF/sam/utils/cmsis/same70/source/templates/system_same70.o
                0x00401144                system_init_flash
 .text._sbrk    0x004011d0       0x34 src/ASF/sam/utils/syscalls/gcc/syscalls.o
                0x004011d0                _sbrk
 .text._close   0x00401204        0x8 src/ASF/sam/utils/syscalls/gcc/syscalls.o
                0x00401204                _close
 .text._fstat   0x0040120c        0xc src/ASF/sam/utils/syscalls/gcc/syscalls.o
                0x0040120c                _fstat
 .text._isatty  0x00401218        0x4 src/ASF/sam/utils/syscalls/gcc/syscalls.o
                0x00401218                _isatty
 .text._lseek   0x0040121c        0x4 src/ASF/sam/utils/syscalls/gcc/syscalls.o
                0x0040121c                _lseek
 .text.__libc_init_array
                0x00401220       0x50 c:/program files (x86)/atmel/studio/7.0/toolchain/arm/arm-gnu-toolchain/bin/../lib/gcc/arm-none-eabi/5.3.1/../../../../arm-none-eabi/lib/armv7e-m\libc.a(lib_a-init.o)
                0x00401220                __libc_init_array
 .text.iprintf  0x00401270       0x28 c:/program files (x86)/atmel/studio/7.0/toolchain/arm/arm-gnu-toolchain/bin/../lib/gcc/arm-none-eabi/5.3.1/../../../../arm-none-eabi/lib/armv7e-m\libc.a(lib_a-iprintf.o)
                0x00401270                iprintf
 .text.memset   0x00401298       0x9c c:/program files (x86)/atmel/studio/7.0/toolchain/arm/arm-gnu-toolchain/bin/../lib/gcc/arm-none-eabi/5.3.1/../../../../arm-none-eabi/lib/armv7e-m\libc.a(lib_a-memset.o)
                0x00401298                memset
 .text._puts_r  0x00401334       0x68 c:/program files (x86)/atmel/studio/7.0/toolchain/arm/arm-gnu-toolchain/bin/../lib/gcc/arm-none-eabi/5.3.1/../../../../arm-none-eabi/lib/armv7e-m\libc.a(lib_a-puts.o)
                0x00401334                _puts_r
 .text.puts     0x0040139c       0x10 c:/program files (x86)/atmel/studio/7.0/toolchain/arm/arm-gnu-toolchain/bin/../lib/gcc/arm-none-eabi/5.3.1/../../../../arm-none-eabi/lib/armv7e-m\libc.a(lib_a-puts.o)
                0x0040139c                puts
 .text.setbuf   0x004013ac       0x10 c:/program files (x86)/atmel/studio/7.0/toolchain/arm/arm-gnu-toolchain/bin/../lib/gcc/arm-none-eabi/5.3.1/../../../../arm-none-eabi/lib/armv7e-m\libc.a(lib_a-setbuf.o)
                0x004013ac                setbuf
 .text.setvbuf  0x004013bc      0x150 c:/program files (x86)/atmel/studio/7.0/toolchain/arm/arm-gnu-toolchain/bin/../lib/gcc/arm-none-eabi/5.3.1/../../../../arm-none-eabi/lib/armv7e-m\libc.a(lib_a-setvbuf.o)
                0x004013bc                setvbuf
 *fill*         0x0040150c       0x34 
 .text          0x00401540       0xdc c:/program files (x86)/atmel/studio/7.0/toolchain/arm/arm-gnu-toolchain/bin/../lib/gcc/arm-none-eabi/5.3.1/../../../../arm-none-eabi/lib/armv7e-m\libc.a(lib_a-strlen.o)
                0x00401540                strlen
 .text.__sprint_r.part.0
                0x0040161c       0x78 c:/program files (x86)/atmel/studio/7.0/toolchain/arm/arm-gnu-toolchain/bin/../lib/gcc/arm-none-eabi/5.3.1/../../../../arm-none-eabi/lib/armv7e-m\libc.a(lib_a-vfiprintf.o)
 .text._vfiprintf_r
                0x00401694      0xdfc c:/program files (x86)/atmel/studio/7.0/toolchain/arm/arm-gnu-toolchain/bin/../lib/gcc/arm-none-eabi/5.3.1/../../../../arm-none-eabi/lib/armv7e-m\libc.a(lib_a-vfiprintf.o)
                0x00401694                _vfiprintf_r
 .text.__sbprintf
                0x00402490       0x6c c:/program files (x86)/atmel/studio/7.0/toolchain/arm/arm-gnu-toolchain/bin/../lib/gcc/arm-none-eabi/5.3.1/../../../../arm-none-eabi/lib/armv7e-m\libc.a(lib_a-vfiprintf.o)
 .text.__swsetup_r
                0x004024fc       0xc8 c:/program files (x86)/atmel/studio/7.0/toolchain/arm/arm-gnu-toolchain/bin/../lib/gcc/arm-none-eabi/5.3.1/../../../../arm-none-eabi/lib/armv7e-m\libc.a(lib_a-wsetup.o)
                0x004024fc                __swsetup_r
 .text.startup.register_fini
                0x004025c4       0x14 c:/program files (x86)/atmel/studio/7.0/toolchain/arm/arm-gnu-toolchain/bin/../lib/gcc/arm-none-eabi/5.3.1/../../../../arm-none-eabi/lib/armv7e-m\libc.a(lib_a-__call_atexit.o)
 .text.atexit   0x004025d8        0xc c:/program files (x86)/atmel/studio/7.0/toolchain/arm/arm-gnu-toolchain/bin/../lib/gcc/arm-none-eabi/5.3.1/../../../../arm-none-eabi/lib/armv7e-m\libc.a(lib_a-atexit.o)
                0x004025d8                atexit
 .text.__sflush_r
                0x004025e4      0x148 c:/program files (x86)/atmel/studio/7.0/toolchain/arm/arm-gnu-toolchain/bin/../lib/gcc/arm-none-eabi/5.3.1/../../../../arm-none-eabi/lib/armv7e-m\libc.a(lib_a-fflush.o)
                0x004025e4                __sflush_r
 .text._fflush_r
                0x0040272c       0x2c c:/program files (x86)/atmel/studio/7.0/toolchain/arm/arm-gnu-toolchain/bin/../lib/gcc/arm-none-eabi/5.3.1/../../../../arm-none-eabi/lib/armv7e-m\libc.a(lib_a-fflush.o)
                0x0040272c                _fflush_r
 .text._cleanup_r
                0x00402758        0xc c:/program files (x86)/atmel/studio/7.0/toolchain/arm/arm-gnu-toolchain/bin/../lib/gcc/arm-none-eabi/5.3.1/../../../../arm-none-eabi/lib/armv7e-m\libc.a(lib_a-findfp.o)
                0x00402758                _cleanup_r
 .text.__sinit.part.1
                0x00402764       0xf0 c:/program files (x86)/atmel/studio/7.0/toolchain/arm/arm-gnu-toolchain/bin/../lib/gcc/arm-none-eabi/5.3.1/../../../../arm-none-eabi/lib/armv7e-m\libc.a(lib_a-findfp.o)
 .text.__sinit  0x00402854        0xc c:/program files (x86)/atmel/studio/7.0/toolchain/arm/arm-gnu-toolchain/bin/../lib/gcc/arm-none-eabi/5.3.1/../../../../arm-none-eabi/lib/armv7e-m\libc.a(lib_a-findfp.o)
                0x00402854                __sinit
 .text.__sfp_lock_acquire
                0x00402860        0x4 c:/program files (x86)/atmel/studio/7.0/toolchain/arm/arm-gnu-toolchain/bin/../lib/gcc/arm-none-eabi/5.3.1/../../../../arm-none-eabi/lib/armv7e-m\libc.a(lib_a-findfp.o)
                0x00402860                __sfp_lock_acquire
 .text.__sfp_lock_release
                0x00402864        0x4 c:/program files (x86)/atmel/studio/7.0/toolchain/arm/arm-gnu-toolchain/bin/../lib/gcc/arm-none-eabi/5.3.1/../../../../arm-none-eabi/lib/armv7e-m\libc.a(lib_a-findfp.o)
                0x00402864                __sfp_lock_release
 .text.__libc_fini_array
                0x00402868       0x28 c:/program files (x86)/atmel/studio/7.0/toolchain/arm/arm-gnu-toolchain/bin/../lib/gcc/arm-none-eabi/5.3.1/../../../../arm-none-eabi/lib/armv7e-m\libc.a(lib_a-fini.o)
                0x00402868                __libc_fini_array
 .text.__fputwc
                0x00402890       0x98 c:/program files (x86)/atmel/studio/7.0/toolchain/arm/arm-gnu-toolchain/bin/../lib/gcc/arm-none-eabi/5.3.1/../../../../arm-none-eabi/lib/armv7e-m\libc.a(lib_a-fputwc.o)
                0x00402890                __fputwc
 .text._fputwc_r
                0x00402928       0x24 c:/program files (x86)/atmel/studio/7.0/toolchain/arm/arm-gnu-toolchain/bin/../lib/gcc/arm-none-eabi/5.3.1/../../../../arm-none-eabi/lib/armv7e-m\libc.a(lib_a-fputwc.o)
                0x00402928                _fputwc_r
 .text._malloc_trim_r
                0x0040294c       0x9c c:/program files (x86)/atmel/studio/7.0/toolchain/arm/arm-gnu-toolchain/bin/../lib/gcc/arm-none-eabi/5.3.1/../../../../arm-none-eabi/lib/armv7e-m\libc.a(lib_a-freer.o)
                0x0040294c                _malloc_trim_r
 .text._free_r  0x004029e8      0x1d0 c:/program files (x86)/atmel/studio/7.0/toolchain/arm/arm-gnu-toolchain/bin/../lib/gcc/arm-none-eabi/5.3.1/../../../../arm-none-eabi/lib/armv7e-m\libc.a(lib_a-freer.o)
                0x004029e8                _free_r
 .text.__sfvwrite_r
                0x00402bb8      0x304 c:/program files (x86)/atmel/studio/7.0/toolchain/arm/arm-gnu-toolchain/bin/../lib/gcc/arm-none-eabi/5.3.1/../../../../arm-none-eabi/lib/armv7e-m\libc.a(lib_a-fvwrite.o)
                0x00402bb8                __sfvwrite_r
 .text._fwalk_reent
                0x00402ebc       0x54 c:/program files (x86)/atmel/studio/7.0/toolchain/arm/arm-gnu-toolchain/bin/../lib/gcc/arm-none-eabi/5.3.1/../../../../arm-none-eabi/lib/armv7e-m\libc.a(lib_a-fwalk.o)
                0x00402ebc                _fwalk_reent
 .text.__locale_charset
                0x00402f10        0x8 c:/program files (x86)/atmel/studio/7.0/toolchain/arm/arm-gnu-toolchain/bin/../lib/gcc/arm-none-eabi/5.3.1/../../../../arm-none-eabi/lib/armv7e-m\libc.a(lib_a-locale.o)
                0x00402f10                __locale_charset
 .text.__locale_mb_cur_max
                0x00402f18        0xc c:/program files (x86)/atmel/studio/7.0/toolchain/arm/arm-gnu-toolchain/bin/../lib/gcc/arm-none-eabi/5.3.1/../../../../arm-none-eabi/lib/armv7e-m\libc.a(lib_a-locale.o)
                0x00402f18                __locale_mb_cur_max
 .text.__swhatbuf_r
                0x00402f24       0x60 c:/program files (x86)/atmel/studio/7.0/toolchain/arm/arm-gnu-toolchain/bin/../lib/gcc/arm-none-eabi/5.3.1/../../../../arm-none-eabi/lib/armv7e-m\libc.a(lib_a-makebuf.o)
                0x00402f24                __swhatbuf_r
 .text.__smakebuf_r
                0x00402f84       0x88 c:/program files (x86)/atmel/studio/7.0/toolchain/arm/arm-gnu-toolchain/bin/../lib/gcc/arm-none-eabi/5.3.1/../../../../arm-none-eabi/lib/armv7e-m\libc.a(lib_a-makebuf.o)
                0x00402f84                __smakebuf_r
 .text.malloc   0x0040300c       0x10 c:/program files (x86)/atmel/studio/7.0/toolchain/arm/arm-gnu-toolchain/bin/../lib/gcc/arm-none-eabi/5.3.1/../../../../arm-none-eabi/lib/armv7e-m\libc.a(lib_a-malloc.o)
                0x0040300c                malloc
 .text._malloc_r
                0x0040301c      0x570 c:/program files (x86)/atmel/studio/7.0/toolchain/arm/arm-gnu-toolchain/bin/../lib/gcc/arm-none-eabi/5.3.1/../../../../arm-none-eabi/lib/armv7e-m\libc.a(lib_a-mallocr.o)
                0x0040301c                _malloc_r
 *fill*         0x0040358c        0x4 
 .text          0x00403590       0xa0 c:/program files (x86)/atmel/studio/7.0/toolchain/arm/arm-gnu-toolchain/bin/../lib/gcc/arm-none-eabi/5.3.1/../../../../arm-none-eabi/lib/armv7e-m\libc.a(lib_a-memchr.o)
                0x00403590                memchr
 .text          0x00403630      0x134 c:/program files (x86)/atmel/studio/7.0/toolchain/arm/arm-gnu-toolchain/bin/../lib/gcc/arm-none-eabi/5.3.1/../../../../arm-none-eabi/lib/armv7e-m\libc.a(lib_a-memcpy.o)
                0x00403630                memcpy
 .text.memmove  0x00403764       0xc8 c:/program files (x86)/atmel/studio/7.0/toolchain/arm/arm-gnu-toolchain/bin/../lib/gcc/arm-none-eabi/5.3.1/../../../../arm-none-eabi/lib/armv7e-m\libc.a(lib_a-memmove.o)
                0x00403764                memmove
 .text.__malloc_lock
                0x0040382c        0x4 c:/program files (x86)/atmel/studio/7.0/toolchain/arm/arm-gnu-toolchain/bin/../lib/gcc/arm-none-eabi/5.3.1/../../../../arm-none-eabi/lib/armv7e-m\libc.a(lib_a-mlock.o)
                0x0040382c                __malloc_lock
 .text.__malloc_unlock
                0x00403830        0x4 c:/program files (x86)/atmel/studio/7.0/toolchain/arm/arm-gnu-toolchain/bin/../lib/gcc/arm-none-eabi/5.3.1/../../../../arm-none-eabi/lib/armv7e-m\libc.a(lib_a-mlock.o)
                0x00403830                __malloc_unlock
 .text._realloc_r
                0x00403834      0x3e0 c:/program files (x86)/atmel/studio/7.0/toolchain/arm/arm-gnu-toolchain/bin/../lib/gcc/arm-none-eabi/5.3.1/../../../../arm-none-eabi/lib/armv7e-m\libc.a(lib_a-reallocr.o)
                0x00403834                _realloc_r
 .text._sbrk_r  0x00403c14       0x24 c:/program files (x86)/atmel/studio/7.0/toolchain/arm/arm-gnu-toolchain/bin/../lib/gcc/arm-none-eabi/5.3.1/../../../../arm-none-eabi/lib/armv7e-m\libc.a(lib_a-sbrkr.o)
                0x00403c14                _sbrk_r
 .text.__sread  0x00403c38       0x24 c:/program files (x86)/atmel/studio/7.0/toolchain/arm/arm-gnu-toolchain/bin/../lib/gcc/arm-none-eabi/5.3.1/../../../../arm-none-eabi/lib/armv7e-m\libc.a(lib_a-stdio.o)
                0x00403c38                __sread
 .text.__swrite
                0x00403c5c       0x3c c:/program files (x86)/atmel/studio/7.0/toolchain/arm/arm-gnu-toolchain/bin/../lib/gcc/arm-none-eabi/5.3.1/../../../../arm-none-eabi/lib/armv7e-m\libc.a(lib_a-stdio.o)
                0x00403c5c                __swrite
 .text.__sseek  0x00403c98       0x20 c:/program files (x86)/atmel/studio/7.0/toolchain/arm/arm-gnu-toolchain/bin/../lib/gcc/arm-none-eabi/5.3.1/../../../../arm-none-eabi/lib/armv7e-m\libc.a(lib_a-stdio.o)
                0x00403c98                __sseek
 .text.__sclose
                0x00403cb8        0x8 c:/program files (x86)/atmel/studio/7.0/toolchain/arm/arm-gnu-toolchain/bin/../lib/gcc/arm-none-eabi/5.3.1/../../../../arm-none-eabi/lib/armv7e-m\libc.a(lib_a-stdio.o)
                0x00403cb8                __sclose
 .text.__swbuf_r
                0x00403cc0       0xac c:/program files (x86)/atmel/studio/7.0/toolchain/arm/arm-gnu-toolchain/bin/../lib/gcc/arm-none-eabi/5.3.1/../../../../arm-none-eabi/lib/armv7e-m\libc.a(lib_a-wbuf.o)
                0x00403cc0                __swbuf_r
 .text._wcrtomb_r
                0x00403d6c       0x54 c:/program files (x86)/atmel/studio/7.0/toolchain/arm/arm-gnu-toolchain/bin/../lib/gcc/arm-none-eabi/5.3.1/../../../../arm-none-eabi/lib/armv7e-m\libc.a(lib_a-wcrtomb.o)
                0x00403d6c                _wcrtomb_r
 .text.__ascii_wctomb
                0x00403dc0       0x1c c:/program files (x86)/atmel/studio/7.0/toolchain/arm/arm-gnu-toolchain/bin/../lib/gcc/arm-none-eabi/5.3.1/../../../../arm-none-eabi/lib/armv7e-m\libc.a(lib_a-wctomb_r.o)
                0x00403dc0                __ascii_wctomb
 .text._write_r
                0x00403ddc       0x2c c:/program files (x86)/atmel/studio/7.0/toolchain/arm/arm-gnu-toolchain/bin/../lib/gcc/arm-none-eabi/5.3.1/../../../../arm-none-eabi/lib/armv7e-m\libc.a(lib_a-writer.o)
                0x00403ddc                _write_r
 .text.__register_exitproc
                0x00403e08       0xa4 c:/program files (x86)/atmel/studio/7.0/toolchain/arm/arm-gnu-toolchain/bin/../lib/gcc/arm-none-eabi/5.3.1/../../../../arm-none-eabi/lib/armv7e-m\libc.a(lib_a-__atexit.o)
                0x00403e08                __register_exitproc
 .text._close_r
                0x00403eac       0x24 c:/program files (x86)/atmel/studio/7.0/toolchain/arm/arm-gnu-toolchain/bin/../lib/gcc/arm-none-eabi/5.3.1/../../../../arm-none-eabi/lib/armv7e-m\libc.a(lib_a-closer.o)
                0x00403eac                _close_r
 .text._fclose_r
                0x00403ed0       0x84 c:/program files (x86)/atmel/studio/7.0/toolchain/arm/arm-gnu-toolchain/bin/../lib/gcc/arm-none-eabi/5.3.1/../../../../arm-none-eabi/lib/armv7e-m\libc.a(lib_a-fclose.o)
                0x00403ed0                _fclose_r
 .text._fstat_r
                0x00403f54       0x28 c:/program files (x86)/atmel/studio/7.0/toolchain/arm/arm-gnu-toolchain/bin/../lib/gcc/arm-none-eabi/5.3.1/../../../../arm-none-eabi/lib/armv7e-m\libc.a(lib_a-fstatr.o)
                0x00403f54                _fstat_r
 .text._isatty_r
                0x00403f7c       0x24 c:/program files (x86)/atmel/studio/7.0/toolchain/arm/arm-gnu-toolchain/bin/../lib/gcc/arm-none-eabi/5.3.1/../../../../arm-none-eabi/lib/armv7e-m\libc.a(lib_a-isattyr.o)
                0x00403f7c                _isatty_r
 .text._lseek_r
                0x00403fa0       0x2c c:/program files (x86)/atmel/studio/7.0/toolchain/arm/arm-gnu-toolchain/bin/../lib/gcc/arm-none-eabi/5.3.1/../../../../arm-none-eabi/lib/armv7e-m\libc.a(lib_a-lseekr.o)
                0x00403fa0                _lseek_r
 .text._read_r  0x00403fcc       0x2c c:/program files (x86)/atmel/studio/7.0/toolchain/arm/arm-gnu-toolchain/bin/../lib/gcc/arm-none-eabi/5.3.1/../../../../arm-none-eabi/lib/armv7e-m\libc.a(lib_a-readr.o)
                0x00403fcc                _read_r
 .text          0x00403ff8       0x30 c:/program files (x86)/atmel/studio/7.0/toolchain/arm/arm-gnu-toolchain/bin/../lib/gcc/arm-none-eabi/5.3.1/armv7e-m\libgcc.a(_aeabi_uldivmod.o)
                0x00403ff8                __aeabi_uldivmod
 .text          0x00404028      0x2e4 c:/program files (x86)/atmel/studio/7.0/toolchain/arm/arm-gnu-toolchain/bin/../lib/gcc/arm-none-eabi/5.3.1/armv7e-m\libgcc.a(_udivmoddi4.o)
                0x00404028                __udivmoddi4
 .text          0x0040430c        0x4 c:/program files (x86)/atmel/studio/7.0/toolchain/arm/arm-gnu-toolchain/bin/../lib/gcc/arm-none-eabi/5.3.1/armv7e-m\libgcc.a(_dvmd_tls.o)
                0x0040430c                __aeabi_idiv0
                0x0040430c                __aeabi_ldiv0
 *(.glue_7t)
 .glue_7t       0x00404310        0x0 linker stubs
 *(.glue_7)
 .glue_7        0x00404310        0x0 linker stubs
 *(.rodata .rodata* .gnu.linkonce.r.*)
 .rodata.str1.4
                0x00404310       0x70 src/main.o
 .rodata.str1.4
                0x00404380        0x2 c:/program files (x86)/atmel/studio/7.0/toolchain/arm/arm-gnu-toolchain/bin/../lib/gcc/arm-none-eabi/5.3.1/../../../../arm-none-eabi/lib/armv7e-m\libc.a(lib_a-impure.o)
 *fill*         0x00404382        0x2 
 .rodata._global_impure_ptr
                0x00404384        0x4 c:/program files (x86)/atmel/studio/7.0/toolchain/arm/arm-gnu-toolchain/bin/../lib/gcc/arm-none-eabi/5.3.1/../../../../arm-none-eabi/lib/armv7e-m\libc.a(lib_a-impure.o)
                0x00404384                _global_impure_ptr
 .rodata.str1.4
                0x00404388        0x2 c:/program files (x86)/atmel/studio/7.0/toolchain/arm/arm-gnu-toolchain/bin/../lib/gcc/arm-none-eabi/5.3.1/../../../../arm-none-eabi/lib/armv7e-m\libc.a(lib_a-puts.o)
 *fill*         0x0040438a        0x2 
 .rodata.zeroes.6993
                0x0040438c       0x10 c:/program files (x86)/atmel/studio/7.0/toolchain/arm/arm-gnu-toolchain/bin/../lib/gcc/arm-none-eabi/5.3.1/../../../../arm-none-eabi/lib/armv7e-m\libc.a(lib_a-vfiprintf.o)
 .rodata.str1.4
                0x0040439c       0x30 c:/program files (x86)/atmel/studio/7.0/toolchain/arm/arm-gnu-toolchain/bin/../lib/gcc/arm-none-eabi/5.3.1/../../../../arm-none-eabi/lib/armv7e-m\libc.a(lib_a-vfiprintf.o)
                                 0x2f (size before relaxing)
 .rodata.blanks.6992
                0x004043cc       0x10 c:/program files (x86)/atmel/studio/7.0/toolchain/arm/arm-gnu-toolchain/bin/../lib/gcc/arm-none-eabi/5.3.1/../../../../arm-none-eabi/lib/armv7e-m\libc.a(lib_a-vfiprintf.o)
 *(.ARM.extab* .gnu.linkonce.armextab.*)
                0x004043dc                . = ALIGN (0x4)
 *(.init)
 .init          0x004043dc        0x4 c:/program files (x86)/atmel/studio/7.0/toolchain/arm/arm-gnu-toolchain/bin/../lib/gcc/arm-none-eabi/5.3.1/armv7e-m/crti.o
                0x004043dc                _init
 .init          0x004043e0        0x8 c:/program files (x86)/atmel/studio/7.0/toolchain/arm/arm-gnu-toolchain/bin/../lib/gcc/arm-none-eabi/5.3.1/armv7e-m/crtn.o
                0x004043e8                . = ALIGN (0x4)
                0x004043e8                __preinit_array_start = .
 *(.preinit_array)
                0x004043e8                __preinit_array_end = .
                0x004043e8                . = ALIGN (0x4)
                0x004043e8                __init_array_start = .
 *(SORT(.init_array.*))
 .init_array.00000
                0x004043e8        0x4 c:/program files (x86)/atmel/studio/7.0/toolchain/arm/arm-gnu-toolchain/bin/../lib/gcc/arm-none-eabi/5.3.1/../../../../arm-none-eabi/lib/armv7e-m\libc.a(lib_a-__call_atexit.o)
 *(.init_array)
 .init_array    0x004043ec        0x4 c:/program files (x86)/atmel/studio/7.0/toolchain/arm/arm-gnu-toolchain/bin/../lib/gcc/arm-none-eabi/5.3.1/armv7e-m/crtbegin.o
                0x004043f0                __init_array_end = .
                0x004043f0                . = ALIGN (0x4)
 *crtbegin.o(.ctors)
 *(EXCLUDE_FILE(*crtend.o) .ctors)
 *(SORT(.ctors.*))
 *crtend.o(.ctors)
                0x004043f0                . = ALIGN (0x4)
 *(.fini)
 .fini          0x004043f0        0x4 c:/program files (x86)/atmel/studio/7.0/toolchain/arm/arm-gnu-toolchain/bin/../lib/gcc/arm-none-eabi/5.3.1/armv7e-m/crti.o
                0x004043f0                _fini
 .fini          0x004043f4        0x8 c:/program files (x86)/atmel/studio/7.0/toolchain/arm/arm-gnu-toolchain/bin/../lib/gcc/arm-none-eabi/5.3.1/armv7e-m/crtn.o
                0x004043fc                . = ALIGN (0x4)
                0x004043fc                __fini_array_start = .
 *(.fini_array)
 .fini_array    0x004043fc        0x4 c:/program files (x86)/atmel/studio/7.0/toolchain/arm/arm-gnu-toolchain/bin/../lib/gcc/arm-none-eabi/5.3.1/armv7e-m/crtbegin.o
 *(SORT(.fini_array.*))
                0x00404400                __fini_array_end = .
 *crtbegin.o(.dtors)
 *(EXCLUDE_FILE(*crtend.o) .dtors)
 *(SORT(.dtors.*))
 *crtend.o(.dtors)
                0x00404400                . = ALIGN (0x4)
                0x00404400                _efixed = .
                [!provide]                PROVIDE (__exidx_start, .)

.vfp11_veneer   0x00404400        0x0
 .vfp11_veneer  0x00404400        0x0 linker stubs

.v4_bx          0x00404400        0x0
 .v4_bx         0x00404400        0x0 linker stubs

.iplt           0x00404400        0x0
 .iplt          0x00404400        0x0 c:/program files (x86)/atmel/studio/7.0/toolchain/arm/arm-gnu-toolchain/bin/../lib/gcc/arm-none-eabi/5.3.1/armv7e-m/crtbegin.o

.ARM.exidx      0x00404400        0x8
 *(.ARM.exidx* .gnu.linkonce.armexidx.*)
 .ARM.exidx     0x00404400        0x8 c:/program files (x86)/atmel/studio/7.0/toolchain/arm/arm-gnu-toolchain/bin/../lib/gcc/arm-none-eabi/5.3.1/armv7e-m\libgcc.a(_udivmoddi4.o)
                [!provide]                PROVIDE (__exidx_end, .)

.eh_frame       0x00404408        0x0
 .eh_frame      0x00404408        0x0 c:/program files (x86)/atmel/studio/7.0/toolchain/arm/arm-gnu-toolchain/bin/../lib/gcc/arm-none-eabi/5.3.1/armv7e-m/crtbegin.o

.rel.dyn        0x00404408        0x0
 .rel.iplt      0x00404408        0x0 c:/program files (x86)/atmel/studio/7.0/toolchain/arm/arm-gnu-toolchain/bin/../lib/gcc/arm-none-eabi/5.3.1/armv7e-m/crtbegin.o

.jcr            0x00404408        0x0
 .jcr           0x00404408        0x0 c:/program files (x86)/atmel/studio/7.0/toolchain/arm/arm-gnu-toolchain/bin/../lib/gcc/arm-none-eabi/5.3.1/armv7e-m/crtbegin.o

.igot.plt       0x00404408        0x0
 .igot.plt      0x00404408        0x0 c:/program files (x86)/atmel/studio/7.0/toolchain/arm/arm-gnu-toolchain/bin/../lib/gcc/arm-none-eabi/5.3.1/armv7e-m/crtbegin.o
                0x00404408                . = ALIGN (0x4)
                0x00404408                _etext = .

.relocate       0x20400000      0x86c load address 0x00404408
                0x20400000                . = ALIGN (0x4)
                0x20400000                _srelocate = .
 *(.ramfunc .ramfunc.*)
 *(.data .data.*)
 .data.g_interrupt_enabled
                0x20400000        0x1 src/ASF/common/utils/interrupt/interrupt_sam_nvic.o
                0x20400000                g_interrupt_enabled
 *fill*         0x20400001        0x3 
 .data.SystemCoreClock
                0x20400004        0x4 src/ASF/sam/utils/cmsis/same70/source/templates/system_same70.o
                0x20400004                SystemCoreClock
 .data.impure_data
                0x20400008      0x428 c:/program files (x86)/atmel/studio/7.0/toolchain/arm/arm-gnu-toolchain/bin/../lib/gcc/arm-none-eabi/5.3.1/../../../../arm-none-eabi/lib/armv7e-m\libc.a(lib_a-impure.o)
 .data._impure_ptr
                0x20400430        0x4 c:/program files (x86)/atmel/studio/7.0/toolchain/arm/arm-gnu-toolchain/bin/../lib/gcc/arm-none-eabi/5.3.1/../../../../arm-none-eabi/lib/armv7e-m\libc.a(lib_a-impure.o)
                0x20400430                _impure_ptr
 .data.lc_ctype_charset
                0x20400434       0x20 c:/program files (x86)/atmel/studio/7.0/toolchain/arm/arm-gnu-toolchain/bin/../lib/gcc/arm-none-eabi/5.3.1/../../../../arm-none-eabi/lib/armv7e-m\libc.a(lib_a-locale.o)
 .data.__mb_cur_max
                0x20400454        0x4 c:/program files (x86)/atmel/studio/7.0/toolchain/arm/arm-gnu-toolchain/bin/../lib/gcc/arm-none-eabi/5.3.1/../../../../arm-none-eabi/lib/armv7e-m\libc.a(lib_a-locale.o)
                0x20400454                __mb_cur_max
 .data.__malloc_av_
                0x20400458      0x408 c:/program files (x86)/atmel/studio/7.0/toolchain/arm/arm-gnu-toolchain/bin/../lib/gcc/arm-none-eabi/5.3.1/../../../../arm-none-eabi/lib/armv7e-m\libc.a(lib_a-mallocr.o)
                0x20400458                __malloc_av_
 .data.__malloc_trim_threshold
                0x20400860        0x4 c:/program files (x86)/atmel/studio/7.0/toolchain/arm/arm-gnu-toolchain/bin/../lib/gcc/arm-none-eabi/5.3.1/../../../../arm-none-eabi/lib/armv7e-m\libc.a(lib_a-mallocr.o)
                0x20400860                __malloc_trim_threshold
 .data.__malloc_sbrk_base
                0x20400864        0x4 c:/program files (x86)/atmel/studio/7.0/toolchain/arm/arm-gnu-toolchain/bin/../lib/gcc/arm-none-eabi/5.3.1/../../../../arm-none-eabi/lib/armv7e-m\libc.a(lib_a-mallocr.o)
                0x20400864                __malloc_sbrk_base
 .data.__wctomb
                0x20400868        0x4 c:/program files (x86)/atmel/studio/7.0/toolchain/arm/arm-gnu-toolchain/bin/../lib/gcc/arm-none-eabi/5.3.1/../../../../arm-none-eabi/lib/armv7e-m\libc.a(lib_a-wctomb_r.o)
                0x20400868                __wctomb
                0x2040086c                . = ALIGN (0x4)
                0x2040086c                _erelocate = .

.bss            0x2040086c      0x168 load address 0x00404c74
                0x2040086c                . = ALIGN (0x4)
                0x2040086c                _sbss = .
                0x2040086c                _szero = .
 *(.bss .bss.*)
 .bss           0x2040086c       0x1c c:/program files (x86)/atmel/studio/7.0/toolchain/arm/arm-gnu-toolchain/bin/../lib/gcc/arm-none-eabi/5.3.1/armv7e-m/crtbegin.o
 .bss.is_conversion_done
                0x20400888        0x1 src/main.o
                0x20400888                is_conversion_done
 *fill*         0x20400889        0x3 
 .bss.g_ul_value
                0x2040088c        0x4 src/main.o
                0x2040088c                g_ul_value
 .bss.gs_interrupt_sources
                0x20400890       0x70 src/ASF/sam/drivers/pio/pio_handler.o
 .bss.ul_reg_val.8198
                0x20400900        0x4 src/ASF/sam/drivers/usart/usart.o
 .bss.heap.5289
                0x20400904        0x4 src/ASF/sam/utils/syscalls/gcc/syscalls.o
 .bss.__malloc_max_total_mem
                0x20400908        0x4 c:/program files (x86)/atmel/studio/7.0/toolchain/arm/arm-gnu-toolchain/bin/../lib/gcc/arm-none-eabi/5.3.1/../../../../arm-none-eabi/lib/armv7e-m\libc.a(lib_a-mallocr.o)
                0x20400908                __malloc_max_total_mem
 .bss.__malloc_max_sbrked_mem
                0x2040090c        0x4 c:/program files (x86)/atmel/studio/7.0/toolchain/arm/arm-gnu-toolchain/bin/../lib/gcc/arm-none-eabi/5.3.1/../../../../arm-none-eabi/lib/armv7e-m\libc.a(lib_a-mallocr.o)
                0x2040090c                __malloc_max_sbrked_mem
 .bss.__malloc_top_pad
                0x20400910        0x4 c:/program files (x86)/atmel/studio/7.0/toolchain/arm/arm-gnu-toolchain/bin/../lib/gcc/arm-none-eabi/5.3.1/../../../../arm-none-eabi/lib/armv7e-m\libc.a(lib_a-mallocr.o)
                0x20400910                __malloc_top_pad
 .bss.__malloc_current_mallinfo
                0x20400914       0x28 c:/program files (x86)/atmel/studio/7.0/toolchain/arm/arm-gnu-toolchain/bin/../lib/gcc/arm-none-eabi/5.3.1/../../../../arm-none-eabi/lib/armv7e-m\libc.a(lib_a-mallocr.o)
                0x20400914                __malloc_current_mallinfo
 *(COMMON)
 COMMON         0x2040093c        0x6 src/ASF/common/services/sleepmgr/sam/sleepmgr.o
                0x2040093c                sleepmgr_locks
 *fill*         0x20400942        0x2 
 COMMON         0x20400944        0x4 src/ASF/common/utils/stdio/read.o
                0x20400944                ptr_get
 COMMON         0x20400948        0x8 src/ASF/common/utils/stdio/write.o
                0x20400948                ptr_put
                0x2040094c                stdio_base
 COMMON         0x20400950       0x80 src/ASF/sam/drivers/afec/afec.o
                0x20400950                afec_callback_pointer
 COMMON         0x204009d0        0x4 c:/program files (x86)/atmel/studio/7.0/toolchain/arm/arm-gnu-toolchain/bin/../lib/gcc/arm-none-eabi/5.3.1/../../../../arm-none-eabi/lib/armv7e-m\libc.a(lib_a-reent.o)
                0x204009d0                errno
                0x204009d4                . = ALIGN (0x4)
                0x204009d4                _ebss = .
                0x204009d4                _ezero = .

.stack          0x204009d4     0x2004 load address 0x00404ddc
                0x204009d8                . = ALIGN (0x8)
 *fill*         0x204009d4        0x4 
                0x204009d8                _sstack = .
                0x204029d8                . = (. + STACK_SIZE)
 *fill*         0x204009d8     0x2000 
                0x204029d8                . = ALIGN (0x8)
                0x204029d8                _estack = .

.heap           0x204029d8      0x200 load address 0x00406de0
                0x204029d8                . = ALIGN (0x8)
                0x204029d8                _sheap = .
                0x20402bd8                . = (. + HEAP_SIZE)
 *fill*         0x204029d8      0x200 
                0x20402bd8                . = ALIGN (0x8)
                0x20402bd8                _eheap = .
                0x20402bd8                . = ALIGN (0x4)
                0x20402bd8                _end = .
                0x2045ffff                _ram_end_ = ((ORIGIN (ram) + LENGTH (ram)) - 0x1)
OUTPUT(12-ADC.elf elf32-littlearm)

.ARM.attributes
                0x00000000       0x2e
 .ARM.attributes
                0x00000000       0x1e c:/program files (x86)/atmel/studio/7.0/toolchain/arm/arm-gnu-toolchain/bin/../lib/gcc/arm-none-eabi/5.3.1/armv7e-m/crti.o
 .ARM.attributes
                0x0000001e       0x2e c:/program files (x86)/atmel/studio/7.0/toolchain/arm/arm-gnu-toolchain/bin/../lib/gcc/arm-none-eabi/5.3.1/armv7e-m/crtbegin.o
 .ARM.attributes
                0x0000004c       0x37 src/main.o
 .ARM.attributes
                0x00000083       0x37 src/ASF/sam/drivers/tc/tc.o
 .ARM.attributes
                0x000000ba       0x37 src/ASF/common/services/clock/same70/sysclk.o
 .ARM.attributes
                0x000000f1       0x37 src/ASF/common/services/sleepmgr/sam/sleepmgr.o
 .ARM.attributes
                0x00000128       0x37 src/ASF/common/utils/interrupt/interrupt_sam_nvic.o
 .ARM.attributes
                0x0000015f       0x37 src/ASF/common/utils/stdio/read.o
 .ARM.attributes
                0x00000196       0x37 src/ASF/common/utils/stdio/write.o
 .ARM.attributes
                0x000001cd       0x37 src/ASF/sam/boards/same70_xplained/init.o
 .ARM.attributes
                0x00000204       0x37 src/ASF/sam/drivers/afec/afec.o
 .ARM.attributes
                0x0000023b       0x37 src/ASF/sam/drivers/pio/pio.o
 .ARM.attributes
                0x00000272       0x37 src/ASF/sam/drivers/pio/pio_handler.o
 .ARM.attributes
                0x000002a9       0x37 src/ASF/sam/drivers/pmc/pmc.o
 .ARM.attributes
                0x000002e0       0x37 src/ASF/sam/drivers/uart/uart.o
 .ARM.attributes
                0x00000317       0x37 src/ASF/sam/drivers/usart/usart.o
 .ARM.attributes
                0x0000034e       0x37 src/ASF/sam/utils/cmsis/same70/source/templates/gcc/startup_same70.o
 .ARM.attributes
                0x00000385       0x37 src/ASF/sam/utils/cmsis/same70/source/templates/system_same70.o
 .ARM.attributes
                0x000003bc       0x37 src/ASF/sam/utils/syscalls/gcc/syscalls.o
 .ARM.attributes
                0x000003f3       0x2e c:/program files (x86)/atmel/studio/7.0/toolchain/arm/arm-gnu-toolchain/bin/../lib/gcc/arm-none-eabi/5.3.1/../../../../arm-none-eabi/lib/armv7e-m\libc.a(lib_a-impure.o)
 .ARM.attributes
                0x00000421       0x2e c:/program files (x86)/atmel/studio/7.0/toolchain/arm/arm-gnu-toolchain/bin/../lib/gcc/arm-none-eabi/5.3.1/../../../../arm-none-eabi/lib/armv7e-m\libc.a(lib_a-init.o)
 .ARM.attributes
                0x0000044f       0x2e c:/program files (x86)/atmel/studio/7.0/toolchain/arm/arm-gnu-toolchain/bin/../lib/gcc/arm-none-eabi/5.3.1/../../../../arm-none-eabi/lib/armv7e-m\libc.a(lib_a-iprintf.o)
 .ARM.attributes
                0x0000047d       0x2e c:/program files (x86)/atmel/studio/7.0/toolchain/arm/arm-gnu-toolchain/bin/../lib/gcc/arm-none-eabi/5.3.1/../../../../arm-none-eabi/lib/armv7e-m\libc.a(lib_a-memset.o)
 .ARM.attributes
                0x000004ab       0x2e c:/program files (x86)/atmel/studio/7.0/toolchain/arm/arm-gnu-toolchain/bin/../lib/gcc/arm-none-eabi/5.3.1/../../../../arm-none-eabi/lib/armv7e-m\libc.a(lib_a-puts.o)
 .ARM.attributes
                0x000004d9       0x2e c:/program files (x86)/atmel/studio/7.0/toolchain/arm/arm-gnu-toolchain/bin/../lib/gcc/arm-none-eabi/5.3.1/../../../../arm-none-eabi/lib/armv7e-m\libc.a(lib_a-setbuf.o)
 .ARM.attributes
                0x00000507       0x2e c:/program files (x86)/atmel/studio/7.0/toolchain/arm/arm-gnu-toolchain/bin/../lib/gcc/arm-none-eabi/5.3.1/../../../../arm-none-eabi/lib/armv7e-m\libc.a(lib_a-setvbuf.o)
 .ARM.attributes
                0x00000535       0x1c c:/program files (x86)/atmel/studio/7.0/toolchain/arm/arm-gnu-toolchain/bin/../lib/gcc/arm-none-eabi/5.3.1/../../../../arm-none-eabi/lib/armv7e-m\libc.a(lib_a-strlen.o)
 .ARM.attributes
                0x00000551       0x2e c:/program files (x86)/atmel/studio/7.0/toolchain/arm/arm-gnu-toolchain/bin/../lib/gcc/arm-none-eabi/5.3.1/../../../../arm-none-eabi/lib/armv7e-m\libc.a(lib_a-vfiprintf.o)
 .ARM.attributes
                0x0000057f       0x2e c:/program files (x86)/atmel/studio/7.0/toolchain/arm/arm-gnu-toolchain/bin/../lib/gcc/arm-none-eabi/5.3.1/../../../../arm-none-eabi/lib/armv7e-m\libc.a(lib_a-wsetup.o)
 .ARM.attributes
                0x000005ad       0x2e c:/program files (x86)/atmel/studio/7.0/toolchain/arm/arm-gnu-toolchain/bin/../lib/gcc/arm-none-eabi/5.3.1/../../../../arm-none-eabi/lib/armv7e-m\libc.a(lib_a-__call_atexit.o)
 .ARM.attributes
                0x000005db       0x2e c:/program files (x86)/atmel/studio/7.0/toolchain/arm/arm-gnu-toolchain/bin/../lib/gcc/arm-none-eabi/5.3.1/../../../../arm-none-eabi/lib/armv7e-m\libc.a(lib_a-atexit.o)
 .ARM.attributes
                0x00000609       0x2e c:/program files (x86)/atmel/studio/7.0/toolchain/arm/arm-gnu-toolchain/bin/../lib/gcc/arm-none-eabi/5.3.1/../../../../arm-none-eabi/lib/armv7e-m\libc.a(lib_a-fflush.o)
 .ARM.attributes
                0x00000637       0x2e c:/program files (x86)/atmel/studio/7.0/toolchain/arm/arm-gnu-toolchain/bin/../lib/gcc/arm-none-eabi/5.3.1/../../../../arm-none-eabi/lib/armv7e-m\libc.a(lib_a-findfp.o)
 .ARM.attributes
                0x00000665       0x2e c:/program files (x86)/atmel/studio/7.0/toolchain/arm/arm-gnu-toolchain/bin/../lib/gcc/arm-none-eabi/5.3.1/../../../../arm-none-eabi/lib/armv7e-m\libc.a(lib_a-fini.o)
 .ARM.attributes
                0x00000693       0x2e c:/program files (x86)/atmel/studio/7.0/toolchain/arm/arm-gnu-toolchain/bin/../lib/gcc/arm-none-eabi/5.3.1/../../../../arm-none-eabi/lib/armv7e-m\libc.a(lib_a-fputwc.o)
 .ARM.attributes
                0x000006c1       0x2e c:/program files (x86)/atmel/studio/7.0/toolchain/arm/arm-gnu-toolchain/bin/../lib/gcc/arm-none-eabi/5.3.1/../../../../arm-none-eabi/lib/armv7e-m\libc.a(lib_a-freer.o)
 .ARM.attributes
                0x000006ef       0x2e c:/program files (x86)/atmel/studio/7.0/toolchain/arm/arm-gnu-toolchain/bin/../lib/gcc/arm-none-eabi/5.3.1/../../../../arm-none-eabi/lib/armv7e-m\libc.a(lib_a-fvwrite.o)
 .ARM.attributes
                0x0000071d       0x2e c:/program files (x86)/atmel/studio/7.0/toolchain/arm/arm-gnu-toolchain/bin/../lib/gcc/arm-none-eabi/5.3.1/../../../../arm-none-eabi/lib/armv7e-m\libc.a(lib_a-fwalk.o)
 .ARM.attributes
                0x0000074b       0x2e c:/program files (x86)/atmel/studio/7.0/toolchain/arm/arm-gnu-toolchain/bin/../lib/gcc/arm-none-eabi/5.3.1/../../../../arm-none-eabi/lib/armv7e-m\libc.a(lib_a-locale.o)
 .ARM.attributes
                0x00000779       0x2e c:/program files (x86)/atmel/studio/7.0/toolchain/arm/arm-gnu-toolchain/bin/../lib/gcc/arm-none-eabi/5.3.1/../../../../arm-none-eabi/lib/armv7e-m\libc.a(lib_a-makebuf.o)
 .ARM.attributes
                0x000007a7       0x2e c:/program files (x86)/atmel/studio/7.0/toolchain/arm/arm-gnu-toolchain/bin/../lib/gcc/arm-none-eabi/5.3.1/../../../../arm-none-eabi/lib/armv7e-m\libc.a(lib_a-malloc.o)
 .ARM.attributes
                0x000007d5       0x2e c:/program files (x86)/atmel/studio/7.0/toolchain/arm/arm-gnu-toolchain/bin/../lib/gcc/arm-none-eabi/5.3.1/../../../../arm-none-eabi/lib/armv7e-m\libc.a(lib_a-mallocr.o)
 .ARM.attributes
                0x00000803       0x1c c:/program files (x86)/atmel/studio/7.0/toolchain/arm/arm-gnu-toolchain/bin/../lib/gcc/arm-none-eabi/5.3.1/../../../../arm-none-eabi/lib/armv7e-m\libc.a(lib_a-memchr.o)
 .ARM.attributes
                0x0000081f       0x1c c:/program files (x86)/atmel/studio/7.0/toolchain/arm/arm-gnu-toolchain/bin/../lib/gcc/arm-none-eabi/5.3.1/../../../../arm-none-eabi/lib/armv7e-m\libc.a(lib_a-memcpy.o)
 .ARM.attributes
                0x0000083b       0x2e c:/program files (x86)/atmel/studio/7.0/toolchain/arm/arm-gnu-toolchain/bin/../lib/gcc/arm-none-eabi/5.3.1/../../../../arm-none-eabi/lib/armv7e-m\libc.a(lib_a-memmove.o)
 .ARM.attributes
                0x00000869       0x2e c:/program files (x86)/atmel/studio/7.0/toolchain/arm/arm-gnu-toolchain/bin/../lib/gcc/arm-none-eabi/5.3.1/../../../../arm-none-eabi/lib/armv7e-m\libc.a(lib_a-mlock.o)
 .ARM.attributes
                0x00000897       0x2e c:/program files (x86)/atmel/studio/7.0/toolchain/arm/arm-gnu-toolchain/bin/../lib/gcc/arm-none-eabi/5.3.1/../../../../arm-none-eabi/lib/armv7e-m\libc.a(lib_a-reallocr.o)
 .ARM.attributes
                0x000008c5       0x2e c:/program files (x86)/atmel/studio/7.0/toolchain/arm/arm-gnu-toolchain/bin/../lib/gcc/arm-none-eabi/5.3.1/../../../../arm-none-eabi/lib/armv7e-m\libc.a(lib_a-sbrkr.o)
 .ARM.attributes
                0x000008f3       0x2e c:/program files (x86)/atmel/studio/7.0/toolchain/arm/arm-gnu-toolchain/bin/../lib/gcc/arm-none-eabi/5.3.1/../../../../arm-none-eabi/lib/armv7e-m\libc.a(lib_a-stdio.o)
 .ARM.attributes
                0x00000921       0x2e c:/program files (x86)/atmel/studio/7.0/toolchain/arm/arm-gnu-toolchain/bin/../lib/gcc/arm-none-eabi/5.3.1/../../../../arm-none-eabi/lib/armv7e-m\libc.a(lib_a-wbuf.o)
 .ARM.attributes
                0x0000094f       0x2e c:/program files (x86)/atmel/studio/7.0/toolchain/arm/arm-gnu-toolchain/bin/../lib/gcc/arm-none-eabi/5.3.1/../../../../arm-none-eabi/lib/armv7e-m\libc.a(lib_a-wcrtomb.o)
 .ARM.attributes
                0x0000097d       0x2e c:/program files (x86)/atmel/studio/7.0/toolchain/arm/arm-gnu-toolchain/bin/../lib/gcc/arm-none-eabi/5.3.1/../../../../arm-none-eabi/lib/armv7e-m\libc.a(lib_a-wctomb_r.o)
 .ARM.attributes
                0x000009ab       0x2e c:/program files (x86)/atmel/studio/7.0/toolchain/arm/arm-gnu-toolchain/bin/../lib/gcc/arm-none-eabi/5.3.1/../../../../arm-none-eabi/lib/armv7e-m\libc.a(lib_a-writer.o)
 .ARM.attributes
                0x000009d9       0x2e c:/program files (x86)/atmel/studio/7.0/toolchain/arm/arm-gnu-toolchain/bin/../lib/gcc/arm-none-eabi/5.3.1/../../../../arm-none-eabi/lib/armv7e-m\libc.a(lib_a-__atexit.o)
 .ARM.attributes
                0x00000a07       0x2e c:/program files (x86)/atmel/studio/7.0/toolchain/arm/arm-gnu-toolchain/bin/../lib/gcc/arm-none-eabi/5.3.1/../../../../arm-none-eabi/lib/armv7e-m\libc.a(lib_a-closer.o)
 .ARM.attributes
                0x00000a35       0x2e c:/program files (x86)/atmel/studio/7.0/toolchain/arm/arm-gnu-toolchain/bin/../lib/gcc/arm-none-eabi/5.3.1/../../../../arm-none-eabi/lib/armv7e-m\libc.a(lib_a-fclose.o)
 .ARM.attributes
                0x00000a63       0x2e c:/program files (x86)/atmel/studio/7.0/toolchain/arm/arm-gnu-toolchain/bin/../lib/gcc/arm-none-eabi/5.3.1/../../../../arm-none-eabi/lib/armv7e-m\libc.a(lib_a-fstatr.o)
 .ARM.attributes
                0x00000a91       0x2e c:/program files (x86)/atmel/studio/7.0/toolchain/arm/arm-gnu-toolchain/bin/../lib/gcc/arm-none-eabi/5.3.1/../../../../arm-none-eabi/lib/armv7e-m\libc.a(lib_a-isattyr.o)
 .ARM.attributes
                0x00000abf       0x2e c:/program files (x86)/atmel/studio/7.0/toolchain/arm/arm-gnu-toolchain/bin/../lib/gcc/arm-none-eabi/5.3.1/../../../../arm-none-eabi/lib/armv7e-m\libc.a(lib_a-lseekr.o)
 .ARM.attributes
                0x00000aed       0x2e c:/program files (x86)/atmel/studio/7.0/toolchain/arm/arm-gnu-toolchain/bin/../lib/gcc/arm-none-eabi/5.3.1/../../../../arm-none-eabi/lib/armv7e-m\libc.a(lib_a-readr.o)
 .ARM.attributes
                0x00000b1b       0x2e c:/program files (x86)/atmel/studio/7.0/toolchain/arm/arm-gnu-toolchain/bin/../lib/gcc/arm-none-eabi/5.3.1/../../../../arm-none-eabi/lib/armv7e-m\libc.a(lib_a-reent.o)
 .ARM.attributes
                0x00000b49       0x1e c:/program files (x86)/atmel/studio/7.0/toolchain/arm/arm-gnu-toolchain/bin/../lib/gcc/arm-none-eabi/5.3.1/armv7e-m\libgcc.a(_aeabi_uldivmod.o)
 .ARM.attributes
                0x00000b67       0x2e c:/program files (x86)/atmel/studio/7.0/toolchain/arm/arm-gnu-toolchain/bin/../lib/gcc/arm-none-eabi/5.3.1/armv7e-m\libgcc.a(_udivmoddi4.o)
 .ARM.attributes
                0x00000b95       0x1e c:/program files (x86)/atmel/studio/7.0/toolchain/arm/arm-gnu-toolchain/bin/../lib/gcc/arm-none-eabi/5.3.1/armv7e-m\libgcc.a(_dvmd_tls.o)
 .ARM.attributes
                0x00000bb3       0x1e c:/program files (x86)/atmel/studio/7.0/toolchain/arm/arm-gnu-toolchain/bin/../lib/gcc/arm-none-eabi/5.3.1/armv7e-m/crtn.o

.comment        0x00000000       0x59
 .comment       0x00000000       0x59 src/main.o
                                 0x5a (size before relaxing)
 .comment       0x00000059       0x5a src/ASF/sam/drivers/tc/tc.o
 .comment       0x00000059       0x5a src/ASF/common/services/clock/same70/sysclk.o
 .comment       0x00000059       0x5a src/ASF/common/services/sleepmgr/sam/sleepmgr.o
 .comment       0x00000059       0x5a src/ASF/common/utils/interrupt/interrupt_sam_nvic.o
 .comment       0x00000059       0x5a src/ASF/common/utils/stdio/read.o
 .comment       0x00000059       0x5a src/ASF/common/utils/stdio/write.o
 .comment       0x00000059       0x5a src/ASF/sam/boards/same70_xplained/init.o
 .comment       0x00000059       0x5a src/ASF/sam/drivers/afec/afec.o
 .comment       0x00000059       0x5a src/ASF/sam/drivers/pio/pio.o
 .comment       0x00000059       0x5a src/ASF/sam/drivers/pio/pio_handler.o
 .comment       0x00000059       0x5a src/ASF/sam/drivers/pmc/pmc.o
 .comment       0x00000059       0x5a src/ASF/sam/drivers/uart/uart.o
 .comment       0x00000059       0x5a src/ASF/sam/drivers/usart/usart.o
 .comment       0x00000059       0x5a src/ASF/sam/utils/cmsis/same70/source/templates/gcc/startup_same70.o
 .comment       0x00000059       0x5a src/ASF/sam/utils/cmsis/same70/source/templates/system_same70.o
 .comment       0x00000059       0x5a src/ASF/sam/utils/syscalls/gcc/syscalls.o

.debug_info     0x00000000     0xea7c
 .debug_info    0x00000000     0x2900 src/main.o
 .debug_info    0x00002900      0x922 src/ASF/sam/drivers/tc/tc.o
 .debug_info    0x00003222      0x846 src/ASF/common/services/clock/same70/sysclk.o
 .debug_info    0x00003a68      0x176 src/ASF/common/services/sleepmgr/sam/sleepmgr.o
 .debug_info    0x00003bde      0x1e4 src/ASF/common/utils/interrupt/interrupt_sam_nvic.o
 .debug_info    0x00003dc2      0x1bb src/ASF/common/utils/stdio/read.o
 .debug_info    0x00003f7d      0x1c0 src/ASF/common/utils/stdio/write.o
 .debug_info    0x0000413d     0x1748 src/ASF/sam/boards/same70_xplained/init.o
 .debug_info    0x00005885     0x1b3d src/ASF/sam/drivers/afec/afec.o
 .debug_info    0x000073c2     0x1888 src/ASF/sam/drivers/pio/pio.o
 .debug_info    0x00008c4a     0x11e6 src/ASF/sam/drivers/pio/pio_handler.o
 .debug_info    0x00009e30     0x1533 src/ASF/sam/drivers/pmc/pmc.o
 .debug_info    0x0000b363      0x726 src/ASF/sam/drivers/uart/uart.o
 .debug_info    0x0000ba89     0x1a43 src/ASF/sam/drivers/usart/usart.o
 .debug_info    0x0000d4cc      0xc1d src/ASF/sam/utils/cmsis/same70/source/templates/gcc/startup_same70.o
 .debug_info    0x0000e0e9      0x56c src/ASF/sam/utils/cmsis/same70/source/templates/system_same70.o
 .debug_info    0x0000e655      0x427 src/ASF/sam/utils/syscalls/gcc/syscalls.o

.debug_abbrev   0x00000000     0x2375
 .debug_abbrev  0x00000000      0x409 src/main.o
 .debug_abbrev  0x00000409      0x1bb src/ASF/sam/drivers/tc/tc.o
 .debug_abbrev  0x000005c4      0x230 src/ASF/common/services/clock/same70/sysclk.o
 .debug_abbrev  0x000007f4       0xab src/ASF/common/services/sleepmgr/sam/sleepmgr.o
 .debug_abbrev  0x0000089f       0xed src/ASF/common/utils/interrupt/interrupt_sam_nvic.o
 .debug_abbrev  0x0000098c      0x101 src/ASF/common/utils/stdio/read.o
 .debug_abbrev  0x00000a8d       0xf5 src/ASF/common/utils/stdio/write.o
 .debug_abbrev  0x00000b82      0x299 src/ASF/sam/boards/same70_xplained/init.o
 .debug_abbrev  0x00000e1b      0x446 src/ASF/sam/drivers/afec/afec.o
 .debug_abbrev  0x00001261      0x31a src/ASF/sam/drivers/pio/pio.o
 .debug_abbrev  0x0000157b      0x25d src/ASF/sam/drivers/pio/pio_handler.o
 .debug_abbrev  0x000017d8      0x2bd src/ASF/sam/drivers/pmc/pmc.o
 .debug_abbrev  0x00001a95      0x1a3 src/ASF/sam/drivers/uart/uart.o
 .debug_abbrev  0x00001c38      0x2dc src/ASF/sam/drivers/usart/usart.o
 .debug_abbrev  0x00001f14      0x221 src/ASF/sam/utils/cmsis/same70/source/templates/gcc/startup_same70.o
 .debug_abbrev  0x00002135       0xf5 src/ASF/sam/utils/cmsis/same70/source/templates/system_same70.o
 .debug_abbrev  0x0000222a      0x14b src/ASF/sam/utils/syscalls/gcc/syscalls.o

.debug_loc      0x00000000     0x5473
 .debug_loc     0x00000000      0x60e src/main.o
 .debug_loc     0x0000060e      0x5a5 src/ASF/sam/drivers/tc/tc.o
 .debug_loc     0x00000bb3      0x183 src/ASF/common/services/clock/same70/sysclk.o
 .debug_loc     0x00000d36       0xd2 src/ASF/common/utils/stdio/read.o
 .debug_loc     0x00000e08      0x15d src/ASF/common/utils/stdio/write.o
 .debug_loc     0x00000f65      0x26e src/ASF/sam/boards/same70_xplained/init.o
 .debug_loc     0x000011d3      0xa6b src/ASF/sam/drivers/afec/afec.o
 .debug_loc     0x00001c3e      0xf3a src/ASF/sam/drivers/pio/pio.o
 .debug_loc     0x00002b78      0x555 src/ASF/sam/drivers/pio/pio_handler.o
 .debug_loc     0x000030cd      0xec0 src/ASF/sam/drivers/pmc/pmc.o
 .debug_loc     0x00003f8d      0x2a4 src/ASF/sam/drivers/uart/uart.o
 .debug_loc     0x00004231     0x10f9 src/ASF/sam/drivers/usart/usart.o
 .debug_loc     0x0000532a       0x6a src/ASF/sam/utils/cmsis/same70/source/templates/gcc/startup_same70.o
 .debug_loc     0x00005394       0xdf src/ASF/sam/utils/syscalls/gcc/syscalls.o

.debug_aranges  0x00000000      0xb48
 .debug_aranges
                0x00000000       0x50 src/main.o
 .debug_aranges
                0x00000050       0xd0 src/ASF/sam/drivers/tc/tc.o
 .debug_aranges
                0x00000120       0x40 src/ASF/common/services/clock/same70/sysclk.o
 .debug_aranges
                0x00000160       0x18 src/ASF/common/services/sleepmgr/sam/sleepmgr.o
 .debug_aranges
                0x00000178       0x28 src/ASF/common/utils/interrupt/interrupt_sam_nvic.o
 .debug_aranges
                0x000001a0       0x20 src/ASF/common/utils/stdio/read.o
 .debug_aranges
                0x000001c0       0x20 src/ASF/common/utils/stdio/write.o
 .debug_aranges
                0x000001e0       0x20 src/ASF/sam/boards/same70_xplained/init.o
 .debug_aranges
                0x00000200       0xb8 src/ASF/sam/drivers/afec/afec.o
 .debug_aranges
                0x000002b8      0x1a8 src/ASF/sam/drivers/pio/pio.o
 .debug_aranges
                0x00000460       0x60 src/ASF/sam/drivers/pio/pio_handler.o
 .debug_aranges
                0x000004c0      0x250 src/ASF/sam/drivers/pmc/pmc.o
 .debug_aranges
                0x00000710       0xd8 src/ASF/sam/drivers/uart/uart.o
 .debug_aranges
                0x000007e8      0x2a8 src/ASF/sam/drivers/usart/usart.o
 .debug_aranges
                0x00000a90       0x28 src/ASF/sam/utils/cmsis/same70/source/templates/gcc/startup_same70.o
 .debug_aranges
                0x00000ab8       0x30 src/ASF/sam/utils/cmsis/same70/source/templates/system_same70.o
 .debug_aranges
                0x00000ae8       0x60 src/ASF/sam/utils/syscalls/gcc/syscalls.o

.debug_ranges   0x00000000      0xb20
 .debug_ranges  0x00000000       0x40 src/main.o
 .debug_ranges  0x00000040       0xc0 src/ASF/sam/drivers/tc/tc.o
 .debug_ranges  0x00000100       0x30 src/ASF/common/services/clock/same70/sysclk.o
 .debug_ranges  0x00000130       0x18 src/ASF/common/utils/interrupt/interrupt_sam_nvic.o
 .debug_ranges  0x00000148       0x10 src/ASF/common/utils/stdio/read.o
 .debug_ranges  0x00000158       0x10 src/ASF/common/utils/stdio/write.o
 .debug_ranges  0x00000168       0x10 src/ASF/sam/boards/same70_xplained/init.o
 .debug_ranges  0x00000178       0xc0 src/ASF/sam/drivers/afec/afec.o
 .debug_ranges  0x00000238      0x270 src/ASF/sam/drivers/pio/pio.o
 .debug_ranges  0x000004a8       0x50 src/ASF/sam/drivers/pio/pio_handler.o
 .debug_ranges  0x000004f8      0x240 src/ASF/sam/drivers/pmc/pmc.o
 .debug_ranges  0x00000738       0xc8 src/ASF/sam/drivers/uart/uart.o
 .debug_ranges  0x00000800      0x298 src/ASF/sam/drivers/usart/usart.o
 .debug_ranges  0x00000a98       0x18 src/ASF/sam/utils/cmsis/same70/source/templates/gcc/startup_same70.o
 .debug_ranges  0x00000ab0       0x20 src/ASF/sam/utils/cmsis/same70/source/templates/system_same70.o
 .debug_ranges  0x00000ad0       0x50 src/ASF/sam/utils/syscalls/gcc/syscalls.o

.debug_macro    0x00000000    0x1f463
 .debug_macro   0x00000000      0x82d src/main.o
 .debug_macro   0x0000082d      0x8aa src/main.o
 .debug_macro   0x000010d7       0x22 src/main.o
 .debug_macro   0x000010f9       0x4c src/main.o
 .debug_macro   0x00001145       0x8d src/main.o
 .debug_macro   0x000011d2       0x35 src/main.o
 .debug_macro   0x00001207       0x9c src/main.o
 .debug_macro   0x000012a3       0x16 src/main.o
 .debug_macro   0x000012b9       0x4a src/main.o
 .debug_macro   0x00001303       0x97 src/main.o
 .debug_macro   0x0000139a      0x330 src/main.o
 .debug_macro   0x000016ca       0xf6 src/main.o
 .debug_macro   0x000017c0       0x10 src/main.o
 .debug_macro   0x000017d0       0x52 src/main.o
 .debug_macro   0x00001822       0x16 src/main.o
 .debug_macro   0x00001838       0x43 src/main.o
 .debug_macro   0x0000187b      0x187 src/main.o
 .debug_macro   0x00001a02       0x22 src/main.o
 .debug_macro   0x00001a24       0x22 src/main.o
 .debug_macro   0x00001a46       0x3a src/main.o
 .debug_macro   0x00001a80       0x10 src/main.o
 .debug_macro   0x00001a90       0x40 src/main.o
 .debug_macro   0x00001ad0       0x6c src/main.o
 .debug_macro   0x00001b3c       0x16 src/main.o
 .debug_macro   0x00001b52      0x182 src/main.o
 .debug_macro   0x00001cd4       0x16 src/main.o
 .debug_macro   0x00001cea       0x35 src/main.o
 .debug_macro   0x00001d1f       0x16 src/main.o
 .debug_macro   0x00001d35      0x64b src/main.o
 .debug_macro   0x00002380       0x76 src/main.o
 .debug_macro   0x000023f6       0x16 src/main.o
 .debug_macro   0x0000240c      0x6e4 src/main.o
 .debug_macro   0x00002af0       0xfd src/main.o
 .debug_macro   0x00002bed      0x1df src/main.o
 .debug_macro   0x00002dcc       0x4a src/main.o
 .debug_macro   0x00002e16       0x3b src/main.o
 .debug_macro   0x00002e51       0x2d src/main.o
 .debug_macro   0x00002e7e       0x26 src/main.o
 .debug_macro   0x00002ea4      0xf9a src/main.o
 .debug_macro   0x00003e3e      0x175 src/main.o
 .debug_macro   0x00003fb3      0x257 src/main.o
 .debug_macro   0x0000420a      0xa0f src/main.o
 .debug_macro   0x00004c19      0x1b9 src/main.o
 .debug_macro   0x00004dd2      0x336 src/main.o
 .debug_macro   0x00005108      0x15b src/main.o
 .debug_macro   0x00005263     0x1851 src/main.o
 .debug_macro   0x00006ab4       0x1c src/main.o
 .debug_macro   0x00006ad0      0x68d src/main.o
 .debug_macro   0x0000715d      0x31e src/main.o
 .debug_macro   0x0000747b      0x4d4 src/main.o
 .debug_macro   0x0000794f      0x56e src/main.o
 .debug_macro   0x00007ebd     0x1332 src/main.o
 .debug_macro   0x000091ef     0x278d src/main.o
 .debug_macro   0x0000b97c     0x102b src/main.o
 .debug_macro   0x0000c9a7      0xe01 src/main.o
 .debug_macro   0x0000d7a8      0x3b1 src/main.o
 .debug_macro   0x0000db59       0xa0 src/main.o
 .debug_macro   0x0000dbf9       0x76 src/main.o
 .debug_macro   0x0000dc6f      0x409 src/main.o
 .debug_macro   0x0000e078       0x64 src/main.o
 .debug_macro   0x0000e0dc      0x284 src/main.o
 .debug_macro   0x0000e360      0x1d0 src/main.o
 .debug_macro   0x0000e530      0x248 src/main.o
 .debug_macro   0x0000e778      0x524 src/main.o
 .debug_macro   0x0000ec9c      0x63b src/main.o
 .debug_macro   0x0000f2d7      0x6b8 src/main.o
 .debug_macro   0x0000f98f       0x4c src/main.o
 .debug_macro   0x0000f9db      0x468 src/main.o
 .debug_macro   0x0000fe43      0x207 src/main.o
 .debug_macro   0x0001004a      0x866 src/main.o
 .debug_macro   0x000108b0     0x1547 src/main.o
 .debug_macro   0x00011df7       0x40 src/main.o
 .debug_macro   0x00011e37       0x76 src/main.o
 .debug_macro   0x00011ead      0xdaf src/main.o
 .debug_macro   0x00012c5c       0x82 src/main.o
 .debug_macro   0x00012cde       0x76 src/main.o
 .debug_macro   0x00012d54       0x4c src/main.o
 .debug_macro   0x00012da0      0x135 src/main.o
 .debug_macro   0x00012ed5      0x135 src/main.o
 .debug_macro   0x0001300a      0x135 src/main.o
 .debug_macro   0x0001313f       0x6a src/main.o
 .debug_macro   0x000131a9       0x6a src/main.o
 .debug_macro   0x00013213      0x313 src/main.o
 .debug_macro   0x00013526       0xb2 src/main.o
 .debug_macro   0x000135d8       0xb2 src/main.o
 .debug_macro   0x0001368a       0xb2 src/main.o
 .debug_macro   0x0001373c      0x11d src/main.o
 .debug_macro   0x00013859      0x11d src/main.o
 .debug_macro   0x00013976      0x2cd src/main.o
 .debug_macro   0x00013c43       0xb8 src/main.o
 .debug_macro   0x00013cfb       0x5e src/main.o
 .debug_macro   0x00013d59       0x40 src/main.o
 .debug_macro   0x00013d99       0x4c src/main.o
 .debug_macro   0x00013de5       0xa0 src/main.o
 .debug_macro   0x00013e85      0x494 src/main.o
 .debug_macro   0x00014319      0x135 src/main.o
 .debug_macro   0x0001444e       0x4c src/main.o
 .debug_macro   0x0001449a      0x313 src/main.o
 .debug_macro   0x000147ad       0x6a src/main.o
 .debug_macro   0x00014817       0xb8 src/main.o
 .debug_macro   0x000148cf       0x6a src/main.o
 .debug_macro   0x00014939       0x2e src/main.o
 .debug_macro   0x00014967      0x9b1 src/main.o
 .debug_macro   0x00015318       0x6a src/main.o
 .debug_macro   0x00015382       0x88 src/main.o
 .debug_macro   0x0001540a       0x58 src/main.o
 .debug_macro   0x00015462       0xe2 src/main.o
 .debug_macro   0x00015544       0x16 src/main.o
 .debug_macro   0x0001555a       0xe2 src/main.o
 .debug_macro   0x0001563c       0x4c src/main.o
 .debug_macro   0x00015688       0x16 src/main.o
 .debug_macro   0x0001569e       0x4c src/main.o
 .debug_macro   0x000156ea       0x2e src/main.o
 .debug_macro   0x00015718      0x1b5 src/main.o
 .debug_macro   0x000158cd      0x1b5 src/main.o
 .debug_macro   0x00015a82      0x1b5 src/main.o
 .debug_macro   0x00015c37      0x1b5 src/main.o
 .debug_macro   0x00015dec      0x1b5 src/main.o
 .debug_macro   0x00015fa1       0x1c src/main.o
 .debug_macro   0x00015fbd       0x2e src/main.o
 .debug_macro   0x00015feb       0x22 src/main.o
 .debug_macro   0x0001600d       0x1c src/main.o
 .debug_macro   0x00016029       0x52 src/main.o
 .debug_macro   0x0001607b       0x10 src/main.o
 .debug_macro   0x0001608b       0x1c src/main.o
 .debug_macro   0x000160a7       0x4c src/main.o
 .debug_macro   0x000160f3       0x4c src/main.o
 .debug_macro   0x0001613f       0x4c src/main.o
 .debug_macro   0x0001618b      0x31b src/main.o
 .debug_macro   0x000164a6     0x1022 src/main.o
 .debug_macro   0x000174c8      0x107 src/main.o
 .debug_macro   0x000175cf       0x22 src/main.o
 .debug_macro   0x000175f1       0x16 src/main.o
 .debug_macro   0x00017607       0x16 src/main.o
 .debug_macro   0x0001761d       0x29 src/main.o
 .debug_macro   0x00017646       0x75 src/main.o
 .debug_macro   0x000176bb       0x3f src/main.o
 .debug_macro   0x000176fa      0x3ca src/main.o
 .debug_macro   0x00017ac4       0x12 src/main.o
 .debug_macro   0x00017ad6       0x3a src/main.o
 .debug_macro   0x00017b10      0x2c6 src/main.o
 .debug_macro   0x00017dd6      0xa96 src/main.o
 .debug_macro   0x0001886c       0x70 src/main.o
 .debug_macro   0x000188dc       0x64 src/main.o
 .debug_macro   0x00018940       0x5f src/main.o
 .debug_macro   0x0001899f       0xac src/main.o
 .debug_macro   0x00018a4b       0x28 src/main.o
 .debug_macro   0x00018a73       0x23 src/main.o
 .debug_macro   0x00018a96       0x94 src/main.o
 .debug_macro   0x00018b2a       0x40 src/main.o
 .debug_macro   0x00018b6a       0x88 src/main.o
 .debug_macro   0x00018bf2      0x1ce src/main.o
 .debug_macro   0x00018dc0       0x34 src/main.o
 .debug_macro   0x00018df4       0x16 src/main.o
 .debug_macro   0x00018e0a       0x1c src/main.o
 .debug_macro   0x00018e26       0x10 src/main.o
 .debug_macro   0x00018e36       0x1c src/main.o
 .debug_macro   0x00018e52       0x3a src/main.o
 .debug_macro   0x00018e8c       0x28 src/main.o
 .debug_macro   0x00018eb4      0x63f src/ASF/sam/drivers/tc/tc.o
 .debug_macro   0x000194f3       0x1c src/ASF/sam/drivers/tc/tc.o
 .debug_macro   0x0001950f      0x6a1 src/ASF/common/services/clock/same70/sysclk.o
 .debug_macro   0x00019bb0      0x2c0 src/ASF/common/services/clock/same70/sysclk.o
 .debug_macro   0x00019e70      0x651 src/ASF/common/services/sleepmgr/sam/sleepmgr.o
 .debug_macro   0x0001a4c1      0x627 src/ASF/common/utils/interrupt/interrupt_sam_nvic.o
 .debug_macro   0x0001aae8      0x627 src/ASF/common/utils/stdio/read.o
 .debug_macro   0x0001b10f      0x627 src/ASF/common/utils/stdio/write.o
 .debug_macro   0x0001b736      0x6dd src/ASF/sam/boards/same70_xplained/init.o
 .debug_macro   0x0001be13       0x16 src/ASF/sam/boards/same70_xplained/init.o
 .debug_macro   0x0001be29       0x82 src/ASF/sam/boards/same70_xplained/init.o
 .debug_macro   0x0001beab      0x6fe src/ASF/sam/drivers/afec/afec.o
 .debug_macro   0x0001c5a9      0x63d src/ASF/sam/drivers/pio/pio.o
 .debug_macro   0x0001cbe6       0x8e src/ASF/sam/drivers/pio/pio.o
 .debug_macro   0x0001cc74      0x648 src/ASF/sam/drivers/pio/pio_handler.o
 .debug_macro   0x0001d2bc      0x63d src/ASF/sam/drivers/pmc/pmc.o
 .debug_macro   0x0001d8f9       0x6a src/ASF/sam/drivers/pmc/pmc.o
 .debug_macro   0x0001d963      0x637 src/ASF/sam/drivers/uart/uart.o
 .debug_macro   0x0001df9a       0x16 src/ASF/sam/drivers/uart/uart.o
 .debug_macro   0x0001dfb0      0x66d src/ASF/sam/drivers/usart/usart.o
 .debug_macro   0x0001e61d       0x34 src/ASF/sam/drivers/usart/usart.o
 .debug_macro   0x0001e651      0x636 src/ASF/sam/utils/cmsis/same70/source/templates/gcc/startup_same70.o
 .debug_macro   0x0001ec87       0x10 src/ASF/sam/utils/cmsis/same70/source/templates/gcc/startup_same70.o
 .debug_macro   0x0001ec97      0x455 src/ASF/sam/utils/cmsis/same70/source/templates/system_same70.o
 .debug_macro   0x0001f0ec      0x19c src/ASF/sam/utils/syscalls/gcc/syscalls.o
 .debug_macro   0x0001f288       0x52 src/ASF/sam/utils/syscalls/gcc/syscalls.o
 .debug_macro   0x0001f2da       0x16 src/ASF/sam/utils/syscalls/gcc/syscalls.o
 .debug_macro   0x0001f2f0       0x10 src/ASF/sam/utils/syscalls/gcc/syscalls.o
 .debug_macro   0x0001f300       0x41 src/ASF/sam/utils/syscalls/gcc/syscalls.o
 .debug_macro   0x0001f341      0x122 src/ASF/sam/utils/syscalls/gcc/syscalls.o

.debug_line     0x00000000     0xc36b
 .debug_line    0x00000000     0x1022 src/main.o
 .debug_line    0x00001022      0xb58 src/ASF/sam/drivers/tc/tc.o
 .debug_line    0x00001b7a      0xb1f src/ASF/common/services/clock/same70/sysclk.o
 .debug_line    0x00002699      0xa23 src/ASF/common/services/sleepmgr/sam/sleepmgr.o
 .debug_line    0x000030bc      0x9d5 src/ASF/common/utils/interrupt/interrupt_sam_nvic.o
 .debug_line    0x00003a91      0x9c6 src/ASF/common/utils/stdio/read.o
 .debug_line    0x00004457      0x9b8 src/ASF/common/utils/stdio/write.o
 .debug_line    0x00004e0f      0xc04 src/ASF/sam/boards/same70_xplained/init.o
 .debug_line    0x00005a13      0xe73 src/ASF/sam/drivers/afec/afec.o
 .debug_line    0x00006886      0xe89 src/ASF/sam/drivers/pio/pio.o
 .debug_line    0x0000770f      0xa8a src/ASF/sam/drivers/pio/pio_handler.o
 .debug_line    0x00008199     0x1059 src/ASF/sam/drivers/pmc/pmc.o
 .debug_line    0x000091f2      0xb4f src/ASF/sam/drivers/uart/uart.o
 .debug_line    0x00009d41     0x103e src/ASF/sam/drivers/usart/usart.o
 .debug_line    0x0000ad7f      0xa48 src/ASF/sam/utils/cmsis/same70/source/templates/gcc/startup_same70.o
 .debug_line    0x0000b7c7      0x7d4 src/ASF/sam/utils/cmsis/same70/source/templates/system_same70.o
 .debug_line    0x0000bf9b      0x3d0 src/ASF/sam/utils/syscalls/gcc/syscalls.o

.debug_str      0x00000000    0x8bfce
 .debug_str     0x00000000    0x88293 src/main.o
                              0x88a3b (size before relaxing)
 .debug_str     0x00088293      0x25e src/ASF/sam/drivers/tc/tc.o
                              0x81747 (size before relaxing)
 .debug_str     0x000884f1      0x2d1 src/ASF/common/services/clock/same70/sysclk.o
                              0x85955 (size before relaxing)
 .debug_str     0x000887c2       0xbd src/ASF/common/services/sleepmgr/sam/sleepmgr.o
                              0x81570 (size before relaxing)
 .debug_str     0x0008887f       0x94 src/ASF/common/utils/interrupt/interrupt_sam_nvic.o
                              0x81434 (size before relaxing)
 .debug_str     0x00088913       0x2c src/ASF/common/utils/stdio/read.o
                              0x813e3 (size before relaxing)
 .debug_str     0x0008893f       0x26 src/ASF/common/utils/stdio/write.o
                              0x813e5 (size before relaxing)
 .debug_str     0x00088965      0x887 src/ASF/sam/boards/same70_xplained/init.o
                              0x8666a (size before relaxing)
 .debug_str     0x000891ec      0x5b9 src/ASF/sam/drivers/afec/afec.o
                              0x86a6d (size before relaxing)
 .debug_str     0x000897a5      0x58c src/ASF/sam/drivers/pio/pio.o
                              0x81f8a (size before relaxing)
 .debug_str     0x00089d31      0x101 src/ASF/sam/drivers/pio/pio_handler.o
                              0x81ffb (size before relaxing)
 .debug_str     0x00089e32      0x7b7 src/ASF/sam/drivers/pmc/pmc.o
                              0x820ee (size before relaxing)
 .debug_str     0x0008a5e9      0x206 src/ASF/sam/drivers/uart/uart.o
                              0x816e4 (size before relaxing)
 .debug_str     0x0008a7ef      0x952 src/ASF/sam/drivers/usart/usart.o
                              0x81f7c (size before relaxing)
 .debug_str     0x0008b141      0x5e4 src/ASF/sam/utils/cmsis/same70/source/templates/gcc/startup_same70.o
                              0x81bda (size before relaxing)
 .debug_str     0x0008b725      0x16f src/ASF/sam/utils/cmsis/same70/source/templates/system_same70.o
                              0x726cd (size before relaxing)
 .debug_str     0x0008b894      0x73a src/ASF/sam/utils/syscalls/gcc/syscalls.o
                               0x6a0f (size before relaxing)

.debug_frame    0x00000000     0x247c
 .debug_frame   0x00000000       0xdc src/main.o
 .debug_frame   0x000000dc      0x1a4 src/ASF/sam/drivers/tc/tc.o
 .debug_frame   0x00000280       0x88 src/ASF/common/services/clock/same70/sysclk.o
 .debug_frame   0x00000308       0x30 src/ASF/common/utils/interrupt/interrupt_sam_nvic.o
 .debug_frame   0x00000338       0x48 src/ASF/common/utils/stdio/read.o
 .debug_frame   0x00000380       0x48 src/ASF/common/utils/stdio/write.o
 .debug_frame   0x000003c8       0x30 src/ASF/sam/boards/same70_xplained/init.o
 .debug_frame   0x000003f8      0x1e0 src/ASF/sam/drivers/afec/afec.o
 .debug_frame   0x000005d8      0x398 src/ASF/sam/drivers/pio/pio.o
 .debug_frame   0x00000970      0x110 src/ASF/sam/drivers/pio/pio_handler.o
 .debug_frame   0x00000a80      0x4f8 src/ASF/sam/drivers/pmc/pmc.o
 .debug_frame   0x00000f78      0x19c src/ASF/sam/drivers/uart/uart.o
 .debug_frame   0x00001114      0x5c0 src/ASF/sam/drivers/usart/usart.o
 .debug_frame   0x000016d4       0x38 src/ASF/sam/utils/cmsis/same70/source/templates/gcc/startup_same70.o
 .debug_frame   0x0000170c       0x40 src/ASF/sam/utils/cmsis/same70/source/templates/system_same70.o
 .debug_frame   0x0000174c       0xa0 src/ASF/sam/utils/syscalls/gcc/syscalls.o
 .debug_frame   0x000017ec       0x2c c:/program files (x86)/atmel/studio/7.0/toolchain/arm/arm-gnu-toolchain/bin/../lib/gcc/arm-none-eabi/5.3.1/../../../../arm-none-eabi/lib/armv7e-m\libc.a(lib_a-init.o)
 .debug_frame   0x00001818       0x74 c:/program files (x86)/atmel/studio/7.0/toolchain/arm/arm-gnu-toolchain/bin/../lib/gcc/arm-none-eabi/5.3.1/../../../../arm-none-eabi/lib/armv7e-m\libc.a(lib_a-iprintf.o)
 .debug_frame   0x0000188c       0x34 c:/program files (x86)/atmel/studio/7.0/toolchain/arm/arm-gnu-toolchain/bin/../lib/gcc/arm-none-eabi/5.3.1/../../../../arm-none-eabi/lib/armv7e-m\libc.a(lib_a-memset.o)
 .debug_frame   0x000018c0       0x48 c:/program files (x86)/atmel/studio/7.0/toolchain/arm/arm-gnu-toolchain/bin/../lib/gcc/arm-none-eabi/5.3.1/../../../../arm-none-eabi/lib/armv7e-m\libc.a(lib_a-puts.o)
 .debug_frame   0x00001908       0x20 c:/program files (x86)/atmel/studio/7.0/toolchain/arm/arm-gnu-toolchain/bin/../lib/gcc/arm-none-eabi/5.3.1/../../../../arm-none-eabi/lib/armv7e-m\libc.a(lib_a-setbuf.o)
 .debug_frame   0x00001928       0x50 c:/program files (x86)/atmel/studio/7.0/toolchain/arm/arm-gnu-toolchain/bin/../lib/gcc/arm-none-eabi/5.3.1/../../../../arm-none-eabi/lib/armv7e-m\libc.a(lib_a-setvbuf.o)
 .debug_frame   0x00001978       0xc8 c:/program files (x86)/atmel/studio/7.0/toolchain/arm/arm-gnu-toolchain/bin/../lib/gcc/arm-none-eabi/5.3.1/../../../../arm-none-eabi/lib/armv7e-m\libc.a(lib_a-vfiprintf.o)
 .debug_frame   0x00001a40       0x2c c:/program files (x86)/atmel/studio/7.0/toolchain/arm/arm-gnu-toolchain/bin/../lib/gcc/arm-none-eabi/5.3.1/../../../../arm-none-eabi/lib/armv7e-m\libc.a(lib_a-wsetup.o)
 .debug_frame   0x00001a6c       0x50 c:/program files (x86)/atmel/studio/7.0/toolchain/arm/arm-gnu-toolchain/bin/../lib/gcc/arm-none-eabi/5.3.1/../../../../arm-none-eabi/lib/armv7e-m\libc.a(lib_a-__call_atexit.o)
 .debug_frame   0x00001abc       0x20 c:/program files (x86)/atmel/studio/7.0/toolchain/arm/arm-gnu-toolchain/bin/../lib/gcc/arm-none-eabi/5.3.1/../../../../arm-none-eabi/lib/armv7e-m\libc.a(lib_a-atexit.o)
 .debug_frame   0x00001adc       0x6c c:/program files (x86)/atmel/studio/7.0/toolchain/arm/arm-gnu-toolchain/bin/../lib/gcc/arm-none-eabi/5.3.1/../../../../arm-none-eabi/lib/armv7e-m\libc.a(lib_a-fflush.o)
 .debug_frame   0x00001b48      0x124 c:/program files (x86)/atmel/studio/7.0/toolchain/arm/arm-gnu-toolchain/bin/../lib/gcc/arm-none-eabi/5.3.1/../../../../arm-none-eabi/lib/armv7e-m\libc.a(lib_a-findfp.o)
 .debug_frame   0x00001c6c       0x34 c:/program files (x86)/atmel/studio/7.0/toolchain/arm/arm-gnu-toolchain/bin/../lib/gcc/arm-none-eabi/5.3.1/../../../../arm-none-eabi/lib/armv7e-m\libc.a(lib_a-fini.o)
 .debug_frame   0x00001ca0       0x8c c:/program files (x86)/atmel/studio/7.0/toolchain/arm/arm-gnu-toolchain/bin/../lib/gcc/arm-none-eabi/5.3.1/../../../../arm-none-eabi/lib/armv7e-m\libc.a(lib_a-fputwc.o)
 .debug_frame   0x00001d2c       0x74 c:/program files (x86)/atmel/studio/7.0/toolchain/arm/arm-gnu-toolchain/bin/../lib/gcc/arm-none-eabi/5.3.1/../../../../arm-none-eabi/lib/armv7e-m\libc.a(lib_a-freer.o)
 .debug_frame   0x00001da0       0x68 c:/program files (x86)/atmel/studio/7.0/toolchain/arm/arm-gnu-toolchain/bin/../lib/gcc/arm-none-eabi/5.3.1/../../../../arm-none-eabi/lib/armv7e-m\libc.a(lib_a-fvwrite.o)
 .debug_frame   0x00001e08       0x54 c:/program files (x86)/atmel/studio/7.0/toolchain/arm/arm-gnu-toolchain/bin/../lib/gcc/arm-none-eabi/5.3.1/../../../../arm-none-eabi/lib/armv7e-m\libc.a(lib_a-fwalk.o)
 .debug_frame   0x00001e5c       0x9c c:/program files (x86)/atmel/studio/7.0/toolchain/arm/arm-gnu-toolchain/bin/../lib/gcc/arm-none-eabi/5.3.1/../../../../arm-none-eabi/lib/armv7e-m\libc.a(lib_a-locale.o)
 .debug_frame   0x00001ef8       0x68 c:/program files (x86)/atmel/studio/7.0/toolchain/arm/arm-gnu-toolchain/bin/../lib/gcc/arm-none-eabi/5.3.1/../../../../arm-none-eabi/lib/armv7e-m\libc.a(lib_a-makebuf.o)
 .debug_frame   0x00001f60       0x30 c:/program files (x86)/atmel/studio/7.0/toolchain/arm/arm-gnu-toolchain/bin/../lib/gcc/arm-none-eabi/5.3.1/../../../../arm-none-eabi/lib/armv7e-m\libc.a(lib_a-malloc.o)
 .debug_frame   0x00001f90       0x58 c:/program files (x86)/atmel/studio/7.0/toolchain/arm/arm-gnu-toolchain/bin/../lib/gcc/arm-none-eabi/5.3.1/../../../../arm-none-eabi/lib/armv7e-m\libc.a(lib_a-mallocr.o)
 .debug_frame   0x00001fe8       0x30 c:/program files (x86)/atmel/studio/7.0/toolchain/arm/arm-gnu-toolchain/bin/../lib/gcc/arm-none-eabi/5.3.1/../../../../arm-none-eabi/lib/armv7e-m\libc.a(lib_a-memmove.o)
 .debug_frame   0x00002018       0x30 c:/program files (x86)/atmel/studio/7.0/toolchain/arm/arm-gnu-toolchain/bin/../lib/gcc/arm-none-eabi/5.3.1/../../../../arm-none-eabi/lib/armv7e-m\libc.a(lib_a-mlock.o)
 .debug_frame   0x00002048       0x60 c:/program files (x86)/atmel/studio/7.0/toolchain/arm/arm-gnu-toolchain/bin/../lib/gcc/arm-none-eabi/5.3.1/../../../../arm-none-eabi/lib/armv7e-m\libc.a(lib_a-reallocr.o)
 .debug_frame   0x000020a8       0x2c c:/program files (x86)/atmel/studio/7.0/toolchain/arm/arm-gnu-toolchain/bin/../lib/gcc/arm-none-eabi/5.3.1/../../../../arm-none-eabi/lib/armv7e-m\libc.a(lib_a-sbrkr.o)
 .debug_frame   0x000020d4       0x88 c:/program files (x86)/atmel/studio/7.0/toolchain/arm/arm-gnu-toolchain/bin/../lib/gcc/arm-none-eabi/5.3.1/../../../../arm-none-eabi/lib/armv7e-m\libc.a(lib_a-stdio.o)
 .debug_frame   0x0000215c       0x40 c:/program files (x86)/atmel/studio/7.0/toolchain/arm/arm-gnu-toolchain/bin/../lib/gcc/arm-none-eabi/5.3.1/../../../../arm-none-eabi/lib/armv7e-m\libc.a(lib_a-wbuf.o)
 .debug_frame   0x0000219c       0x60 c:/program files (x86)/atmel/studio/7.0/toolchain/arm/arm-gnu-toolchain/bin/../lib/gcc/arm-none-eabi/5.3.1/../../../../arm-none-eabi/lib/armv7e-m\libc.a(lib_a-wcrtomb.o)
 .debug_frame   0x000021fc       0x48 c:/program files (x86)/atmel/studio/7.0/toolchain/arm/arm-gnu-toolchain/bin/../lib/gcc/arm-none-eabi/5.3.1/../../../../arm-none-eabi/lib/armv7e-m\libc.a(lib_a-wctomb_r.o)
 .debug_frame   0x00002244       0x2c c:/program files (x86)/atmel/studio/7.0/toolchain/arm/arm-gnu-toolchain/bin/../lib/gcc/arm-none-eabi/5.3.1/../../../../arm-none-eabi/lib/armv7e-m\libc.a(lib_a-writer.o)
 .debug_frame   0x00002270       0x34 c:/program files (x86)/atmel/studio/7.0/toolchain/arm/arm-gnu-toolchain/bin/../lib/gcc/arm-none-eabi/5.3.1/../../../../arm-none-eabi/lib/armv7e-m\libc.a(lib_a-__atexit.o)
 .debug_frame   0x000022a4       0x2c c:/program files (x86)/atmel/studio/7.0/toolchain/arm/arm-gnu-toolchain/bin/../lib/gcc/arm-none-eabi/5.3.1/../../../../arm-none-eabi/lib/armv7e-m\libc.a(lib_a-closer.o)
 .debug_frame   0x000022d0       0x44 c:/program files (x86)/atmel/studio/7.0/toolchain/arm/arm-gnu-toolchain/bin/../lib/gcc/arm-none-eabi/5.3.1/../../../../arm-none-eabi/lib/armv7e-m\libc.a(lib_a-fclose.o)
 .debug_frame   0x00002314       0x2c c:/program files (x86)/atmel/studio/7.0/toolchain/arm/arm-gnu-toolchain/bin/../lib/gcc/arm-none-eabi/5.3.1/../../../../arm-none-eabi/lib/armv7e-m\libc.a(lib_a-fstatr.o)
 .debug_frame   0x00002340       0x2c c:/program files (x86)/atmel/studio/7.0/toolchain/arm/arm-gnu-toolchain/bin/../lib/gcc/arm-none-eabi/5.3.1/../../../../arm-none-eabi/lib/armv7e-m\libc.a(lib_a-isattyr.o)
 .debug_frame   0x0000236c       0x2c c:/program files (x86)/atmel/studio/7.0/toolchain/arm/arm-gnu-toolchain/bin/../lib/gcc/arm-none-eabi/5.3.1/../../../../arm-none-eabi/lib/armv7e-m\libc.a(lib_a-lseekr.o)
 .debug_frame   0x00002398       0x2c c:/program files (x86)/atmel/studio/7.0/toolchain/arm/arm-gnu-toolchain/bin/../lib/gcc/arm-none-eabi/5.3.1/../../../../arm-none-eabi/lib/armv7e-m\libc.a(lib_a-readr.o)
 .debug_frame   0x000023c4       0x58 c:/program files (x86)/atmel/studio/7.0/toolchain/arm/arm-gnu-toolchain/bin/../lib/gcc/arm-none-eabi/5.3.1/../../../../arm-none-eabi/lib/armv7e-m\libc.a(lib_a-reent.o)
 .debug_frame   0x0000241c       0x2c c:/program files (x86)/atmel/studio/7.0/toolchain/arm/arm-gnu-toolchain/bin/../lib/gcc/arm-none-eabi/5.3.1/armv7e-m\libgcc.a(_aeabi_uldivmod.o)
 .debug_frame   0x00002448       0x34 c:/program files (x86)/atmel/studio/7.0/toolchain/arm/arm-gnu-toolchain/bin/../lib/gcc/arm-none-eabi/5.3.1/armv7e-m\libgcc.a(_udivmoddi4.o)

Cross Reference Table

Symbol                                            File
ACC_Handler                                       src/ASF/sam/utils/cmsis/same70/source/templates/gcc/startup_same70.o
AES_Handler                                       src/ASF/sam/utils/cmsis/same70/source/templates/gcc/startup_same70.o
AFEC0_Handler                                     src/ASF/sam/drivers/afec/afec.o
AFEC1_Handler                                     src/ASF/sam/drivers/afec/afec.o
BusFault_Handler                                  src/ASF/sam/utils/cmsis/same70/source/templates/gcc/startup_same70.o
DACC_Handler                                      src/ASF/sam/utils/cmsis/same70/source/templates/gcc/startup_same70.o
DebugMon_Handler                                  src/ASF/sam/utils/cmsis/same70/source/templates/gcc/startup_same70.o
Dummy_Handler                                     src/ASF/sam/utils/cmsis/same70/source/templates/gcc/startup_same70.o
EFC_Handler                                       src/ASF/sam/utils/cmsis/same70/source/templates/gcc/startup_same70.o
GMAC_Handler                                      src/ASF/sam/utils/cmsis/same70/source/templates/gcc/startup_same70.o
HSMCI_Handler                                     src/ASF/sam/utils/cmsis/same70/source/templates/gcc/startup_same70.o
HardFault_Handler                                 src/ASF/sam/utils/cmsis/same70/source/templates/gcc/startup_same70.o
ICM_Handler                                       src/ASF/sam/utils/cmsis/same70/source/templates/gcc/startup_same70.o
ISI_Handler                                       src/ASF/sam/utils/cmsis/same70/source/templates/gcc/startup_same70.o
MCAN0_Handler                                     src/ASF/sam/utils/cmsis/same70/source/templates/gcc/startup_same70.o
MCAN1_Handler                                     src/ASF/sam/utils/cmsis/same70/source/templates/gcc/startup_same70.o
MemManage_Handler                                 src/ASF/sam/utils/cmsis/same70/source/templates/gcc/startup_same70.o
NMI_Handler                                       src/ASF/sam/utils/cmsis/same70/source/templates/gcc/startup_same70.o
PIOA_Handler                                      src/ASF/sam/drivers/pio/pio_handler.o
PIOB_Handler                                      src/ASF/sam/drivers/pio/pio_handler.o
PIOC_Handler                                      src/ASF/sam/drivers/pio/pio_handler.o
PIOD_Handler                                      src/ASF/sam/drivers/pio/pio_handler.o
PIOE_Handler                                      src/ASF/sam/drivers/pio/pio_handler.o
PMC_Handler                                       src/ASF/sam/utils/cmsis/same70/source/templates/gcc/startup_same70.o
PWM0_Handler                                      src/ASF/sam/utils/cmsis/same70/source/templates/gcc/startup_same70.o
PWM1_Handler                                      src/ASF/sam/utils/cmsis/same70/source/templates/gcc/startup_same70.o
PendSV_Handler                                    src/ASF/sam/utils/cmsis/same70/source/templates/gcc/startup_same70.o
QSPI_Handler                                      src/ASF/sam/utils/cmsis/same70/source/templates/gcc/startup_same70.o
RSTC_Handler                                      src/ASF/sam/utils/cmsis/same70/source/templates/gcc/startup_same70.o
RSWDT_Handler                                     src/ASF/sam/utils/cmsis/same70/source/templates/gcc/startup_same70.o
RTC_Handler                                       src/ASF/sam/utils/cmsis/same70/source/templates/gcc/startup_same70.o
RTC_init                                          src/main.o
RTT_Handler                                       src/ASF/sam/utils/cmsis/same70/source/templates/gcc/startup_same70.o
Reset_Handler                                     src/ASF/sam/utils/cmsis/same70/source/templates/gcc/startup_same70.o
SDRAMC_Handler                                    src/ASF/sam/utils/cmsis/same70/source/templates/gcc/startup_same70.o
SPI0_Handler                                      src/ASF/sam/utils/cmsis/same70/source/templates/gcc/startup_same70.o
SPI1_Handler                                      src/ASF/sam/utils/cmsis/same70/source/templates/gcc/startup_same70.o
SSC_Handler                                       src/ASF/sam/utils/cmsis/same70/source/templates/gcc/startup_same70.o
SUPC_Handler                                      src/ASF/sam/utils/cmsis/same70/source/templates/gcc/startup_same70.o
SVC_Handler                                       src/ASF/sam/utils/cmsis/same70/source/templates/gcc/startup_same70.o
SysTick_Handler                                   src/ASF/sam/utils/cmsis/same70/source/templates/gcc/startup_same70.o
SystemCoreClock                                   src/ASF/sam/utils/cmsis/same70/source/templates/system_same70.o
SystemCoreClockUpdate                             src/ASF/sam/utils/cmsis/same70/source/templates/system_same70.o
                                                  src/ASF/common/services/clock/same70/sysclk.o
SystemInit                                        src/ASF/sam/utils/cmsis/same70/source/templates/system_same70.o
TC0_Handler                                       src/ASF/sam/utils/cmsis/same70/source/templates/gcc/startup_same70.o
TC10_Handler                                      src/ASF/sam/utils/cmsis/same70/source/templates/gcc/startup_same70.o
TC11_Handler                                      src/ASF/sam/utils/cmsis/same70/source/templates/gcc/startup_same70.o
TC1_Handler                                       src/main.o
TC1_init                                          src/main.o
TC2_Handler                                       src/ASF/sam/utils/cmsis/same70/source/templates/gcc/startup_same70.o
TC3_Handler                                       src/ASF/sam/utils/cmsis/same70/source/templates/gcc/startup_same70.o
TC4_Handler                                       src/ASF/sam/utils/cmsis/same70/source/templates/gcc/startup_same70.o
TC5_Handler                                       src/ASF/sam/utils/cmsis/same70/source/templates/gcc/startup_same70.o
TC6_Handler                                       src/ASF/sam/utils/cmsis/same70/source/templates/gcc/startup_same70.o
TC7_Handler                                       src/ASF/sam/utils/cmsis/same70/source/templates/gcc/startup_same70.o
TC8_Handler                                       src/ASF/sam/utils/cmsis/same70/source/templates/gcc/startup_same70.o
TC9_Handler                                       src/ASF/sam/utils/cmsis/same70/source/templates/gcc/startup_same70.o