Archive member included to satisfy reference by file (symbol)

c:/program files (x86)/atmel/studio/7.0/toolchain/arm/arm-gnu-toolchain/bin/../lib/gcc/arm-none-eabi/5.3.1/../../../../arm-none-eabi/lib/armv7e-m\libc.a(lib_a-exit.o)
                              c:/program files (x86)/atmel/studio/7.0/toolchain/arm/arm-gnu-toolchain/bin/../lib/gcc/arm-none-eabi/5.3.1/../../../../arm-none-eabi/lib/armv7e-m/crt0.o (exit)
c:/program files (x86)/atmel/studio/7.0/toolchain/arm/arm-gnu-toolchain/bin/../lib/gcc/arm-none-eabi/5.3.1/../../../../arm-none-eabi/lib/armv7e-m\libc.a(lib_a-impure.o)
                              c:/program files (x86)/atmel/studio/7.0/toolchain/arm/arm-gnu-toolchain/bin/../lib/gcc/arm-none-eabi/5.3.1/../../../../arm-none-eabi/lib/armv7e-m\libc.a(lib_a-exit.o) (_global_impure_ptr)
c:/program files (x86)/atmel/studio/7.0/toolchain/arm/arm-gnu-toolchain/bin/../lib/gcc/arm-none-eabi/5.3.1/../../../../arm-none-eabi/lib/armv7e-m\libc.a(lib_a-init.o)
                              c:/program files (x86)/atmel/studio/7.0/toolchain/arm/arm-gnu-toolchain/bin/../lib/gcc/arm-none-eabi/5.3.1/../../../../arm-none-eabi/lib/armv7e-m/crt0.o (__libc_init_array)
c:/program files (x86)/atmel/studio/7.0/toolchain/arm/arm-gnu-toolchain/bin/../lib/gcc/arm-none-eabi/5.3.1/../../../../arm-none-eabi/lib/armv7e-m\libc.a(lib_a-iprintf.o)
                              src/main.o (iprintf)
c:/program files (x86)/atmel/studio/7.0/toolchain/arm/arm-gnu-toolchain/bin/../lib/gcc/arm-none-eabi/5.3.1/../../../../arm-none-eabi/lib/armv7e-m\libc.a(lib_a-malloc.o)
                              src/ASF/thirdparty/freertos/freertos-8.2.3/Source/portable/MemMang/heap_3.o (malloc)
c:/program files (x86)/atmel/studio/7.0/toolchain/arm/arm-gnu-toolchain/bin/../lib/gcc/arm-none-eabi/5.3.1/../../../../arm-none-eabi/lib/armv7e-m\libc.a(lib_a-mallocr.o)
                              c:/program files (x86)/atmel/studio/7.0/toolchain/arm/arm-gnu-toolchain/bin/../lib/gcc/arm-none-eabi/5.3.1/../../../../arm-none-eabi/lib/armv7e-m\libc.a(lib_a-malloc.o) (_malloc_r)
c:/program files (x86)/atmel/studio/7.0/toolchain/arm/arm-gnu-toolchain/bin/../lib/gcc/arm-none-eabi/5.3.1/../../../../arm-none-eabi/lib/armv7e-m\libc.a(lib_a-memcpy.o)
                              src/ASF/thirdparty/freertos/freertos-8.2.3/Source/queue.o (memcpy)
c:/program files (x86)/atmel/studio/7.0/toolchain/arm/arm-gnu-toolchain/bin/../lib/gcc/arm-none-eabi/5.3.1/../../../../arm-none-eabi/lib/armv7e-m\libc.a(lib_a-memset.o)
                              c:/program files (x86)/atmel/studio/7.0/toolchain/arm/arm-gnu-toolchain/bin/../lib/gcc/arm-none-eabi/5.3.1/../../../../arm-none-eabi/lib/armv7e-m/crt0.o (memset)
c:/program files (x86)/atmel/studio/7.0/toolchain/arm/arm-gnu-toolchain/bin/../lib/gcc/arm-none-eabi/5.3.1/../../../../arm-none-eabi/lib/armv7e-m\libc.a(lib_a-mlock.o)
                              c:/program files (x86)/atmel/studio/7.0/toolchain/arm/arm-gnu-toolchain/bin/../lib/gcc/arm-none-eabi/5.3.1/../../../../arm-none-eabi/lib/armv7e-m\libc.a(lib_a-mallocr.o) (__malloc_lock)
c:/program files (x86)/atmel/studio/7.0/toolchain/arm/arm-gnu-toolchain/bin/../lib/gcc/arm-none-eabi/5.3.1/../../../../arm-none-eabi/lib/armv7e-m\libc.a(lib_a-sbrkr.o)
                              c:/program files (x86)/atmel/studio/7.0/toolchain/arm/arm-gnu-toolchain/bin/../lib/gcc/arm-none-eabi/5.3.1/../../../../arm-none-eabi/lib/armv7e-m\libc.a(lib_a-mallocr.o) (_sbrk_r)
c:/program files (x86)/atmel/studio/7.0/toolchain/arm/arm-gnu-toolchain/bin/../lib/gcc/arm-none-eabi/5.3.1/../../../../arm-none-eabi/lib/armv7e-m\libc.a(lib_a-setbuf.o)
                              src/main.o (setbuf)
c:/program files (x86)/atmel/studio/7.0/toolchain/arm/arm-gnu-toolchain/bin/../lib/gcc/arm-none-eabi/5.3.1/../../../../arm-none-eabi/lib/armv7e-m\libc.a(lib_a-setvbuf.o)
                              c:/program files (x86)/atmel/studio/7.0/toolchain/arm/arm-gnu-toolchain/bin/../lib/gcc/arm-none-eabi/5.3.1/../../../../arm-none-eabi/lib/armv7e-m\libc.a(lib_a-setbuf.o) (setvbuf)
c:/program files (x86)/atmel/studio/7.0/toolchain/arm/arm-gnu-toolchain/bin/../lib/gcc/arm-none-eabi/5.3.1/../../../../arm-none-eabi/lib/armv7e-m\libc.a(lib_a-sprintf.o)
                              src/ASF/thirdparty/freertos/freertos-8.2.3/Source/tasks.o (sprintf)
c:/program files (x86)/atmel/studio/7.0/toolchain/arm/arm-gnu-toolchain/bin/../lib/gcc/arm-none-eabi/5.3.1/../../../../arm-none-eabi/lib/armv7e-m\libc.a(lib_a-strcpy.o)
                              src/ASF/thirdparty/freertos/freertos-8.2.3/Source/tasks.o (strcpy)
c:/program files (x86)/atmel/studio/7.0/toolchain/arm/arm-gnu-toolchain/bin/../lib/gcc/arm-none-eabi/5.3.1/../../../../arm-none-eabi/lib/armv7e-m\libc.a(lib_a-strlen.o)
                              src/ASF/thirdparty/freertos/freertos-8.2.3/Source/tasks.o (strlen)
[...]
Memory Configuration

Name             Origin             Length             Attributes
rom              0x00400000         0x00200000         xr
ram              0x20400000         0x00060000         xrw
*default*        0x00000000         0xffffffff

Linker script and memory map

LOAD c:/program files (x86)/atmel/studio/7.0/toolchain/arm/arm-gnu-toolchain/bin/../lib/gcc/arm-none-eabi/5.3.1/armv7e-m/crti.o
LOAD c:/program files (x86)/atmel/studio/7.0/toolchain/arm/arm-gnu-toolchain/bin/../lib/gcc/arm-none-eabi/5.3.1/armv7e-m/crtbegin.o
LOAD c:/program files (x86)/atmel/studio/7.0/toolchain/arm/arm-gnu-toolchain/bin/../lib/gcc/arm-none-eabi/5.3.1/../../../../arm-none-eabi/lib/armv7e-m/crt0.o
LOAD src/ASF/common/services/clock/same70/sysclk.o
LOAD src/ASF/common/services/serial/usart_serial.o
LOAD src/ASF/common/utils/interrupt/interrupt_sam_nvic.o
LOAD src/ASF/common/utils/stdio/read.o
LOAD src/ASF/common/utils/stdio/write.o
LOAD src/ASF/sam/boards/same70_xplained/init.o
LOAD src/ASF/sam/drivers/mpu/mpu.o
LOAD src/ASF/sam/drivers/pio/pio.o
LOAD src/ASF/sam/drivers/pio/pio_handler.o
LOAD src/ASF/sam/drivers/pmc/pmc.o
LOAD src/ASF/sam/drivers/pmc/sleep.o
LOAD src/ASF/sam/drivers/uart/uart.o
LOAD src/ASF/sam/drivers/usart/usart.o
LOAD src/ASF/sam/utils/cmsis/same70/source/templates/gcc/startup_same70.o
LOAD src/ASF/sam/utils/cmsis/same70/source/templates/system_same70.o
LOAD src/ASF/sam/utils/syscalls/gcc/syscalls.o
LOAD src/ASF/thirdparty/freertos/freertos-8.2.3/Source/croutine.o
LOAD src/ASF/thirdparty/freertos/freertos-8.2.3/Source/event_groups.o
LOAD src/ASF/thirdparty/freertos/freertos-8.2.3/Source/list.o
LOAD src/ASF/thirdparty/freertos/freertos-8.2.3/Source/portable/GCC/ARM_CM7/r0p1/port.o
LOAD src/ASF/thirdparty/freertos/freertos-8.2.3/Source/portable/MemMang/heap_3.o
LOAD src/ASF/thirdparty/freertos/freertos-8.2.3/Source/queue.o
LOAD src/ASF/thirdparty/freertos/freertos-8.2.3/Source/tasks.o
LOAD src/ASF/thirdparty/freertos/freertos-8.2.3/Source/timers.o
LOAD src/main.o
START GROUP
LOAD ../src/ASF/thirdparty/CMSIS/Lib/GCC\libarm_cortexM7lfsp_math_softfp.a
LOAD c:/program files (x86)/atmel/studio/7.0/toolchain/arm/arm-gnu-toolchain/bin/../lib/gcc/arm-none-eabi/5.3.1/../../../../arm-none-eabi/lib/armv7e-m\libm.a
END GROUP
START GROUP
LOAD c:/program files (x86)/atmel/studio/7.0/toolchain/arm/arm-gnu-toolchain/bin/../lib/gcc/arm-none-eabi/5.3.1/armv7e-m\libgcc.a
LOAD c:/program files (x86)/atmel/studio/7.0/toolchain/arm/arm-gnu-toolchain/bin/../lib/gcc/arm-none-eabi/5.3.1/../../../../arm-none-eabi/lib/armv7e-m\libc.a
END GROUP
LOAD c:/program files (x86)/atmel/studio/7.0/toolchain/arm/arm-gnu-toolchain/bin/../lib/gcc/arm-none-eabi/5.3.1/armv7e-m/crtend.o
LOAD c:/program files (x86)/atmel/studio/7.0/toolchain/arm/arm-gnu-toolchain/bin/../lib/gcc/arm-none-eabi/5.3.1/armv7e-m/crtn.o
                0x00002000                STACK_SIZE = DEFINED (STACK_SIZE)?STACK_SIZE:0x2000
                0x2045fffc                __ram_end__ = ((ORIGIN (ram) + LENGTH (ram)) - 0x4)
                0x00000200                HEAP_SIZE = DEFINED (HEAP_SIZE)?HEAP_SIZE:0x200

.text           0x00400000     0x98d0
                0x00400000                . = ALIGN (0x4)
                0x00400000                _sfixed = .
 *(.vectors .vectors.*)
 .vectors       0x00400000      0x140 src/ASF/sam/utils/cmsis/same70/source/templates/gcc/startup_same70.o
                0x00400000                exception_table
 *(.text .text.* .gnu.linkonce.t.*)
 .text          0x00400140       0x5c c:/program files (x86)/atmel/studio/7.0/toolchain/arm/arm-gnu-toolchain/bin/../lib/gcc/arm-none-eabi/5.3.1/armv7e-m/crtbegin.o
 .text.sysclk_init
                0x0040019c       0x70 src/ASF/common/services/clock/same70/sysclk.o
                0x0040019c                sysclk_init
 .text._read    0x0040020c       0x3c src/ASF/common/utils/stdio/read.o
                0x0040020c                _read
 .text._write   0x00400248       0x50 src/ASF/common/utils/stdio/write.o
                0x00400248                _write
 .text.board_init
                0x00400298      0x184 src/ASF/sam/boards/same70_xplained/init.o
                0x00400298                board_init
 .text.pio_set  0x0040041c        0x4 src/ASF/sam/drivers/pio/pio.o
                0x0040041c                pio_set
 .text.pio_clear
                0x00400420        0x4 src/ASF/sam/drivers/pio/pio.o
                0x00400420                pio_clear
 .text.pio_set_output
                0x00400424       0x28 src/ASF/sam/drivers/pio/pio.o
                0x00400424                pio_set_output
 .text.pio_get_output_data_status
                0x0040044c        0xc src/ASF/sam/drivers/pio/pio.o
                0x0040044c                pio_get_output_data_status
 .text.pio_get_interrupt_status
                0x00400458        0x4 src/ASF/sam/drivers/pio/pio.o
                0x00400458                pio_get_interrupt_status
 .text.pio_get_interrupt_mask
                0x0040045c        0x4 src/ASF/sam/drivers/pio/pio.o
                0x0040045c                pio_get_interrupt_mask
 .text.pio_handler_process
                0x00400460       0x50 src/ASF/sam/drivers/pio/pio_handler.o
                0x00400460                pio_handler_process
 .text.PIOA_Handler
                0x004004b0       0x14 src/ASF/sam/drivers/pio/pio_handler.o
                0x004004b0                PIOA_Handler
 .text.PIOB_Handler
                0x004004c4       0x14 src/ASF/sam/drivers/pio/pio_handler.o
                0x004004c4                PIOB_Handler
 .text.PIOC_Handler
                0x004004d8       0x14 src/ASF/sam/drivers/pio/pio_handler.o
                0x004004d8                PIOC_Handler
 .text.PIOD_Handler
                0x004004ec       0x14 src/ASF/sam/drivers/pio/pio_handler.o
                0x004004ec                PIOD_Handler
 .text.PIOE_Handler
                0x00400500       0x14 src/ASF/sam/drivers/pio/pio_handler.o
                0x00400500                PIOE_Handler
 .text.pmc_mck_set_division
                0x00400514       0x3c src/ASF/sam/drivers/pmc/pmc.o
                0x00400514                pmc_mck_set_division
 .text.pmc_switch_mck_to_pllack
                0x00400550       0x68 src/ASF/sam/drivers/pmc/pmc.o
                0x00400550                pmc_switch_mck_to_pllack
 .text.pmc_switch_mainck_to_xtal
                0x004005b8       0x54 src/ASF/sam/drivers/pmc/pmc.o
                0x004005b8                pmc_switch_mainck_to_xtal
 .text.pmc_osc_is_ready_mainck
                0x0040060c       0x10 src/ASF/sam/drivers/pmc/pmc.o
                0x0040060c                pmc_osc_is_ready_mainck
 .text.pmc_disable_pllack
                0x0040061c       0x10 src/ASF/sam/drivers/pmc/pmc.o
                0x0040061c                pmc_disable_pllack
 .text.pmc_is_locked_pllack
                0x0040062c       0x10 src/ASF/sam/drivers/pmc/pmc.o
                0x0040062c                pmc_is_locked_pllack
 .text.pmc_enable_periph_clk
                0x0040063c       0x54 src/ASF/sam/drivers/pmc/pmc.o
                0x0040063c                pmc_enable_periph_clk
 .text.uart_write
                0x00400690       0x14 src/ASF/sam/drivers/uart/uart.o
                0x00400690                uart_write
 .text.uart_read
                0x004006a4       0x14 src/ASF/sam/drivers/uart/uart.o
                0x004006a4                uart_read
 .text.usart_set_async_baudrate
                0x004006b8       0x60 src/ASF/sam/drivers/usart/usart.o
                0x004006b8                usart_set_async_baudrate
 .text.usart_reset
                0x00400718       0x28 src/ASF/sam/drivers/usart/usart.o
                0x00400718                usart_reset
 .text.usart_init_rs232
                0x00400740       0x54 src/ASF/sam/drivers/usart/usart.o
                0x00400740                usart_init_rs232
 .text.usart_enable_tx
                0x00400794        0x8 src/ASF/sam/drivers/usart/usart.o
                0x00400794                usart_enable_tx
 .text.usart_enable_rx
                0x0040079c        0x8 src/ASF/sam/drivers/usart/usart.o
                0x0040079c                usart_enable_rx
 .text.usart_write
                0x004007a4       0x18 src/ASF/sam/drivers/usart/usart.o
                0x004007a4                usart_write
 .text.usart_read
                0x004007bc       0x18 src/ASF/sam/drivers/usart/usart.o
                0x004007bc                usart_read
 .text.Dummy_Handler
                0x004007d4        0x4 src/ASF/sam/utils/cmsis/same70/source/templates/gcc/startup_same70.o
                0x004007d4                DACC_Handler
                0x004007d4                DebugMon_Handler
                0x004007d4                UART3_Handler
                0x004007d4                UART2_Handler
                0x004007d4                TRNG_Handler
                0x004007d4                HardFault_Handler
                0x004007d4                TC2_Handler
                0x004007d4                AFEC1_Handler
                0x004007d4                NMI_Handler
                0x004007d4                TC7_Handler
                0x004007d4                QSPI_Handler
                0x004007d4                ISI_Handler
                0x004007d4                TC9_Handler
                0x004007d4                RSWDT_Handler
                0x004007d4                MCAN1_Handler
                0x004007d4                USART0_Handler
                0x004007d4                RTT_Handler
                0x004007d4                USBHS_Handler
                0x004007d4                RTC_Handler
                0x004007d4                UsageFault_Handler
                0x004007d4                TC6_Handler
                0x004007d4                WDT_Handler
                0x004007d4                TC4_Handler
                0x004007d4                TC1_Handler
                0x004007d4                HSMCI_Handler
                0x004007d4                UART1_Handler
                0x004007d4                TC3_Handler
                0x004007d4                Dummy_Handler
                0x004007d4                TWIHS1_Handler
                0x004007d4                XDMAC_Handler
                0x004007d4                UART4_Handler
                0x004007d4                PWM1_Handler
                0x004007d4                USART1_Handler
                0x004007d4                PWM0_Handler
                0x004007d4                AFEC0_Handler
                0x004007d4                SSC_Handler
                0x004007d4                TC11_Handler
                0x004007d4                ACC_Handler
                0x004007d4                PMC_Handler
                0x004007d4                GMAC_Handler
                0x004007d4                MemManage_Handler
                0x004007d4                SUPC_Handler
                0x004007d4                TC8_Handler
                0x004007d4                EFC_Handler
                0x004007d4                USART2_Handler
                0x004007d4                SDRAMC_Handler
                0x004007d4                SPI1_Handler
                0x004007d4                MCAN0_Handler
                0x004007d4                TC10_Handler
                0x004007d4                TWIHS2_Handler
                0x004007d4                UART0_Handler
                0x004007d4                BusFault_Handler
                0x004007d4                RSTC_Handler
                0x004007d4                TC0_Handler
                0x004007d4                TC5_Handler
                0x004007d4                ICM_Handler
                0x004007d4                AES_Handler
                0x004007d4                TWIHS0_Handler
                0x004007d4                SPI0_Handler
 .text.Reset_Handler
                0x004007d8       0xdc src/ASF/sam/utils/cmsis/same70/source/templates/gcc/startup_same70.o
                0x004007d8                Reset_Handler
 .text.SystemCoreClockUpdate
                0x004008b4      0x110 src/ASF/sam/utils/cmsis/same70/source/templates/system_same70.o
                0x004008b4                SystemCoreClockUpdate
 .text.system_init_flash
                0x004009c4       0x74 src/ASF/sam/utils/cmsis/same70/source/templates/system_same70.o
                0x004009c4                system_init_flash
 .text._sbrk    0x00400a38       0x34 src/ASF/sam/utils/syscalls/gcc/syscalls.o
                0x00400a38                _sbrk
 .text._close   0x00400a6c        0x8 src/ASF/sam/utils/syscalls/gcc/syscalls.o
                0x00400a6c                _close
 .text._fstat   0x00400a74        0xc src/ASF/sam/utils/syscalls/gcc/syscalls.o
                0x00400a74                _fstat
 .text._isatty  0x00400a80        0x4 src/ASF/sam/utils/syscalls/gcc/syscalls.o
                0x00400a80                _isatty
 .text._lseek   0x00400a84        0x4 src/ASF/sam/utils/syscalls/gcc/syscalls.o
                0x00400a84                _lseek
 .text.vListInitialise
                0x00400a88       0x18 src/ASF/thirdparty/freertos/freertos-8.2.3/Source/list.o
                0x00400a88                vListInitialise
 .text.vListInitialiseItem
                0x00400aa0        0x8 src/ASF/thirdparty/freertos/freertos-8.2.3/Source/list.o
                0x00400aa0                vListInitialiseItem
 .text.vListInsertEnd
                0x00400aa8       0x18 src/ASF/thirdparty/freertos/freertos-8.2.3/Source/list.o
                0x00400aa8                vListInsertEnd
 .text.vListInsert
                0x00400ac0       0x34 src/ASF/thirdparty/freertos/freertos-8.2.3/Source/list.o
                0x00400ac0                vListInsert
 .text.uxListRemove
                0x00400af4       0x24 src/ASF/thirdparty/freertos/freertos-8.2.3/Source/list.o
                0x00400af4                uxListRemove
 .text.prvTaskExitError
                0x00400b18       0x3c src/ASF/thirdparty/freertos/freertos-8.2.3/Source/portable/GCC/ARM_CM7/r0p1/port.o
 .text.prvPortStartFirstTask
                0x00400b54       0x20 src/ASF/thirdparty/freertos/freertos-8.2.3/Source/portable/GCC/ARM_CM7/r0p1/port.o
 .text.vPortEnableVFP
                0x00400b74       0x14 src/ASF/thirdparty/freertos/freertos-8.2.3/Source/portable/GCC/ARM_CM7/r0p1/port.o
 .text.pxPortInitialiseStack
                0x00400b88       0x28 src/ASF/thirdparty/freertos/freertos-8.2.3/Source/portable/GCC/ARM_CM7/r0p1/port.o
                0x00400b88                pxPortInitialiseStack
 .text.SVC_Handler
                0x00400bb0       0x24 src/ASF/thirdparty/freertos/freertos-8.2.3/Source/portable/GCC/ARM_CM7/r0p1/port.o
                0x00400bb0                SVC_Handler
 .text.vPortEnterCritical
                0x00400bd4       0x4c src/ASF/thirdparty/freertos/freertos-8.2.3/Source/portable/GCC/ARM_CM7/r0p1/port.o
                0x00400bd4                vPortEnterCritical
 .text.vPortExitCritical
                0x00400c20       0x30 src/ASF/thirdparty/freertos/freertos-8.2.3/Source/portable/GCC/ARM_CM7/r0p1/port.o
                0x00400c20                vPortExitCritical
 .text.PendSV_Handler
                0x00400c50       0x68 src/ASF/thirdparty/freertos/freertos-8.2.3/Source/portable/GCC/ARM_CM7/r0p1/port.o
                0x00400c50                PendSV_Handler
 .text.SysTick_Handler
                0x00400cb8       0x38 src/ASF/thirdparty/freertos/freertos-8.2.3/Source/portable/GCC/ARM_CM7/r0p1/port.o
                0x00400cb8                SysTick_Handler
 .text.vPortSetupTimerInterrupt
                0x00400cf0       0x18 src/ASF/thirdparty/freertos/freertos-8.2.3/Source/portable/GCC/ARM_CM7/r0p1/port.o
                0x00400cf0                vPortSetupTimerInterrupt
 .text.xPortStartScheduler
                0x00400d08       0xc4 src/ASF/thirdparty/freertos/freertos-8.2.3/Source/portable/GCC/ARM_CM7/r0p1/port.o
                0x00400d08                xPortStartScheduler
 .text.vPortValidateInterruptPriority
                0x00400dcc       0x64 src/ASF/thirdparty/freertos/freertos-8.2.3/Source/portable/GCC/ARM_CM7/r0p1/port.o
                0x00400dcc                vPortValidateInterruptPriority
 .text.pvPortMalloc
                0x00400e30       0x30 src/ASF/thirdparty/freertos/freertos-8.2.3/Source/portable/MemMang/heap_3.o
                0x00400e30                pvPortMalloc
 .text.vPortFree
                0x00400e60       0x24 src/ASF/thirdparty/freertos/freertos-8.2.3/Source/portable/MemMang/heap_3.o
                0x00400e60                vPortFree
 .text.prvCopyDataToQueue
                0x00400e84       0x88 src/ASF/thirdparty/freertos/freertos-8.2.3/Source/queue.o
 .text.prvNotifyQueueSetContainer
                0x00400f0c       0x84 src/ASF/thirdparty/freertos/freertos-8.2.3/Source/queue.o
 .text.prvCopyDataFromQueue
                0x00400f90       0x28 src/ASF/thirdparty/freertos/freertos-8.2.3/Source/queue.o
 .text.prvUnlockQueue
                0x00400fb8       0x9c src/ASF/thirdparty/freertos/freertos-8.2.3/Source/queue.o
 .text.xQueueGenericReset
                0x00401054       0x94 src/ASF/thirdparty/freertos/freertos-8.2.3/Source/queue.o
                0x00401054                xQueueGenericReset
 .text.xQueueGenericCreate
                0x004010e8       0x84 src/ASF/thirdparty/freertos/freertos-8.2.3/Source/queue.o
                0x004010e8                xQueueGenericCreate
 .text.xQueueGenericSend
                0x0040116c      0x1dc src/ASF/thirdparty/freertos/freertos-8.2.3/Source/queue.o
                0x0040116c                xQueueGenericSend
 .text.xQueueGenericSendFromISR
                0x00401348       0xf8 src/ASF/thirdparty/freertos/freertos-8.2.3/Source/queue.o
                0x00401348                xQueueGenericSendFromISR
 .text.xQueueGenericReceive
                0x00401440      0x1c4 src/ASF/thirdparty/freertos/freertos-8.2.3/Source/queue.o
                0x00401440                xQueueGenericReceive
 .text.vQueueAddToRegistry
                0x00401604       0x34 src/ASF/thirdparty/freertos/freertos-8.2.3/Source/queue.o
                0x00401604                vQueueAddToRegistry
 .text.vQueueWaitForMessageRestricted
                0x00401638       0x50 src/ASF/thirdparty/freertos/freertos-8.2.3/Source/queue.o
                0x00401638                vQueueWaitForMessageRestricted
 .text.prvListTaskWithinSingleList
                0x00401688       0xb4 src/ASF/thirdparty/freertos/freertos-8.2.3/Source/tasks.o
 .text.prvResetNextTaskUnblockTime
                0x0040173c       0x2c src/ASF/thirdparty/freertos/freertos-8.2.3/Source/tasks.o
 .text.prvAddCurrentTaskToDelayedList
                0x00401768       0x58 src/ASF/thirdparty/freertos/freertos-8.2.3/Source/tasks.o
 .text.xTaskGenericCreate
                0x004017c0      0x228 src/ASF/thirdparty/freertos/freertos-8.2.3/Source/tasks.o
                0x004017c0                xTaskGenericCreate
 .text.vTaskStartScheduler
                0x004019e8       0x90 src/ASF/thirdparty/freertos/freertos-8.2.3/Source/tasks.o
                0x004019e8                vTaskStartScheduler
 .text.vTaskSuspendAll
                0x00401a78       0x10 src/ASF/thirdparty/freertos/freertos-8.2.3/Source/tasks.o
                0x00401a78                vTaskSuspendAll
 .text.xTaskGetTickCount
                0x00401a88        0xc src/ASF/thirdparty/freertos/freertos-8.2.3/Source/tasks.o
                0x00401a88                xTaskGetTickCount
 .text.uxTaskGetNumberOfTasks
                0x00401a94        0xc src/ASF/thirdparty/freertos/freertos-8.2.3/Source/tasks.o
                0x00401a94                uxTaskGetNumberOfTasks
 .text.xTaskIncrementTick
                0x00401aa0      0x148 src/ASF/thirdparty/freertos/freertos-8.2.3/Source/tasks.o
                0x00401aa0                xTaskIncrementTick
 .text.xTaskResumeAll
                0x00401be8      0x118 src/ASF/thirdparty/freertos/freertos-8.2.3/Source/tasks.o
                0x00401be8                xTaskResumeAll
 .text.vTaskDelay
                0x00401d00       0x90 src/ASF/thirdparty/freertos/freertos-8.2.3/Source/tasks.o
                0x00401d00                vTaskDelay
 .text.prvIdleTask
                0x00401d90       0x90 src/ASF/thirdparty/freertos/freertos-8.2.3/Source/tasks.o
 .text.uxTaskGetSystemState
                0x00401e20       0xac src/ASF/thirdparty/freertos/freertos-8.2.3/Source/tasks.o
                0x00401e20                uxTaskGetSystemState
 .text.vTaskSwitchContext
                0x00401ecc       0xcc src/ASF/thirdparty/freertos/freertos-8.2.3/Source/tasks.o
                0x00401ecc                vTaskSwitchContext
 .text.vTaskPlaceOnEventList
                0x00401f98       0x84 src/ASF/thirdparty/freertos/freertos-8.2.3/Source/tasks.o
                0x00401f98                vTaskPlaceOnEventList
 .text.vTaskPlaceOnEventListRestricted
                0x0040201c       0x80 src/ASF/thirdparty/freertos/freertos-8.2.3/Source/tasks.o
                0x0040201c                vTaskPlaceOnEventListRestricted
 .text.xTaskRemoveFromEventList
                0x0040209c       0x98 src/ASF/thirdparty/freertos/freertos-8.2.3/Source/tasks.o
                0x0040209c                xTaskRemoveFromEventList
 .text.vTaskSetTimeOutState
                0x00402134       0x30 src/ASF/thirdparty/freertos/freertos-8.2.3/Source/tasks.o
                0x00402134                vTaskSetTimeOutState
 .text.xTaskCheckForTimeOut
                0x00402164       0x94 src/ASF/thirdparty/freertos/freertos-8.2.3/Source/tasks.o
                0x00402164                xTaskCheckForTimeOut
 .text.vTaskMissedYield
                0x004021f8        0xc src/ASF/thirdparty/freertos/freertos-8.2.3/Source/tasks.o
                0x004021f8                vTaskMissedYield
 .text.xTaskGetSchedulerState
                0x00402204       0x20 src/ASF/thirdparty/freertos/freertos-8.2.3/Source/tasks.o
                0x00402204                xTaskGetSchedulerState
 .text.vTaskPriorityInherit
                0x00402224       0xa8 src/ASF/thirdparty/freertos/freertos-8.2.3/Source/tasks.o
                0x00402224                vTaskPriorityInherit
 .text.xTaskPriorityDisinherit
                0x004022cc       0xc0 src/ASF/thirdparty/freertos/freertos-8.2.3/Source/tasks.o
                0x004022cc                xTaskPriorityDisinherit
 .text.vTaskList
                0x0040238c      0x100 src/ASF/thirdparty/freertos/freertos-8.2.3/Source/tasks.o
                0x0040238c                vTaskList
 .text.pvTaskIncrementMutexHeldCount
                0x0040248c       0x1c src/ASF/thirdparty/freertos/freertos-8.2.3/Source/tasks.o
                0x0040248c                pvTaskIncrementMutexHeldCount
 .text.prvInsertTimerInActiveList
                0x004024a8       0x4c src/ASF/thirdparty/freertos/freertos-8.2.3/Source/timers.o
 .text.prvCheckForValidListAndQueue
                0x004024f4       0x80 src/ASF/thirdparty/freertos/freertos-8.2.3/Source/timers.o
 .text.xTimerCreateTimerTask
                0x00402574       0x58 src/ASF/thirdparty/freertos/freertos-8.2.3/Source/timers.o
                0x00402574                xTimerCreateTimerTask
 .text.xTimerGenericCommand
                0x004025cc       0x70 src/ASF/thirdparty/freertos/freertos-8.2.3/Source/timers.o
                0x004025cc                xTimerGenericCommand
 .text.prvSampleTimeNow
                0x0040263c       0xbc src/ASF/thirdparty/freertos/freertos-8.2.3/Source/timers.o
 .text.prvTimerTask
                0x004026f8      0x1dc src/ASF/thirdparty/freertos/freertos-8.2.3/Source/timers.o
 .text.task_led
                0x004028d4       0x38 src/main.o
 .text.task_monitor
                0x0040290c       0x40 src/main.o
 .text.usart_serial_getchar
                0x0040294c       0xd8 src/main.o
 .text.usart_serial_putchar
                0x00402a24       0xd4 src/main.o
 .text.vApplicationStackOverflowHook
                0x00402af8       0x18 src/main.o
                0x00402af8                vApplicationStackOverflowHook
 .text.vApplicationTickHook
                0x00402b10        0x4 src/main.o
                0x00402b10                vApplicationTickHook
 .text.vApplicationMallocFailedHook
                0x00402b14       0x18 src/main.o
                0x00402b14                vApplicationMallocFailedHook
 .text.led_init
                0x00402b2c       0x28 src/main.o
                0x00402b2c                led_init
 .text.main     0x00402b54      0x274 src/main.o
                0x00402b54                main
 .text.__libc_init_array
                0x00402dc8       0x50 c:/program files (x86)/atmel/studio/7.0/toolchain/arm/arm-gnu-toolchain/bin/../lib/gcc/arm-none-eabi/5.3.1/../../../../arm-none-eabi/lib/armv7e-m\libc.a(lib_a-init.o)
                0x00402dc8                __libc_init_array
 .text.iprintf  0x00402e18       0x28 c:/program files (x86)/atmel/studio/7.0/toolchain/arm/arm-gnu-toolchain/bin/../lib/gcc/arm-none-eabi/5.3.1/../../../../arm-none-eabi/lib/armv7e-m\libc.a(lib_a-iprintf.o)
                0x00402e18                iprintf
 .text.malloc   0x00402e40       0x10 c:/program files (x86)/atmel/studio/7.0/toolchain/arm/arm-gnu-toolchain/bin/../lib/gcc/arm-none-eabi/5.3.1/../../../../arm-none-eabi/lib/armv7e-m\libc.a(lib_a-malloc.o)
                0x00402e40                malloc
 .text.free     0x00402e50       0x10 c:/program files (x86)/atmel/studio/7.0/toolchain/arm/arm-gnu-toolchain/bin/../lib/gcc/arm-none-eabi/5.3.1/../../../../arm-none-eabi/lib/armv7e-m\libc.a(lib_a-malloc.o)
                0x00402e50                free
 .text._malloc_r
                0x00402e60      0x570 c:/program files (x86)/atmel/studio/7.0/toolchain/arm/arm-gnu-toolchain/bin/../lib/gcc/arm-none-eabi/5.3.1/../../../../arm-none-eabi/lib/armv7e-m\libc.a(lib_a-mallocr.o)
                0x00402e60                _malloc_r
 .text          0x004033d0      0x134 c:/program files (x86)/atmel/studio/7.0/toolchain/arm/arm-gnu-toolchain/bin/../lib/gcc/arm-none-eabi/5.3.1/../../../../arm-none-eabi/lib/armv7e-m\libc.a(lib_a-memcpy.o)
                0x004033d0                memcpy
 .text.memset   0x00403504       0x9c c:/program files (x86)/atmel/studio/7.0/toolchain/arm/arm-gnu-toolchain/bin/../lib/gcc/arm-none-eabi/5.3.1/../../../../arm-none-eabi/lib/armv7e-m\libc.a(lib_a-memset.o)
                0x00403504                memset
 .text.__malloc_lock
                0x004035a0        0x4 c:/program files (x86)/atmel/studio/7.0/toolchain/arm/arm-gnu-toolchain/bin/../lib/gcc/arm-none-eabi/5.3.1/../../../../arm-none-eabi/lib/armv7e-m\libc.a(lib_a-mlock.o)
                0x004035a0                __malloc_lock
 .text.__malloc_unlock
                0x004035a4        0x4 c:/program files (x86)/atmel/studio/7.0/toolchain/arm/arm-gnu-toolchain/bin/../lib/gcc/arm-none-eabi/5.3.1/../../../../arm-none-eabi/lib/armv7e-m\libc.a(lib_a-mlock.o)
                0x004035a4                __malloc_unlock
 .text._sbrk_r  0x004035a8       0x24 c:/program files (x86)/atmel/studio/7.0/toolchain/arm/arm-gnu-toolchain/bin/../lib/gcc/arm-none-eabi/5.3.1/../../../../arm-none-eabi/lib/armv7e-m\libc.a(lib_a-sbrkr.o)
                0x004035a8                _sbrk_r
 .text.setbuf   0x004035cc       0x10 c:/program files (x86)/atmel/studio/7.0/toolchain/arm/arm-gnu-toolchain/bin/../lib/gcc/arm-none-eabi/5.3.1/../../../../arm-none-eabi/lib/armv7e-m\libc.a(lib_a-setbuf.o)
                0x004035cc                setbuf
 .text.setvbuf  0x004035dc      0x150 c:/program files (x86)/atmel/studio/7.0/toolchain/arm/arm-gnu-toolchain/bin/../lib/gcc/arm-none-eabi/5.3.1/../../../../arm-none-eabi/lib/armv7e-m\libc.a(lib_a-setvbuf.o)
                0x004035dc                setvbuf
 .text.sprintf  0x0040372c       0x4c c:/program files (x86)/atmel/studio/7.0/toolchain/arm/arm-gnu-toolchain/bin/../lib/gcc/arm-none-eabi/5.3.1/../../../../arm-none-eabi/lib/armv7e-m\libc.a(lib_a-sprintf.o)
                0x0040372c                sprintf
 .text.strcpy   0x00403778       0xbc c:/program files (x86)/atmel/studio/7.0/toolchain/arm/arm-gnu-toolchain/bin/../lib/gcc/arm-none-eabi/5.3.1/../../../../arm-none-eabi/lib/armv7e-m\libc.a(lib_a-strcpy.o)
                0x00403778                strcpy
 *fill*         0x00403834        0xc 
 .text          0x00403840       0xdc c:/program files (x86)/atmel/studio/7.0/toolchain/arm/arm-gnu-toolchain/bin/../lib/gcc/arm-none-eabi/5.3.1/../../../../arm-none-eabi/lib/armv7e-m\libc.a(lib_a-strlen.o)
                0x00403840                strlen
 .text._svfprintf_r
                0x0040391c     0x169c c:/program files (x86)/atmel/studio/7.0/toolchain/arm/arm-gnu-toolchain/bin/../lib/gcc/arm-none-eabi/5.3.1/../../../../arm-none-eabi/lib/armv7e-m\libc.a(lib_a-svfprintf.o)
                0x0040391c                _svfprintf_r
 .text.__sprint_r.part.0
                0x00404fb8       0x78 c:/program files (x86)/atmel/studio/7.0/toolchain/arm/arm-gnu-toolchain/bin/../lib/gcc/arm-none-eabi/5.3.1/../../../../arm-none-eabi/lib/armv7e-m\libc.a(lib_a-vfiprintf.o)
 .text._vfiprintf_r
                0x00405030      0xdfc c:/program files (x86)/atmel/studio/7.0/toolchain/arm/arm-gnu-toolchain/bin/../lib/gcc/arm-none-eabi/5.3.1/../../../../arm-none-eabi/lib/armv7e-m\libc.a(lib_a-vfiprintf.o)
                0x00405030                _vfiprintf_r
 .text.__sbprintf
                0x00405e2c       0x6c c:/program files (x86)/atmel/studio/7.0/toolchain/arm/arm-gnu-toolchain/bin/../lib/gcc/arm-none-eabi/5.3.1/../../../../arm-none-eabi/lib/armv7e-m\libc.a(lib_a-vfiprintf.o)
 .text.__swsetup_r
                0x00405e98       0xc8 c:/program files (x86)/atmel/studio/7.0/toolchain/arm/arm-gnu-toolchain/bin/../lib/gcc/arm-none-eabi/5.3.1/../../../../arm-none-eabi/lib/armv7e-m\libc.a(lib_a-wsetup.o)
                0x00405e98                __swsetup_r
 .text.startup.register_fini
                0x00405f60       0x14 c:/program files (x86)/atmel/studio/7.0/toolchain/arm/arm-gnu-toolchain/bin/../lib/gcc/arm-none-eabi/5.3.1/../../../../arm-none-eabi/lib/armv7e-m\libc.a(lib_a-__call_atexit.o)
 .text.atexit   0x00405f74        0xc c:/program files (x86)/atmel/studio/7.0/toolchain/arm/arm-gnu-toolchain/bin/../lib/gcc/arm-none-eabi/5.3.1/../../../../arm-none-eabi/lib/armv7e-m\libc.a(lib_a-atexit.o)
                0x00405f74                atexit
 .text.quorem   0x00405f80      0x128 c:/program files (x86)/atmel/studio/7.0/toolchain/arm/arm-gnu-toolchain/bin/../lib/gcc/arm-none-eabi/5.3.1/../../../../arm-none-eabi/lib/armv7e-m\libc.a(lib_a-dtoa.o)
 .text._dtoa_r  0x004060a8      0xe58 c:/program files (x86)/atmel/studio/7.0/toolchain/arm/arm-gnu-toolchain/bin/../lib/gcc/arm-none-eabi/5.3.1/../../../../arm-none-eabi/lib/armv7e-m\libc.a(lib_a-dtoa.o)
                0x004060a8                _dtoa_r
 .text.__sflush_r
                0x00406f00      0x148 c:/program files (x86)/atmel/studio/7.0/toolchain/arm/arm-gnu-toolchain/bin/../lib/gcc/arm-none-eabi/5.3.1/../../../../arm-none-eabi/lib/armv7e-m\libc.a(lib_a-fflush.o)
                0x00406f00                __sflush_r
 .text._fflush_r
                0x00407048       0x2c c:/program files (x86)/atmel/studio/7.0/toolchain/arm/arm-gnu-toolchain/bin/../lib/gcc/arm-none-eabi/5.3.1/../../../../arm-none-eabi/lib/armv7e-m\libc.a(lib_a-fflush.o)
                0x00407048                _fflush_r
 .text._cleanup_r
                0x00407074        0xc c:/program files (x86)/atmel/studio/7.0/toolchain/arm/arm-gnu-toolchain/bin/../lib/gcc/arm-none-eabi/5.3.1/../../../../arm-none-eabi/lib/armv7e-m\libc.a(lib_a-findfp.o)
                0x00407074                _cleanup_r
 .text.__sinit.part.1
                0x00407080       0xf0 c:/program files (x86)/atmel/studio/7.0/toolchain/arm/arm-gnu-toolchain/bin/../lib/gcc/arm-none-eabi/5.3.1/../../../../arm-none-eabi/lib/armv7e-m\libc.a(lib_a-findfp.o)
 .text.__sinit  0x00407170        0xc c:/program files (x86)/atmel/studio/7.0/toolchain/arm/arm-gnu-toolchain/bin/../lib/gcc/arm-none-eabi/5.3.1/../../../../arm-none-eabi/lib/armv7e-m\libc.a(lib_a-findfp.o)
                0x00407170                __sinit
 .text.__sfp_lock_acquire
                0x0040717c        0x4 c:/program files (x86)/atmel/studio/7.0/toolchain/arm/arm-gnu-toolchain/bin/../lib/gcc/arm-none-eabi/5.3.1/../../../../arm-none-eabi/lib/armv7e-m\libc.a(lib_a-findfp.o)
                0x0040717c                __sfp_lock_acquire
 .text.__sfp_lock_release
                0x00407180        0x4 c:/program files (x86)/atmel/studio/7.0/toolchain/arm/arm-gnu-toolchain/bin/../lib/gcc/arm-none-eabi/5.3.1/../../../../arm-none-eabi/lib/armv7e-m\libc.a(lib_a-findfp.o)
                0x00407180                __sfp_lock_release
 .text.__libc_fini_array
                0x00407184       0x28 c:/program files (x86)/atmel/studio/7.0/toolchain/arm/arm-gnu-toolchain/bin/../lib/gcc/arm-none-eabi/5.3.1/../../../../arm-none-eabi/lib/armv7e-m\libc.a(lib_a-fini.o)
                0x00407184                __libc_fini_array
 .text.__fputwc
                0x004071ac       0x98 c:/program files (x86)/atmel/studio/7.0/toolchain/arm/arm-gnu-toolchain/bin/../lib/gcc/arm-none-eabi/5.3.1/../../../../arm-none-eabi/lib/armv7e-m\libc.a(lib_a-fputwc.o)
                0x004071ac                __fputwc
 .text._fputwc_r
                0x00407244       0x24 c:/program files (x86)/atmel/studio/7.0/toolchain/arm/arm-gnu-toolchain/bin/../lib/gcc/arm-none-eabi/5.3.1/../../../../arm-none-eabi/lib/armv7e-m\libc.a(lib_a-fputwc.o)
                0x00407244                _fputwc_r
 .text._malloc_trim_r
                0x00407268       0x9c c:/program files (x86)/atmel/studio/7.0/toolchain/arm/arm-gnu-toolchain/bin/../lib/gcc/arm-none-eabi/5.3.1/../../../../arm-none-eabi/lib/armv7e-m\libc.a(lib_a-freer.o)
                0x00407268                _malloc_trim_r
 .text._free_r  0x00407304      0x1d0 c:/program files (x86)/atmel/studio/7.0/toolchain/arm/arm-gnu-toolchain/bin/../lib/gcc/arm-none-eabi/5.3.1/../../../../arm-none-eabi/lib/armv7e-m\libc.a(lib_a-freer.o)
                0x00407304                _free_r
 .text.__sfvwrite_r
                0x004074d4      0x304 c:/program files (x86)/atmel/studio/7.0/toolchain/arm/arm-gnu-toolchain/bin/../lib/gcc/arm-none-eabi/5.3.1/../../../../arm-none-eabi/lib/armv7e-m\libc.a(lib_a-fvwrite.o)
                0x004074d4                __sfvwrite_r
 .text._fwalk_reent
                0x004077d8       0x54 c:/program files (x86)/atmel/studio/7.0/toolchain/arm/arm-gnu-toolchain/bin/../lib/gcc/arm-none-eabi/5.3.1/../../../../arm-none-eabi/lib/armv7e-m\libc.a(lib_a-fwalk.o)
                0x004077d8                _fwalk_reent
 .text.__locale_charset
                0x0040782c        0x8 c:/program files (x86)/atmel/studio/7.0/toolchain/arm/arm-gnu-toolchain/bin/../lib/gcc/arm-none-eabi/5.3.1/../../../../arm-none-eabi/lib/armv7e-m\libc.a(lib_a-locale.o)
                0x0040782c                __locale_charset
 .text.__locale_mb_cur_max
                0x00407834        0xc c:/program files (x86)/atmel/studio/7.0/toolchain/arm/arm-gnu-toolchain/bin/../lib/gcc/arm-none-eabi/5.3.1/../../../../arm-none-eabi/lib/armv7e-m\libc.a(lib_a-locale.o)
                0x00407834                __locale_mb_cur_max
 .text._localeconv_r
                0x00407840        0x8 c:/program files (x86)/atmel/studio/7.0/toolchain/arm/arm-gnu-toolchain/bin/../lib/gcc/arm-none-eabi/5.3.1/../../../../arm-none-eabi/lib/armv7e-m\libc.a(lib_a-locale.o)
                0x00407840                _localeconv_r
 .text.__swhatbuf_r
                0x00407848       0x60 c:/program files (x86)/atmel/studio/7.0/toolchain/arm/arm-gnu-toolchain/bin/../lib/gcc/arm-none-eabi/5.3.1/../../../../arm-none-eabi/lib/armv7e-m\libc.a(lib_a-makebuf.o)
                0x00407848                __swhatbuf_r
 .text.__smakebuf_r
                0x004078a8       0x88 c:/program files (x86)/atmel/studio/7.0/toolchain/arm/arm-gnu-toolchain/bin/../lib/gcc/arm-none-eabi/5.3.1/../../../../arm-none-eabi/lib/armv7e-m\libc.a(lib_a-makebuf.o)
                0x004078a8                __smakebuf_r
 .text          0x00407930       0xa0 c:/program files (x86)/atmel/studio/7.0/toolchain/arm/arm-gnu-toolchain/bin/../lib/gcc/arm-none-eabi/5.3.1/../../../../arm-none-eabi/lib/armv7e-m\libc.a(lib_a-memchr.o)
                0x00407930                memchr
 .text.memmove  0x004079d0       0xc8 c:/program files (x86)/atmel/studio/7.0/toolchain/arm/arm-gnu-toolchain/bin/../lib/gcc/arm-none-eabi/5.3.1/../../../../arm-none-eabi/lib/armv7e-m\libc.a(lib_a-memmove.o)
                0x004079d0                memmove
 .text._Balloc  0x00407a98       0x4c c:/program files (x86)/atmel/studio/7.0/toolchain/arm/arm-gnu-toolchain/bin/../lib/gcc/arm-none-eabi/5.3.1/../../../../arm-none-eabi/lib/armv7e-m\libc.a(lib_a-mprec.o)
                0x00407a98                _Balloc
 .text._Bfree   0x00407ae4       0x14 c:/program files (x86)/atmel/studio/7.0/toolchain/arm/arm-gnu-toolchain/bin/../lib/gcc/arm-none-eabi/5.3.1/../../../../arm-none-eabi/lib/armv7e-m\libc.a(lib_a-mprec.o)
                0x00407ae4                _Bfree
 .text.__multadd
                0x00407af8       0x80 c:/program files (x86)/atmel/studio/7.0/toolchain/arm/arm-gnu-toolchain/bin/../lib/gcc/arm-none-eabi/5.3.1/../../../../arm-none-eabi/lib/armv7e-m\libc.a(lib_a-mprec.o)
                0x00407af8                __multadd
 .text.__hi0bits
                0x00407b78       0x40 c:/program files (x86)/atmel/studio/7.0/toolchain/arm/arm-gnu-toolchain/bin/../lib/gcc/arm-none-eabi/5.3.1/../../../../arm-none-eabi/lib/armv7e-m\libc.a(lib_a-mprec.o)
                0x00407b78                __hi0bits
 .text.__lo0bits
                0x00407bb8       0x5c c:/program files (x86)/atmel/studio/7.0/toolchain/arm/arm-gnu-toolchain/bin/../lib/gcc/arm-none-eabi/5.3.1/../../../../arm-none-eabi/lib/armv7e-m\libc.a(lib_a-mprec.o)
                0x00407bb8                __lo0bits
 .text.__i2b    0x00407c14       0x14 c:/program files (x86)/atmel/studio/7.0/toolchain/arm/arm-gnu-toolchain/bin/../lib/gcc/arm-none-eabi/5.3.1/../../../../arm-none-eabi/lib/armv7e-m\libc.a(lib_a-mprec.o)
                0x00407c14                __i2b
 .text.__multiply
                0x00407c28      0x130 c:/program files (x86)/atmel/studio/7.0/toolchain/arm/arm-gnu-toolchain/bin/../lib/gcc/arm-none-eabi/5.3.1/../../../../arm-none-eabi/lib/armv7e-m\libc.a(lib_a-mprec.o)
                0x00407c28                __multiply
 .text.__pow5mult
                0x00407d58       0xa0 c:/program files (x86)/atmel/studio/7.0/toolchain/arm/arm-gnu-toolchain/bin/../lib/gcc/arm-none-eabi/5.3.1/../../../../arm-none-eabi/lib/armv7e-m\libc.a(lib_a-mprec.o)
                0x00407d58                __pow5mult
 .text.__lshift
                0x00407df8       0xb0 c:/program files (x86)/atmel/studio/7.0/toolchain/arm/arm-gnu-toolchain/bin/../lib/gcc/arm-none-eabi/5.3.1/../../../../arm-none-eabi/lib/armv7e-m\libc.a(lib_a-mprec.o)
                0x00407df8                __lshift
 .text.__mcmp   0x00407ea8       0x40 c:/program files (x86)/atmel/studio/7.0/toolchain/arm/arm-gnu-toolchain/bin/../lib/gcc/arm-none-eabi/5.3.1/../../../../arm-none-eabi/lib/armv7e-m\libc.a(lib_a-mprec.o)
                0x00407ea8                __mcmp
 .text.__mdiff  0x00407ee8      0x114 c:/program files (x86)/atmel/studio/7.0/toolchain/arm/arm-gnu-toolchain/bin/../lib/gcc/arm-none-eabi/5.3.1/../../../../arm-none-eabi/lib/armv7e-m\libc.a(lib_a-mprec.o)
                0x00407ee8                __mdiff
 .text.__d2b    0x00407ffc       0xb8 c:/program files (x86)/atmel/studio/7.0/toolchain/arm/arm-gnu-toolchain/bin/../lib/gcc/arm-none-eabi/5.3.1/../../../../arm-none-eabi/lib/armv7e-m\libc.a(lib_a-mprec.o)
                0x00407ffc                __d2b
 .text._realloc_r
                0x004080b4      0x3e0 c:/program files (x86)/atmel/studio/7.0/toolchain/arm/arm-gnu-toolchain/bin/../lib/gcc/arm-none-eabi/5.3.1/../../../../arm-none-eabi/lib/armv7e-m\libc.a(lib_a-reallocr.o)
                0x004080b4                _realloc_r
 .text.__sread  0x00408494       0x24 c:/program files (x86)/atmel/studio/7.0/toolchain/arm/arm-gnu-toolchain/bin/../lib/gcc/arm-none-eabi/5.3.1/../../../../arm-none-eabi/lib/armv7e-m\libc.a(lib_a-stdio.o)
                0x00408494                __sread
 .text.__swrite
                0x004084b8       0x3c c:/program files (x86)/atmel/studio/7.0/toolchain/arm/arm-gnu-toolchain/bin/../lib/gcc/arm-none-eabi/5.3.1/../../../../arm-none-eabi/lib/armv7e-m\libc.a(lib_a-stdio.o)
                0x004084b8                __swrite
 .text.__sseek  0x004084f4       0x20 c:/program files (x86)/atmel/studio/7.0/toolchain/arm/arm-gnu-toolchain/bin/../lib/gcc/arm-none-eabi/5.3.1/../../../../arm-none-eabi/lib/armv7e-m\libc.a(lib_a-stdio.o)
                0x004084f4                __sseek
 .text.__sclose
                0x00408514        0x8 c:/program files (x86)/atmel/studio/7.0/toolchain/arm/arm-gnu-toolchain/bin/../lib/gcc/arm-none-eabi/5.3.1/../../../../arm-none-eabi/lib/armv7e-m\libc.a(lib_a-stdio.o)
                0x00408514                __sclose
 .text.__ssprint_r
                0x0040851c      0x100 c:/program files (x86)/atmel/studio/7.0/toolchain/arm/arm-gnu-toolchain/bin/../lib/gcc/arm-none-eabi/5.3.1/../../../../arm-none-eabi/lib/armv7e-m\libc.a(lib_a-svfiprintf.o)
                0x0040851c                __ssprint_r
 .text.__swbuf_r
                0x0040861c       0xac c:/program files (x86)/atmel/studio/7.0/toolchain/arm/arm-gnu-toolchain/bin/../lib/gcc/arm-none-eabi/5.3.1/../../../../arm-none-eabi/lib/armv7e-m\libc.a(lib_a-wbuf.o)
                0x0040861c                __swbuf_r
 .text._wcrtomb_r
                0x004086c8       0x54 c:/program files (x86)/atmel/studio/7.0/toolchain/arm/arm-gnu-toolchain/bin/../lib/gcc/arm-none-eabi/5.3.1/../../../../arm-none-eabi/lib/armv7e-m\libc.a(lib_a-wcrtomb.o)
                0x004086c8                _wcrtomb_r
 .text.__ascii_wctomb
                0x0040871c       0x1c c:/program files (x86)/atmel/studio/7.0/toolchain/arm/arm-gnu-toolchain/bin/../lib/gcc/arm-none-eabi/5.3.1/../../../../arm-none-eabi/lib/armv7e-m\libc.a(lib_a-wctomb_r.o)
                0x0040871c                __ascii_wctomb
 .text._write_r
                0x00408738       0x2c c:/program files (x86)/atmel/studio/7.0/toolchain/arm/arm-gnu-toolchain/bin/../lib/gcc/arm-none-eabi/5.3.1/../../../../arm-none-eabi/lib/armv7e-m\libc.a(lib_a-writer.o)
                0x00408738                _write_r
 .text.__register_exitproc
                0x00408764       0xa4 c:/program files (x86)/atmel/studio/7.0/toolchain/arm/arm-gnu-toolchain/bin/../lib/gcc/arm-none-eabi/5.3.1/../../../../arm-none-eabi/lib/armv7e-m\libc.a(lib_a-__atexit.o)
                0x00408764                __register_exitproc
 .text._calloc_r
                0x00408808       0x60 c:/program files (x86)/atmel/studio/7.0/toolchain/arm/arm-gnu-toolchain/bin/../lib/gcc/arm-none-eabi/5.3.1/../../../../arm-none-eabi/lib/armv7e-m\libc.a(lib_a-callocr.o)
                0x00408808                _calloc_r
 .text._close_r
                0x00408868       0x24 c:/program files (x86)/atmel/studio/7.0/toolchain/arm/arm-gnu-toolchain/bin/../lib/gcc/arm-none-eabi/5.3.1/../../../../arm-none-eabi/lib/armv7e-m\libc.a(lib_a-closer.o)
                0x00408868                _close_r
 .text._fclose_r
                0x0040888c       0x84 c:/program files (x86)/atmel/studio/7.0/toolchain/arm/arm-gnu-toolchain/bin/../lib/gcc/arm-none-eabi/5.3.1/../../../../arm-none-eabi/lib/armv7e-m\libc.a(lib_a-fclose.o)
                0x0040888c                _fclose_r
 .text._fstat_r
                0x00408910       0x28 c:/program files (x86)/atmel/studio/7.0/toolchain/arm/arm-gnu-toolchain/bin/../lib/gcc/arm-none-eabi/5.3.1/../../../../arm-none-eabi/lib/armv7e-m\libc.a(lib_a-fstatr.o)
                0x00408910                _fstat_r
 .text._isatty_r
                0x00408938       0x24 c:/program files (x86)/atmel/studio/7.0/toolchain/arm/arm-gnu-toolchain/bin/../lib/gcc/arm-none-eabi/5.3.1/../../../../arm-none-eabi/lib/armv7e-m\libc.a(lib_a-isattyr.o)
                0x00408938                _isatty_r
 .text._lseek_r
                0x0040895c       0x2c c:/program files (x86)/atmel/studio/7.0/toolchain/arm/arm-gnu-toolchain/bin/../lib/gcc/arm-none-eabi/5.3.1/../../../../arm-none-eabi/lib/armv7e-m\libc.a(lib_a-lseekr.o)
                0x0040895c                _lseek_r
 .text._read_r  0x00408988       0x2c c:/program files (x86)/atmel/studio/7.0/toolchain/arm/arm-gnu-toolchain/bin/../lib/gcc/arm-none-eabi/5.3.1/../../../../arm-none-eabi/lib/armv7e-m\libc.a(lib_a-readr.o)
                0x00408988                _read_r
 .text          0x004089b4      0x370 c:/program files (x86)/atmel/studio/7.0/toolchain/arm/arm-gnu-toolchain/bin/../lib/gcc/arm-none-eabi/5.3.1/armv7e-m\libgcc.a(_arm_addsubdf3.o)
                0x004089b4                __aeabi_drsub
                0x004089bc                __aeabi_dsub
                0x004089bc                __subdf3
                0x004089c0                __aeabi_dadd
                0x004089c0                __adddf3
                0x00408c38                __floatunsidf
                0x00408c38                __aeabi_ui2d
                0x00408c58                __floatsidf
                0x00408c58                __aeabi_i2d
                0x00408c7c                __aeabi_f2d
                0x00408c7c                __extendsfdf2
                0x00408cb8                __floatundidf
                0x00408cb8                __aeabi_ul2d
                0x00408cc8                __floatdidf
                0x00408cc8                __aeabi_l2d
 .text          0x00408d24      0x424 c:/program files (x86)/atmel/studio/7.0/toolchain/arm/arm-gnu-toolchain/bin/../lib/gcc/arm-none-eabi/5.3.1/armv7e-m\libgcc.a(_arm_muldivdf3.o)
                0x00408d24                __aeabi_dmul
                0x00408d24                __muldf3
                0x00408f78                __divdf3
                0x00408f78                __aeabi_ddiv
 .text          0x00409148      0x110 c:/program files (x86)/atmel/studio/7.0/toolchain/arm/arm-gnu-toolchain/bin/../lib/gcc/arm-none-eabi/5.3.1/armv7e-m\libgcc.a(_arm_cmpdf2.o)
                0x00409148                __gtdf2
                0x00409148                __gedf2
                0x00409150                __ltdf2
                0x00409150                __ledf2
                0x00409158                __nedf2
                0x00409158                __eqdf2
                0x00409158                __cmpdf2
                0x004091d4                __aeabi_cdrcmple
                0x004091e4                __aeabi_cdcmpeq
                0x004091e4                __aeabi_cdcmple
                0x004091f4                __aeabi_dcmpeq
                0x00409208                __aeabi_dcmplt
                0x0040921c                __aeabi_dcmple
                0x00409230                __aeabi_dcmpge
                0x00409244                __aeabi_dcmpgt
 .text          0x00409258       0x2c c:/program files (x86)/atmel/studio/7.0/toolchain/arm/arm-gnu-toolchain/bin/../lib/gcc/arm-none-eabi/5.3.1/armv7e-m\libgcc.a(_arm_unorddf2.o)
                0x00409258                __unorddf2
                0x00409258                __aeabi_dcmpun
 .text          0x00409284       0x50 c:/program files (x86)/atmel/studio/7.0/toolchain/arm/arm-gnu-toolchain/bin/../lib/gcc/arm-none-eabi/5.3.1/armv7e-m\libgcc.a(_arm_fixdfsi.o)
                0x00409284                __aeabi_d2iz
                0x00409284                __fixdfsi
 .text          0x004092d4       0x30 c:/program files (x86)/atmel/studio/7.0/toolchain/arm/arm-gnu-toolchain/bin/../lib/gcc/arm-none-eabi/5.3.1/armv7e-m\libgcc.a(_aeabi_uldivmod.o)
                0x004092d4                __aeabi_uldivmod
 .text          0x00409304      0x2e4 c:/program files (x86)/atmel/studio/7.0/toolchain/arm/arm-gnu-toolchain/bin/../lib/gcc/arm-none-eabi/5.3.1/armv7e-m\libgcc.a(_udivmoddi4.o)
                0x00409304                __udivmoddi4
 .text          0x004095e8        0x4 c:/program files (x86)/atmel/studio/7.0/toolchain/arm/arm-gnu-toolchain/bin/../lib/gcc/arm-none-eabi/5.3.1/armv7e-m\libgcc.a(_dvmd_tls.o)
                0x004095e8                __aeabi_idiv0
                0x004095e8                __aeabi_ldiv0
 *(.glue_7t)
 .glue_7t       0x004095ec        0x0 linker stubs
 *(.glue_7)
 .glue_7        0x004095ec        0x0 linker stubs
 *(.rodata .rodata* .gnu.linkonce.r.*)
 .rodata.str1.4
                0x004095ec       0x17 src/ASF/thirdparty/freertos/freertos-8.2.3/Source/tasks.o
 *fill*         0x00409603        0x1 
 .rodata.str1.4
                0x00409604       0x10 src/ASF/thirdparty/freertos/freertos-8.2.3/Source/timers.o
 .rodata.str1.4
                0x00409614       0xf1 src/main.o
 *fill*         0x00409705        0x3 
 .rodata.str1.4
                0x00409708        0x2 c:/program files (x86)/atmel/studio/7.0/toolchain/arm/arm-gnu-toolchain/bin/../lib/gcc/arm-none-eabi/5.3.1/../../../../arm-none-eabi/lib/armv7e-m\libc.a(lib_a-impure.o)
 *fill*         0x0040970a        0x2 
 .rodata._global_impure_ptr
                0x0040970c        0x4 c:/program files (x86)/atmel/studio/7.0/toolchain/arm/arm-gnu-toolchain/bin/../lib/gcc/arm-none-eabi/5.3.1/../../../../arm-none-eabi/lib/armv7e-m\libc.a(lib_a-impure.o)
                0x0040970c                _global_impure_ptr
 .rodata.zeroes.7035
                0x00409710       0x10 c:/program files (x86)/atmel/studio/7.0/toolchain/arm/arm-gnu-toolchain/bin/../lib/gcc/arm-none-eabi/5.3.1/../../../../arm-none-eabi/lib/armv7e-m\libc.a(lib_a-svfprintf.o)
 .rodata.str1.4
                0x00409720       0x42 c:/program files (x86)/atmel/studio/7.0/toolchain/arm/arm-gnu-toolchain/bin/../lib/gcc/arm-none-eabi/5.3.1/../../../../arm-none-eabi/lib/armv7e-m\libc.a(lib_a-svfprintf.o)
 *fill*         0x00409762        0x2 
 .rodata.blanks.7034
                0x00409764       0x10 c:/program files (x86)/atmel/studio/7.0/toolchain/arm/arm-gnu-toolchain/bin/../lib/gcc/arm-none-eabi/5.3.1/../../../../arm-none-eabi/lib/armv7e-m\libc.a(lib_a-svfprintf.o)
 .rodata.zeroes.6993
                0x00409774       0x10 c:/program files (x86)/atmel/studio/7.0/toolchain/arm/arm-gnu-toolchain/bin/../lib/gcc/arm-none-eabi/5.3.1/../../../../arm-none-eabi/lib/armv7e-m\libc.a(lib_a-vfiprintf.o)
 .rodata.str1.4
                0x00409784       0x2f c:/program files (x86)/atmel/studio/7.0/toolchain/arm/arm-gnu-toolchain/bin/../lib/gcc/arm-none-eabi/5.3.1/../../../../arm-none-eabi/lib/armv7e-m\libc.a(lib_a-vfiprintf.o)
 .rodata.blanks.6992
                0x00409784       0x10 c:/program files (x86)/atmel/studio/7.0/toolchain/arm/arm-gnu-toolchain/bin/../lib/gcc/arm-none-eabi/5.3.1/../../../../arm-none-eabi/lib/armv7e-m\libc.a(lib_a-vfiprintf.o)
 .rodata.str1.4
                0x00409794       0x10 c:/program files (x86)/atmel/studio/7.0/toolchain/arm/arm-gnu-toolchain/bin/../lib/gcc/arm-none-eabi/5.3.1/../../../../arm-none-eabi/lib/armv7e-m\libc.a(lib_a-dtoa.o)
                                 0x12 (size before relaxing)
 .rodata.str1.4
                0x004097a4        0xc c:/program files (x86)/atmel/studio/7.0/toolchain/arm/arm-gnu-toolchain/bin/../lib/gcc/arm-none-eabi/5.3.1/../../../../arm-none-eabi/lib/armv7e-m\libc.a(lib_a-locale.o)
                                 0x12 (size before relaxing)
 .rodata.__mprec_tens
                0x004097b0       0xc8 c:/program files (x86)/atmel/studio/7.0/toolchain/arm/arm-gnu-toolchain/bin/../lib/gcc/arm-none-eabi/5.3.1/../../../../arm-none-eabi/lib/armv7e-m\libc.a(lib_a-mprec.o)
                0x004097b0                __mprec_tens
 .rodata.__mprec_bigtens
                0x00409878       0x28 c:/program files (x86)/atmel/studio/7.0/toolchain/arm/arm-gnu-toolchain/bin/../lib/gcc/arm-none-eabi/5.3.1/../../../../arm-none-eabi/lib/armv7e-m\libc.a(lib_a-mprec.o)
                0x00409878                __mprec_bigtens
 .rodata.p05.5373
                0x004098a0        0xc c:/program files (x86)/atmel/studio/7.0/toolchain/arm/arm-gnu-toolchain/bin/../lib/gcc/arm-none-eabi/5.3.1/../../../../arm-none-eabi/lib/armv7e-m\libc.a(lib_a-mprec.o)
 *(.ARM.extab* .gnu.linkonce.armextab.*)
                0x004098ac                . = ALIGN (0x4)
 *(.init)
 .init          0x004098ac        0x4 c:/program files (x86)/atmel/studio/7.0/toolchain/arm/arm-gnu-toolchain/bin/../lib/gcc/arm-none-eabi/5.3.1/armv7e-m/crti.o
                0x004098ac                _init
 .init          0x004098b0        0x8 c:/program files (x86)/atmel/studio/7.0/toolchain/arm/arm-gnu-toolchain/bin/../lib/gcc/arm-none-eabi/5.3.1/armv7e-m/crtn.o
                0x004098b8                . = ALIGN (0x4)
                0x004098b8                __preinit_array_start = .
 *(.preinit_array)
                0x004098b8                __preinit_array_end = .
                0x004098b8                . = ALIGN (0x4)
                0x004098b8                __init_array_start = .
 *(SORT(.init_array.*))
 .init_array.00000
                0x004098b8        0x4 c:/program files (x86)/atmel/studio/7.0/toolchain/arm/arm-gnu-toolchain/bin/../lib/gcc/arm-none-eabi/5.3.1/../../../../arm-none-eabi/lib/armv7e-m\libc.a(lib_a-__call_atexit.o)
 *(.init_array)
 .init_array    0x004098bc        0x4 c:/program files (x86)/atmel/studio/7.0/toolchain/arm/arm-gnu-toolchain/bin/../lib/gcc/arm-none-eabi/5.3.1/armv7e-m/crtbegin.o
                0x004098c0                __init_array_end = .
                0x004098c0                . = ALIGN (0x4)
 *crtbegin.o(.ctors)
 *(EXCLUDE_FILE(*crtend.o) .ctors)
 *(SORT(.ctors.*))
 *crtend.o(.ctors)
                0x004098c0                . = ALIGN (0x4)
 *(.fini)
 .fini          0x004098c0        0x4 c:/program files (x86)/atmel/studio/7.0/toolchain/arm/arm-gnu-toolchain/bin/../lib/gcc/arm-none-eabi/5.3.1/armv7e-m/crti.o
                0x004098c0                _fini
 .fini          0x004098c4        0x8 c:/program files (x86)/atmel/studio/7.0/toolchain/arm/arm-gnu-toolchain/bin/../lib/gcc/arm-none-eabi/5.3.1/armv7e-m/crtn.o
                0x004098cc                . = ALIGN (0x4)
                0x004098cc                __fini_array_start = .
 *(.fini_array)
 .fini_array    0x004098cc        0x4 c:/program files (x86)/atmel/studio/7.0/toolchain/arm/arm-gnu-toolchain/bin/../lib/gcc/arm-none-eabi/5.3.1/armv7e-m/crtbegin.o
 *(SORT(.fini_array.*))
                0x004098d0                __fini_array_end = .
 *crtbegin.o(.dtors)
 *(EXCLUDE_FILE(*crtend.o) .dtors)
 *(SORT(.dtors.*))
 *crtend.o(.dtors)
                0x004098d0                . = ALIGN (0x4)
                0x004098d0                _efixed = .
                [!provide]                PROVIDE (__exidx_start, .)

.vfp11_veneer   0x004098d0        0x0
 .vfp11_veneer  0x004098d0        0x0 linker stubs

.v4_bx          0x004098d0        0x0
 .v4_bx         0x004098d0        0x0 linker stubs

.iplt           0x004098d0        0x0
 .iplt          0x004098d0        0x0 c:/program files (x86)/atmel/studio/7.0/toolchain/arm/arm-gnu-toolchain/bin/../lib/gcc/arm-none-eabi/5.3.1/armv7e-m/crtbegin.o

.ARM.exidx      0x004098d0        0x8
 *(.ARM.exidx* .gnu.linkonce.armexidx.*)
 .ARM.exidx     0x004098d0        0x8 c:/program files (x86)/atmel/studio/7.0/toolchain/arm/arm-gnu-toolchain/bin/../lib/gcc/arm-none-eabi/5.3.1/armv7e-m\libgcc.a(_udivmoddi4.o)
                [!provide]                PROVIDE (__exidx_end, .)

.eh_frame       0x004098d8        0x0
 .eh_frame      0x004098d8        0x0 c:/program files (x86)/atmel/studio/7.0/toolchain/arm/arm-gnu-toolchain/bin/../lib/gcc/arm-none-eabi/5.3.1/armv7e-m/crtbegin.o

.rel.dyn        0x004098d8        0x0
 .rel.iplt      0x004098d8        0x0 c:/program files (x86)/atmel/studio/7.0/toolchain/arm/arm-gnu-toolchain/bin/../lib/gcc/arm-none-eabi/5.3.1/armv7e-m/crtbegin.o

.jcr            0x004098d8        0x0
 .jcr           0x004098d8        0x0 c:/program files (x86)/atmel/studio/7.0/toolchain/arm/arm-gnu-toolchain/bin/../lib/gcc/arm-none-eabi/5.3.1/armv7e-m/crtbegin.o

.igot.plt       0x004098d8        0x0
 .igot.plt      0x004098d8        0x0 c:/program files (x86)/atmel/studio/7.0/toolchain/arm/arm-gnu-toolchain/bin/../lib/gcc/arm-none-eabi/5.3.1/armv7e-m/crtbegin.o
                0x004098d8                . = ALIGN (0x4)
                0x004098d8                _etext = .

.relocate       0x20400000      0x8ac load address 0x004098d8
                0x20400000                . = ALIGN (0x4)
                0x20400000                _srelocate = .
 *(.ramfunc .ramfunc.*)
 *(.data .data.*)
 .data.g_interrupt_enabled
                0x20400000        0x1 src/ASF/common/utils/interrupt/interrupt_sam_nvic.o
                0x20400000                g_interrupt_enabled
 *fill*         0x20400001        0x3 
 .data.SystemCoreClock
                0x20400004        0x4 src/ASF/sam/utils/cmsis/same70/source/templates/system_same70.o
                0x20400004                SystemCoreClock
 .data.uxCriticalNesting
                0x20400008        0x4 src/ASF/thirdparty/freertos/freertos-8.2.3/Source/portable/GCC/ARM_CM7/r0p1/port.o
 *fill*         0x2040000c        0x4 
 .data.impure_data
                0x20400010      0x428 c:/program files (x86)/atmel/studio/7.0/toolchain/arm/arm-gnu-toolchain/bin/../lib/gcc/arm-none-eabi/5.3.1/../../../../arm-none-eabi/lib/armv7e-m\libc.a(lib_a-impure.o)
 .data._impure_ptr
                0x20400438        0x4 c:/program files (x86)/atmel/studio/7.0/toolchain/arm/arm-gnu-toolchain/bin/../lib/gcc/arm-none-eabi/5.3.1/../../../../arm-none-eabi/lib/armv7e-m\libc.a(lib_a-impure.o)
                0x20400438                _impure_ptr
 .data.__malloc_av_
                0x2040043c      0x408 c:/program files (x86)/atmel/studio/7.0/toolchain/arm/arm-gnu-toolchain/bin/../lib/gcc/arm-none-eabi/5.3.1/../../../../arm-none-eabi/lib/armv7e-m\libc.a(lib_a-mallocr.o)
                0x2040043c                __malloc_av_
 .data.__malloc_trim_threshold
                0x20400844        0x4 c:/program files (x86)/atmel/studio/7.0/toolchain/arm/arm-gnu-toolchain/bin/../lib/gcc/arm-none-eabi/5.3.1/../../../../arm-none-eabi/lib/armv7e-m\libc.a(lib_a-mallocr.o)
                0x20400844                __malloc_trim_threshold
 .data.__malloc_sbrk_base
                0x20400848        0x4 c:/program files (x86)/atmel/studio/7.0/toolchain/arm/arm-gnu-toolchain/bin/../lib/gcc/arm-none-eabi/5.3.1/../../../../arm-none-eabi/lib/armv7e-m\libc.a(lib_a-mallocr.o)
                0x20400848                __malloc_sbrk_base
 .data.lconv    0x2040084c       0x38 c:/program files (x86)/atmel/studio/7.0/toolchain/arm/arm-gnu-toolchain/bin/../lib/gcc/arm-none-eabi/5.3.1/../../../../arm-none-eabi/lib/armv7e-m\libc.a(lib_a-locale.o)
 .data.lc_ctype_charset
                0x20400884       0x20 c:/program files (x86)/atmel/studio/7.0/toolchain/arm/arm-gnu-toolchain/bin/../lib/gcc/arm-none-eabi/5.3.1/../../../../arm-none-eabi/lib/armv7e-m\libc.a(lib_a-locale.o)
 .data.__mb_cur_max
                0x204008a4        0x4 c:/program files (x86)/atmel/studio/7.0/toolchain/arm/arm-gnu-toolchain/bin/../lib/gcc/arm-none-eabi/5.3.1/../../../../arm-none-eabi/lib/armv7e-m\libc.a(lib_a-locale.o)
                0x204008a4                __mb_cur_max
 .data.__wctomb
                0x204008a8        0x4 c:/program files (x86)/atmel/studio/7.0/toolchain/arm/arm-gnu-toolchain/bin/../lib/gcc/arm-none-eabi/5.3.1/../../../../arm-none-eabi/lib/armv7e-m\libc.a(lib_a-wctomb_r.o)
                0x204008a8                __wctomb
                0x204008ac                . = ALIGN (0x4)
                0x204008ac                _erelocate = .

.bss            0x204008ac      0x358 load address 0x0040a184
                0x204008ac                . = ALIGN (0x4)
                0x204008ac                _sbss = .
                0x204008ac                _szero = .
 *(.bss .bss.*)
 .bss           0x204008ac       0x1c c:/program files (x86)/atmel/studio/7.0/toolchain/arm/arm-gnu-toolchain/bin/../lib/gcc/arm-none-eabi/5.3.1/armv7e-m/crtbegin.o
 .bss.gs_interrupt_sources
                0x204008c8       0x70 src/ASF/sam/drivers/pio/pio_handler.o
 .bss.ul_reg_val.8198
                0x20400938        0x4 src/ASF/sam/drivers/usart/usart.o
 .bss.heap.5289
                0x2040093c        0x4 src/ASF/sam/utils/syscalls/gcc/syscalls.o
 .bss.ucMaxSysCallPriority
                0x20400940        0x1 src/ASF/thirdparty/freertos/freertos-8.2.3/Source/portable/GCC/ARM_CM7/r0p1/port.o
 *fill*         0x20400941        0x3 
 .bss.ulMaxPRIGROUPValue
                0x20400944        0x4 src/ASF/thirdparty/freertos/freertos-8.2.3/Source/portable/GCC/ARM_CM7/r0p1/port.o
 .bss.xNumOfOverflows
                0x20400948        0x4 src/ASF/thirdparty/freertos/freertos-8.2.3/Source/tasks.o
 .bss.pxDelayedTaskList
                0x2040094c        0x4 src/ASF/thirdparty/freertos/freertos-8.2.3/Source/tasks.o
 .bss.xSchedulerRunning
                0x20400950        0x4 src/ASF/thirdparty/freertos/freertos-8.2.3/Source/tasks.o
 .bss.uxTasksDeleted
                0x20400954        0x4 src/ASF/thirdparty/freertos/freertos-8.2.3/Source/tasks.o
 .bss.xDelayedTaskList1
                0x20400958       0x14 src/ASF/thirdparty/freertos/freertos-8.2.3/Source/tasks.o
 .bss.pxOverflowDelayedTaskList
                0x2040096c        0x4 src/ASF/thirdparty/freertos/freertos-8.2.3/Source/tasks.o
 .bss.uxPendedTicks
                0x20400970        0x4 src/ASF/thirdparty/freertos/freertos-8.2.3/Source/tasks.o
 .bss.pxReadyTasksLists
                0x20400974       0x64 src/ASF/thirdparty/freertos/freertos-8.2.3/Source/tasks.o
 .bss.xTasksWaitingTermination
                0x204009d8       0x14 src/ASF/thirdparty/freertos/freertos-8.2.3/Source/tasks.o
 .bss.pxCurrentTCB
                0x204009ec        0x4 src/ASF/thirdparty/freertos/freertos-8.2.3/Source/tasks.o
                0x204009ec                pxCurrentTCB
 .bss.xPendingReadyList
                0x204009f0       0x14 src/ASF/thirdparty/freertos/freertos-8.2.3/Source/tasks.o
 .bss.uxSchedulerSuspended
                0x20400a04        0x4 src/ASF/thirdparty/freertos/freertos-8.2.3/Source/tasks.o
 .bss.xTickCount
                0x20400a08        0x4 src/ASF/thirdparty/freertos/freertos-8.2.3/Source/tasks.o
 .bss.xNextTaskUnblockTime
                0x20400a0c        0x4 src/ASF/thirdparty/freertos/freertos-8.2.3/Source/tasks.o
 .bss.uxTaskNumber
                0x20400a10        0x4 src/ASF/thirdparty/freertos/freertos-8.2.3/Source/tasks.o
 .bss.uxCurrentNumberOfTasks
                0x20400a14        0x4 src/ASF/thirdparty/freertos/freertos-8.2.3/Source/tasks.o
 .bss.xDelayedTaskList2
                0x20400a18       0x14 src/ASF/thirdparty/freertos/freertos-8.2.3/Source/tasks.o
 .bss.xSuspendedTaskList
                0x20400a2c       0x14 src/ASF/thirdparty/freertos/freertos-8.2.3/Source/tasks.o
 .bss.uxTopReadyPriority
                0x20400a40        0x4 src/ASF/thirdparty/freertos/freertos-8.2.3/Source/tasks.o
 .bss.xYieldPending
                0x20400a44        0x4 src/ASF/thirdparty/freertos/freertos-8.2.3/Source/tasks.o
 .bss.pxCurrentTimerList
                0x20400a48        0x4 src/ASF/thirdparty/freertos/freertos-8.2.3/Source/timers.o
 .bss.xActiveTimerList1
                0x20400a4c       0x14 src/ASF/thirdparty/freertos/freertos-8.2.3/Source/timers.o
 .bss.xActiveTimerList2
                0x20400a60       0x14 src/ASF/thirdparty/freertos/freertos-8.2.3/Source/timers.o
 .bss.xLastTime.8439
                0x20400a74        0x4 src/ASF/thirdparty/freertos/freertos-8.2.3/Source/timers.o
 .bss.xTimerQueue
                0x20400a78        0x4 src/ASF/thirdparty/freertos/freertos-8.2.3/Source/timers.o
 .bss.pxOverflowTimerList
                0x20400a7c        0x4 src/ASF/thirdparty/freertos/freertos-8.2.3/Source/timers.o
 .bss.szList.9610
                0x20400a80      0x100 src/main.o
 .bss.__malloc_max_total_mem
                0x20400b80        0x4 c:/program files (x86)/atmel/studio/7.0/toolchain/arm/arm-gnu-toolchain/bin/../lib/gcc/arm-none-eabi/5.3.1/../../../../arm-none-eabi/lib/armv7e-m\libc.a(lib_a-mallocr.o)
                0x20400b80                __malloc_max_total_mem
 .bss.__malloc_max_sbrked_mem
                0x20400b84        0x4 c:/program files (x86)/atmel/studio/7.0/toolchain/arm/arm-gnu-toolchain/bin/../lib/gcc/arm-none-eabi/5.3.1/../../../../arm-none-eabi/lib/armv7e-m\libc.a(lib_a-mallocr.o)
                0x20400b84                __malloc_max_sbrked_mem
 .bss.__malloc_top_pad
                0x20400b88        0x4 c:/program files (x86)/atmel/studio/7.0/toolchain/arm/arm-gnu-toolchain/bin/../lib/gcc/arm-none-eabi/5.3.1/../../../../arm-none-eabi/lib/armv7e-m\libc.a(lib_a-mallocr.o)
                0x20400b88                __malloc_top_pad
 .bss.__malloc_current_mallinfo
                0x20400b8c       0x28 c:/program files (x86)/atmel/studio/7.0/toolchain/arm/arm-gnu-toolchain/bin/../lib/gcc/arm-none-eabi/5.3.1/../../../../arm-none-eabi/lib/armv7e-m\libc.a(lib_a-mallocr.o)
                0x20400b8c                __malloc_current_mallinfo
 *(COMMON)
 COMMON         0x20400bb4        0x4 src/ASF/common/utils/stdio/read.o
                0x20400bb4                ptr_get
 COMMON         0x20400bb8        0x8 src/ASF/common/utils/stdio/write.o
                0x20400bb8                ptr_put
                0x20400bbc                stdio_base
 COMMON         0x20400bc0       0x40 src/ASF/thirdparty/freertos/freertos-8.2.3/Source/queue.o
                0x20400bc0                xQueueRegistry
 COMMON         0x20400c00        0x4 c:/program files (x86)/atmel/studio/7.0/toolchain/arm/arm-gnu-toolchain/bin/../lib/gcc/arm-none-eabi/5.3.1/../../../../arm-none-eabi/lib/armv7e-m\libc.a(lib_a-reent.o)
                0x20400c00                errno
                0x20400c04                . = ALIGN (0x4)
                0x20400c04                _ebss = .
                0x20400c04                _ezero = .

.stack          0x20400c04     0x2004 load address 0x0040a4dc
                0x20400c08                . = ALIGN (0x8)
 *fill*         0x20400c04        0x4 
                0x20400c08                _sstack = .
                0x20402c08                . = (. + STACK_SIZE)
 *fill*         0x20400c08     0x2000 
                0x20402c08                . = ALIGN (0x8)
                0x20402c08                _estack = .

.heap           0x20402c08      0x200 load address 0x0040c4e0
                0x20402c08                . = ALIGN (0x8)
                0x20402c08                _sheap = .
                0x20402e08                . = (. + HEAP_SIZE)
 *fill*         0x20402c08      0x200 
                0x20402e08                . = ALIGN (0x8)
                0x20402e08                _eheap = .
                0x20402e08                . = ALIGN (0x4)
                0x20402e08                _end = .
                0x2045ffff                _ram_end_ = ((ORIGIN (ram) + LENGTH (ram)) - 0x1)
OUTPUT(FREERTOS_SAM_EXAMPLE1.elf elf32-littlearm)

.ARM.attributes
                0x00000000       0x2e
 .ARM.attributes
                0x00000000       0x1e c:/program files (x86)/atmel/studio/7.0/toolchain/arm/arm-gnu-toolchain/bin/../lib/gcc/arm-none-eabi/5.3.1/armv7e-m/crti.o
 .ARM.attributes
                0x0000001e       0x2e c:/program files (x86)/atmel/studio/7.0/toolchain/arm/arm-gnu-toolchain/bin/../lib/gcc/arm-none-eabi/5.3.1/armv7e-m/crtbegin.o
 .ARM.attributes
                0x0000004c       0x37 src/ASF/common/services/clock/same70/sysclk.o
 .ARM.attributes
                0x00000083       0x37 src/ASF/common/utils/interrupt/interrupt_sam_nvic.o
 .ARM.attributes
                0x000000ba       0x37 src/ASF/common/utils/stdio/read.o
 .ARM.attributes
                0x000000f1       0x37 src/ASF/common/utils/stdio/write.o
 .ARM.attributes
                0x00000128       0x37 src/ASF/sam/boards/same70_xplained/init.o
 .ARM.attributes
                0x0000015f       0x37 src/ASF/sam/drivers/pio/pio.o
 .ARM.attributes
                0x00000196       0x37 src/ASF/sam/drivers/pio/pio_handler.o
 .ARM.attributes
                0x000001cd       0x37 src/ASF/sam/drivers/pmc/pmc.o
 .ARM.attributes
                0x00000204       0x37 src/ASF/sam/drivers/uart/uart.o
 .ARM.attributes
                0x0000023b       0x37 src/ASF/sam/drivers/usart/usart.o
 .ARM.attributes
                0x00000272       0x37 src/ASF/sam/utils/cmsis/same70/source/templates/gcc/startup_same70.o
 .ARM.attributes
                0x000002a9       0x37 src/ASF/sam/utils/cmsis/same70/source/templates/system_same70.o
 .ARM.attributes
                0x000002e0       0x37 src/ASF/sam/utils/syscalls/gcc/syscalls.o
 .ARM.attributes
                0x00000317       0x37 src/ASF/thirdparty/freertos/freertos-8.2.3/Source/list.o
 .ARM.attributes
                0x0000034e       0x37 src/ASF/thirdparty/freertos/freertos-8.2.3/Source/portable/GCC/ARM_CM7/r0p1/port.o
 .ARM.attributes
                0x00000385       0x37 src/ASF/thirdparty/freertos/freertos-8.2.3/Source/portable/MemMang/heap_3.o
 .ARM.attributes
                0x000003bc       0x37 src/ASF/thirdparty/freertos/freertos-8.2.3/Source/queue.o
 .ARM.attributes
                0x000003f3       0x37 src/ASF/thirdparty/freertos/freertos-8.2.3/Source/tasks.o
 .ARM.attributes
                0x0000042a       0x37 src/ASF/thirdparty/freertos/freertos-8.2.3/Source/timers.o
 .ARM.attributes
                0x00000461       0x37 src/main.o
 .ARM.attributes
                0x00000498       0x2e c:/program files (x86)/atmel/studio/7.0/toolchain/arm/arm-gnu-toolchain/bin/../lib/gcc/arm-none-eabi/5.3.1/../../../../arm-none-eabi/lib/armv7e-m\libc.a(lib_a-impure.o)
 .ARM.attributes
                0x000004c6       0x2e c:/program files (x86)/atmel/studio/7.0/toolchain/arm/arm-gnu-toolchain/bin/../lib/gcc/arm-none-eabi/5.3.1/../../../../arm-none-eabi/lib/armv7e-m\libc.a(lib_a-init.o)
 .ARM.attributes
                0x000004f4       0x2e c:/program files (x86)/atmel/studio/7.0/toolchain/arm/arm-gnu-toolchain/bin/../lib/gcc/arm-none-eabi/5.3.1/../../../../arm-none-eabi/lib/armv7e-m\libc.a(lib_a-iprintf.o)
 .ARM.attributes
                0x00000522       0x2e c:/program files (x86)/atmel/studio/7.0/toolchain/arm/arm-gnu-toolchain/bin/../lib/gcc/arm-none-eabi/5.3.1/../../../../arm-none-eabi/lib/armv7e-m\libc.a(lib_a-malloc.o)
 .ARM.attributes
                0x00000550       0x2e c:/program files (x86)/atmel/studio/7.0/toolchain/arm/arm-gnu-toolchain/bin/../lib/gcc/arm-none-eabi/5.3.1/../../../../arm-none-eabi/lib/armv7e-m\libc.a(lib_a-mallocr.o)
 .ARM.attributes
                0x0000057e       0x1c c:/program files (x86)/atmel/studio/7.0/toolchain/arm/arm-gnu-toolchain/bin/../lib/gcc/arm-none-eabi/5.3.1/../../../../arm-none-eabi/lib/armv7e-m\libc.a(lib_a-memcpy.o)
 .ARM.attributes
                0x0000059a       0x2e c:/program files (x86)/atmel/studio/7.0/toolchain/arm/arm-gnu-toolchain/bin/../lib/gcc/arm-none-eabi/5.3.1/../../../../arm-none-eabi/lib/armv7e-m\libc.a(lib_a-memset.o)
 .ARM.attributes
                0x000005c8       0x2e c:/program files (x86)/atmel/studio/7.0/toolchain/arm/arm-gnu-toolchain/bin/../lib/gcc/arm-none-eabi/5.3.1/../../../../arm-none-eabi/lib/armv7e-m\libc.a(lib_a-mlock.o)
 .ARM.attributes
                0x000005f6       0x2e c:/program files (x86)/atmel/studio/7.0/toolchain/arm/arm-gnu-toolchain/bin/../lib/gcc/arm-none-eabi/5.3.1/../../../../arm-none-eabi/lib/armv7e-m\libc.a(lib_a-sbrkr.o)
 .ARM.attributes
                0x00000624       0x2e c:/program files (x86)/atmel/studio/7.0/toolchain/arm/arm-gnu-toolchain/bin/../lib/gcc/arm-none-eabi/5.3.1/../../../../arm-none-eabi/lib/armv7e-m\libc.a(lib_a-setbuf.o)
 .ARM.attributes
                0x00000652       0x2e c:/program files (x86)/atmel/studio/7.0/toolchain/arm/arm-gnu-toolchain/bin/../lib/gcc/arm-none-eabi/5.3.1/../../../../arm-none-eabi/lib/armv7e-m\libc.a(lib_a-setvbuf.o)
 .ARM.attributes
                0x00000680       0x2e c:/program files (x86)/atmel/studio/7.0/toolchain/arm/arm-gnu-toolchain/bin/../lib/gcc/arm-none-eabi/5.3.1/../../../../arm-none-eabi/lib/armv7e-m\libc.a(lib_a-sprintf.o)
 .ARM.attributes
                0x000006ae       0x2e c:/program files (x86)/atmel/studio/7.0/toolchain/arm/arm-gnu-toolchain/bin/../lib/gcc/arm-none-eabi/5.3.1/../../../../arm-none-eabi/lib/armv7e-m\libc.a(lib_a-strcpy.o)
 .ARM.attributes
                0x000006dc       0x1c c:/program files (x86)/atmel/studio/7.0/toolchain/arm/arm-gnu-toolchain/bin/../lib/gcc/arm-none-eabi/5.3.1/../../../../arm-none-eabi/lib/armv7e-m\libc.a(lib_a-strlen.o)
 .ARM.attributes
                0x000006f8       0x2e c:/program files (x86)/atmel/studio/7.0/toolchain/arm/arm-gnu-toolchain/bin/../lib/gcc/arm-none-eabi/5.3.1/../../../../arm-none-eabi/lib/armv7e-m\libc.a(lib_a-svfprintf.o)
 .ARM.attributes
                0x00000726       0x2e c:/program files (x86)/atmel/studio/7.0/toolchain/arm/arm-gnu-toolchain/bin/../lib/gcc/arm-none-eabi/5.3.1/../../../../arm-none-eabi/lib/armv7e-m\libc.a(lib_a-vfiprintf.o)
 .ARM.attributes
                0x00000754       0x2e c:/program files (x86)/atmel/studio/7.0/toolchain/arm/arm-gnu-toolchain/bin/../lib/gcc/arm-none-eabi/5.3.1/../../../../arm-none-eabi/lib/armv7e-m\libc.a(lib_a-wsetup.o)
 .ARM.attributes
                0x00000782       0x2e c:/program files (x86)/atmel/studio/7.0/toolchain/arm/arm-gnu-toolchain/bin/../lib/gcc/arm-none-eabi/5.3.1/../../../../arm-none-eabi/lib/armv7e-m\libc.a(lib_a-__call_atexit.o)
 .ARM.attributes
                0x000007b0       0x2e c:/program files (x86)/atmel/studio/7.0/toolchain/arm/arm-gnu-toolchain/bin/../lib/gcc/arm-none-eabi/5.3.1/../../../../arm-none-eabi/lib/armv7e-m\libc.a(lib_a-atexit.o)
 .ARM.attributes
                0x000007de       0x2e c:/program files (x86)/atmel/studio/7.0/toolchain/arm/arm-gnu-toolchain/bin/../lib/gcc/arm-none-eabi/5.3.1/../../../../arm-none-eabi/lib/armv7e-m\libc.a(lib_a-dtoa.o)
 .ARM.attributes
                0x0000080c       0x2e c:/program files (x86)/atmel/studio/7.0/toolchain/arm/arm-gnu-toolchain/bin/../lib/gcc/arm-none-eabi/5.3.1/../../../../arm-none-eabi/lib/armv7e-m\libc.a(lib_a-fflush.o)
 .ARM.attributes
                0x0000083a       0x2e c:/program files (x86)/atmel/studio/7.0/toolchain/arm/arm-gnu-toolchain/bin/../lib/gcc/arm-none-eabi/5.3.1/../../../../arm-none-eabi/lib/armv7e-m\libc.a(lib_a-findfp.o)
 .ARM.attributes
                0x00000868       0x2e c:/program files (x86)/atmel/studio/7.0/toolchain/arm/arm-gnu-toolchain/bin/../lib/gcc/arm-none-eabi/5.3.1/../../../../arm-none-eabi/lib/armv7e-m\libc.a(lib_a-fini.o)
 .ARM.attributes
                0x00000896       0x2e c:/program files (x86)/atmel/studio/7.0/toolchain/arm/arm-gnu-toolchain/bin/../lib/gcc/arm-none-eabi/5.3.1/../../../../arm-none-eabi/lib/armv7e-m\libc.a(lib_a-fputwc.o)
 .ARM.attributes
                0x000008c4       0x2e c:/program files (x86)/atmel/studio/7.0/toolchain/arm/arm-gnu-toolchain/bin/../lib/gcc/arm-none-eabi/5.3.1/../../../../arm-none-eabi/lib/armv7e-m\libc.a(lib_a-freer.o)
 .ARM.attributes
                0x000008f2       0x2e c:/program files (x86)/atmel/studio/7.0/toolchain/arm/arm-gnu-toolchain/bin/../lib/gcc/arm-none-eabi/5.3.1/../../../../arm-none-eabi/lib/armv7e-m\libc.a(lib_a-fvwrite.o)
 .ARM.attributes
                0x00000920       0x2e c:/program files (x86)/atmel/studio/7.0/toolchain/arm/arm-gnu-toolchain/bin/../lib/gcc/arm-none-eabi/5.3.1/../../../../arm-none-eabi/lib/armv7e-m\libc.a(lib_a-fwalk.o)
 .ARM.attributes
                0x0000094e       0x2e c:/program files (x86)/atmel/studio/7.0/toolchain/arm/arm-gnu-toolchain/bin/../lib/gcc/arm-none-eabi/5.3.1/../../../../arm-none-eabi/lib/armv7e-m\libc.a(lib_a-locale.o)
 .ARM.attributes
                0x0000097c       0x2e c:/program files (x86)/atmel/studio/7.0/toolchain/arm/arm-gnu-toolchain/bin/../lib/gcc/arm-none-eabi/5.3.1/../../../../arm-none-eabi/lib/armv7e-m\libc.a(lib_a-makebuf.o)
 .ARM.attributes
                0x000009aa       0x1c c:/program files (x86)/atmel/studio/7.0/toolchain/arm/arm-gnu-toolchain/bin/../lib/gcc/arm-none-eabi/5.3.1/../../../../arm-none-eabi/lib/armv7e-m\libc.a(lib_a-memchr.o)
 .ARM.attributes
                0x000009c6       0x2e c:/program files (x86)/atmel/studio/7.0/toolchain/arm/arm-gnu-toolchain/bin/../lib/gcc/arm-none-eabi/5.3.1/../../../../arm-none-eabi/lib/armv7e-m\libc.a(lib_a-memmove.o)
 .ARM.attributes
                0x000009f4       0x2e c:/program files (x86)/atmel/studio/7.0/toolchain/arm/arm-gnu-toolchain/bin/../lib/gcc/arm-none-eabi/5.3.1/../../../../arm-none-eabi/lib/armv7e-m\libc.a(lib_a-mprec.o)
 .ARM.attributes
                0x00000a22       0x2e c:/program files (x86)/atmel/studio/7.0/toolchain/arm/arm-gnu-toolchain/bin/../lib/gcc/arm-none-eabi/5.3.1/../../../../arm-none-eabi/lib/armv7e-m\libc.a(lib_a-reallocr.o)
 .ARM.attributes
                0x00000a50       0x2e c:/program files (x86)/atmel/studio/7.0/toolchain/arm/arm-gnu-toolchain/bin/../lib/gcc/arm-none-eabi/5.3.1/../../../../arm-none-eabi/lib/armv7e-m\libc.a(lib_a-reent.o)
 .ARM.attributes
                0x00000a7e       0x2e c:/program files (x86)/atmel/studio/7.0/toolchain/arm/arm-gnu-toolchain/bin/../lib/gcc/arm-none-eabi/5.3.1/../../../../arm-none-eabi/lib/armv7e-m\libc.a(lib_a-stdio.o)
 .ARM.attributes
                0x00000aac       0x2e c:/program files (x86)/atmel/studio/7.0/toolchain/arm/arm-gnu-toolchain/bin/../lib/gcc/arm-none-eabi/5.3.1/../../../../arm-none-eabi/lib/armv7e-m\libc.a(lib_a-svfiprintf.o)
 .ARM.attributes
                0x00000ada       0x2e c:/program files (x86)/atmel/studio/7.0/toolchain/arm/arm-gnu-toolchain/bin/../lib/gcc/arm-none-eabi/5.3.1/../../../../arm-none-eabi/lib/armv7e-m\libc.a(lib_a-wbuf.o)
 .ARM.attributes
                0x00000b08       0x2e c:/program files (x86)/atmel/studio/7.0/toolchain/arm/arm-gnu-toolchain/bin/../lib/gcc/arm-none-eabi/5.3.1/../../../../arm-none-eabi/lib/armv7e-m\libc.a(lib_a-wcrtomb.o)
 .ARM.attributes
                0x00000b36       0x2e c:/program files (x86)/atmel/studio/7.0/toolchain/arm/arm-gnu-toolchain/bin/../lib/gcc/arm-none-eabi/5.3.1/../../../../arm-none-eabi/lib/armv7e-m\libc.a(lib_a-wctomb_r.o)
 .ARM.attributes
                0x00000b64       0x2e c:/program files (x86)/atmel/studio/7.0/toolchain/arm/arm-gnu-toolchain/bin/../lib/gcc/arm-none-eabi/5.3.1/../../../../arm-none-eabi/lib/armv7e-m\libc.a(lib_a-writer.o)
 .ARM.attributes
                0x00000b92       0x2e c:/program files (x86)/atmel/studio/7.0/toolchain/arm/arm-gnu-toolchain/bin/../lib/gcc/arm-none-eabi/5.3.1/../../../../arm-none-eabi/lib/armv7e-m\libc.a(lib_a-__atexit.o)
 .ARM.attributes
                0x00000bc0       0x2e c:/program files (x86)/atmel/studio/7.0/toolchain/arm/arm-gnu-toolchain/bin/../lib/gcc/arm-none-eabi/5.3.1/../../../../arm-none-eabi/lib/armv7e-m\libc.a(lib_a-callocr.o)
 .ARM.attributes
                0x00000bee       0x2e c:/program files (x86)/atmel/studio/7.0/toolchain/arm/arm-gnu-toolchain/bin/../lib/gcc/arm-none-eabi/5.3.1/../../../../arm-none-eabi/lib/armv7e-m\libc.a(lib_a-closer.o)
 .ARM.attributes
                0x00000c1c       0x2e c:/program files (x86)/atmel/studio/7.0/toolchain/arm/arm-gnu-toolchain/bin/../lib/gcc/arm-none-eabi/5.3.1/../../../../arm-none-eabi/lib/armv7e-m\libc.a(lib_a-fclose.o)
 .ARM.attributes
                0x00000c4a       0x2e c:/program files (x86)/atmel/studio/7.0/toolchain/arm/arm-gnu-toolchain/bin/../lib/gcc/arm-none-eabi/5.3.1/../../../../arm-none-eabi/lib/armv7e-m\libc.a(lib_a-fstatr.o)
 .ARM.attributes
                0x00000c78       0x2e c:/program files (x86)/atmel/studio/7.0/toolchain/arm/arm-gnu-toolchain/bin/../lib/gcc/arm-none-eabi/5.3.1/../../../../arm-none-eabi/lib/armv7e-m\libc.a(lib_a-isattyr.o)
 .ARM.attributes
                0x00000ca6       0x2e c:/program files (x86)/atmel/studio/7.0/toolchain/arm/arm-gnu-toolchain/bin/../lib/gcc/arm-none-eabi/5.3.1/../../../../arm-none-eabi/lib/armv7e-m\libc.a(lib_a-lseekr.o)
 .ARM.attributes
                0x00000cd4       0x2e c:/program files (x86)/atmel/studio/7.0/toolchain/arm/arm-gnu-toolchain/bin/../lib/gcc/arm-none-eabi/5.3.1/../../../../arm-none-eabi/lib/armv7e-m\libc.a(lib_a-readr.o)
 .ARM.attributes
                0x00000d02       0x1e c:/program files (x86)/atmel/studio/7.0/toolchain/arm/arm-gnu-toolchain/bin/../lib/gcc/arm-none-eabi/5.3.1/armv7e-m\libgcc.a(_arm_addsubdf3.o)
 .ARM.attributes
                0x00000d20       0x1e c:/program files (x86)/atmel/studio/7.0/toolchain/arm/arm-gnu-toolchain/bin/../lib/gcc/arm-none-eabi/5.3.1/armv7e-m\libgcc.a(_arm_muldivdf3.o)
 .ARM.attributes
                0x00000d3e       0x1e c:/program files (x86)/atmel/studio/7.0/toolchain/arm/arm-gnu-toolchain/bin/../lib/gcc/arm-none-eabi/5.3.1/armv7e-m\libgcc.a(_arm_cmpdf2.o)
 .ARM.attributes
                0x00000d5c       0x1e c:/program files (x86)/atmel/studio/7.0/toolchain/arm/arm-gnu-toolchain/bin/../lib/gcc/arm-none-eabi/5.3.1/armv7e-m\libgcc.a(_arm_unorddf2.o)
 .ARM.attributes
                0x00000d7a       0x1e c:/program files (x86)/atmel/studio/7.0/toolchain/arm/arm-gnu-toolchain/bin/../lib/gcc/arm-none-eabi/5.3.1/armv7e-m\libgcc.a(_arm_fixdfsi.o)
 .ARM.attributes
                0x00000d98       0x1e c:/program files (x86)/atmel/studio/7.0/toolchain/arm/arm-gnu-toolchain/bin/../lib/gcc/arm-none-eabi/5.3.1/armv7e-m\libgcc.a(_aeabi_uldivmod.o)
 .ARM.attributes
                0x00000db6       0x2e c:/program files (x86)/atmel/studio/7.0/toolchain/arm/arm-gnu-toolchain/bin/../lib/gcc/arm-none-eabi/5.3.1/armv7e-m\libgcc.a(_udivmoddi4.o)
 .ARM.attributes
                0x00000de4       0x1e c:/program files (x86)/atmel/studio/7.0/toolchain/arm/arm-gnu-toolchain/bin/../lib/gcc/arm-none-eabi/5.3.1/armv7e-m\libgcc.a(_dvmd_tls.o)
 .ARM.attributes
                0x00000e02       0x1e c:/program files (x86)/atmel/studio/7.0/toolchain/arm/arm-gnu-toolchain/bin/../lib/gcc/arm-none-eabi/5.3.1/armv7e-m/crtn.o

.comment        0x00000000       0x59
 .comment       0x00000000       0x59 src/ASF/common/services/clock/same70/sysclk.o
                                 0x5a (size before relaxing)
 .comment       0x00000059       0x5a src/ASF/common/utils/interrupt/interrupt_sam_nvic.o
 .comment       0x00000059       0x5a src/ASF/common/utils/stdio/read.o
 .comment       0x00000059       0x5a src/ASF/common/utils/stdio/write.o
 .comment       0x00000059       0x5a src/ASF/sam/boards/same70_xplained/init.o
 .comment       0x00000059       0x5a src/ASF/sam/drivers/pio/pio.o
 .comment       0x00000059       0x5a src/ASF/sam/drivers/pio/pio_handler.o
 .comment       0x00000059       0x5a src/ASF/sam/drivers/pmc/pmc.o
 .comment       0x00000059       0x5a src/ASF/sam/drivers/uart/uart.o
 .comment       0x00000059       0x5a src/ASF/sam/drivers/usart/usart.o
 .comment       0x00000059       0x5a src/ASF/sam/utils/cmsis/same70/source/templates/gcc/startup_same70.o
 .comment       0x00000059       0x5a src/ASF/sam/utils/cmsis/same70/source/templates/system_same70.o
 .comment       0x00000059       0x5a src/ASF/sam/utils/syscalls/gcc/syscalls.o
 .comment       0x00000059       0x5a src/ASF/thirdparty/freertos/freertos-8.2.3/Source/list.o
 .comment       0x00000059       0x5a src/ASF/thirdparty/freertos/freertos-8.2.3/Source/portable/GCC/ARM_CM7/r0p1/port.o
 .comment       0x00000059       0x5a src/ASF/thirdparty/freertos/freertos-8.2.3/Source/portable/MemMang/heap_3.o
 .comment       0x00000059       0x5a src/ASF/thirdparty/freertos/freertos-8.2.3/Source/queue.o
 .comment       0x00000059       0x5a src/ASF/thirdparty/freertos/freertos-8.2.3/Source/tasks.o
 .comment       0x00000059       0x5a src/ASF/thirdparty/freertos/freertos-8.2.3/Source/timers.o
 .comment       0x00000059       0x5a src/main.o

.debug_info     0x00000000    0x1180a
 .debug_info    0x00000000      0x846 src/ASF/common/services/clock/same70/sysclk.o
 .debug_info    0x00000846      0x1e4 src/ASF/common/utils/interrupt/interrupt_sam_nvic.o
 .debug_info    0x00000a2a      0x1bb src/ASF/common/utils/stdio/read.o
 .debug_info    0x00000be5      0x1c0 src/ASF/common/utils/stdio/write.o
 .debug_info    0x00000da5     0x1748 src/ASF/sam/boards/same70_xplained/init.o
 .debug_info    0x000024ed     0x1888 src/ASF/sam/drivers/pio/pio.o
 .debug_info    0x00003d75     0x11e6 src/ASF/sam/drivers/pio/pio_handler.o
 .debug_info    0x00004f5b     0x14fb src/ASF/sam/drivers/pmc/pmc.o
 .debug_info    0x00006456      0x726 src/ASF/sam/drivers/uart/uart.o
 .debug_info    0x00006b7c     0x1a43 src/ASF/sam/drivers/usart/usart.o
 .debug_info    0x000085bf      0xc1d src/ASF/sam/utils/cmsis/same70/source/templates/gcc/startup_same70.o
 .debug_info    0x000091dc      0x56c src/ASF/sam/utils/cmsis/same70/source/templates/system_same70.o
 .debug_info    0x00009748      0x427 src/ASF/sam/utils/syscalls/gcc/syscalls.o
 .debug_info    0x00009b6f      0x348 src/ASF/thirdparty/freertos/freertos-8.2.3/Source/list.o
 .debug_info    0x00009eb7      0x59b src/ASF/thirdparty/freertos/freertos-8.2.3/Source/portable/GCC/ARM_CM7/r0p1/port.o
 .debug_info    0x0000a452      0x1d3 src/ASF/thirdparty/freertos/freertos-8.2.3/Source/portable/MemMang/heap_3.o
 .debug_info    0x0000a625     0x1b7d src/ASF/thirdparty/freertos/freertos-8.2.3/Source/queue.o
 .debug_info    0x0000c1a2     0x2889 src/ASF/thirdparty/freertos/freertos-8.2.3/Source/tasks.o
 .debug_info    0x0000ea2b     0x10b3 src/ASF/thirdparty/freertos/freertos-8.2.3/Source/timers.o
 .debug_info    0x0000fade     0x1d2c src/main.o

.debug_abbrev   0x00000000     0x2b5d
 .debug_abbrev  0x00000000      0x230 src/ASF/common/services/clock/same70/sysclk.o
 .debug_abbrev  0x00000230       0xed src/ASF/common/utils/interrupt/interrupt_sam_nvic.o
 .debug_abbrev  0x0000031d      0x101 src/ASF/common/utils/stdio/read.o
 .debug_abbrev  0x0000041e       0xf5 src/ASF/common/utils/stdio/write.o
 .debug_abbrev  0x00000513      0x299 src/ASF/sam/boards/same70_xplained/init.o
 .debug_abbrev  0x000007ac      0x31a src/ASF/sam/drivers/pio/pio.o
 .debug_abbrev  0x00000ac6      0x25d src/ASF/sam/drivers/pio/pio_handler.o
 .debug_abbrev  0x00000d23      0x2bd src/ASF/sam/drivers/pmc/pmc.o
 .debug_abbrev  0x00000fe0      0x1a3 src/ASF/sam/drivers/uart/uart.o
 .debug_abbrev  0x00001183      0x2dc src/ASF/sam/drivers/usart/usart.o
 .debug_abbrev  0x0000145f      0x221 src/ASF/sam/utils/cmsis/same70/source/templates/gcc/startup_same70.o
 .debug_abbrev  0x00001680       0xf5 src/ASF/sam/utils/cmsis/same70/source/templates/system_same70.o
 .debug_abbrev  0x00001775      0x14b src/ASF/sam/utils/syscalls/gcc/syscalls.o
 .debug_abbrev  0x000018c0      0x126 src/ASF/thirdparty/freertos/freertos-8.2.3/Source/list.o
 .debug_abbrev  0x000019e6      0x264 src/ASF/thirdparty/freertos/freertos-8.2.3/Source/portable/GCC/ARM_CM7/r0p1/port.o
 .debug_abbrev  0x00001c4a      0x11a src/ASF/thirdparty/freertos/freertos-8.2.3/Source/portable/MemMang/heap_3.o
 .debug_abbrev  0x00001d64      0x307 src/ASF/thirdparty/freertos/freertos-8.2.3/Source/queue.o
 .debug_abbrev  0x0000206b      0x3ea src/ASF/thirdparty/freertos/freertos-8.2.3/Source/tasks.o
 .debug_abbrev  0x00002455      0x30d src/ASF/thirdparty/freertos/freertos-8.2.3/Source/timers.o
 .debug_abbrev  0x00002762      0x3fb src/main.o

.debug_loc      0x00000000     0x89a0
 .debug_loc     0x00000000      0x183 src/ASF/common/services/clock/same70/sysclk.o
 .debug_loc     0x00000183       0xd2 src/ASF/common/utils/stdio/read.o
 .debug_loc     0x00000255      0x15d src/ASF/common/utils/stdio/write.o
 .debug_loc     0x000003b2      0x26e src/ASF/sam/boards/same70_xplained/init.o
 .debug_loc     0x00000620      0xf3a src/ASF/sam/drivers/pio/pio.o
 .debug_loc     0x0000155a      0x555 src/ASF/sam/drivers/pio/pio_handler.o
 .debug_loc     0x00001aaf      0xec0 src/ASF/sam/drivers/pmc/pmc.o
 .debug_loc     0x0000296f      0x2a4 src/ASF/sam/drivers/uart/uart.o
 .debug_loc     0x00002c13     0x10f9 src/ASF/sam/drivers/usart/usart.o
 .debug_loc     0x00003d0c       0x6a src/ASF/sam/utils/cmsis/same70/source/templates/gcc/startup_same70.o
 .debug_loc     0x00003d76       0xdf src/ASF/sam/utils/syscalls/gcc/syscalls.o
 .debug_loc     0x00003e55       0x91 src/ASF/thirdparty/freertos/freertos-8.2.3/Source/list.o
 .debug_loc     0x00003ee6      0x107 src/ASF/thirdparty/freertos/freertos-8.2.3/Source/portable/GCC/ARM_CM7/r0p1/port.o
 .debug_loc     0x00003fed       0xca src/ASF/thirdparty/freertos/freertos-8.2.3/Source/portable/MemMang/heap_3.o
 .debug_loc     0x000040b7     0x16ba src/ASF/thirdparty/freertos/freertos-8.2.3/Source/queue.o
 .debug_loc     0x00005771     0x1e50 src/ASF/thirdparty/freertos/freertos-8.2.3/Source/tasks.o
 .debug_loc     0x000075c1      0xddc src/ASF/thirdparty/freertos/freertos-8.2.3/Source/timers.o
 .debug_loc     0x0000839d      0x603 src/main.o

.debug_aranges  0x00000000      0xde8
 .debug_aranges
                0x00000000       0x40 src/ASF/common/services/clock/same70/sysclk.o
 .debug_aranges
                0x00000040       0x28 src/ASF/common/utils/interrupt/interrupt_sam_nvic.o
 .debug_aranges
                0x00000068       0x20 src/ASF/common/utils/stdio/read.o
 .debug_aranges
                0x00000088       0x20 src/ASF/common/utils/stdio/write.o
 .debug_aranges
                0x000000a8       0x20 src/ASF/sam/boards/same70_xplained/init.o
 .debug_aranges
                0x000000c8      0x1a8 src/ASF/sam/drivers/pio/pio.o
 .debug_aranges
                0x00000270       0x60 src/ASF/sam/drivers/pio/pio_handler.o
 .debug_aranges
                0x000002d0      0x250 src/ASF/sam/drivers/pmc/pmc.o
 .debug_aranges
                0x00000520       0xd8 src/ASF/sam/drivers/uart/uart.o
 .debug_aranges
                0x000005f8      0x2a8 src/ASF/sam/drivers/usart/usart.o
 .debug_aranges
                0x000008a0       0x28 src/ASF/sam/utils/cmsis/same70/source/templates/gcc/startup_same70.o
 .debug_aranges
                0x000008c8       0x30 src/ASF/sam/utils/cmsis/same70/source/templates/system_same70.o
 .debug_aranges
                0x000008f8       0x60 src/ASF/sam/utils/syscalls/gcc/syscalls.o
 .debug_aranges
                0x00000958       0x40 src/ASF/thirdparty/freertos/freertos-8.2.3/Source/list.o
 .debug_aranges
                0x00000998       0x80 src/ASF/thirdparty/freertos/freertos-8.2.3/Source/portable/GCC/ARM_CM7/r0p1/port.o
 .debug_aranges
                0x00000a18       0x28 src/ASF/thirdparty/freertos/freertos-8.2.3/Source/portable/MemMang/heap_3.o
 .debug_aranges
                0x00000a40      0x120 src/ASF/thirdparty/freertos/freertos-8.2.3/Source/queue.o
 .debug_aranges
                0x00000b60      0x1a0 src/ASF/thirdparty/freertos/freertos-8.2.3/Source/tasks.o
 .debug_aranges
                0x00000d00       0x80 src/ASF/thirdparty/freertos/freertos-8.2.3/Source/timers.o
 .debug_aranges
                0x00000d80       0x68 src/main.o

.debug_ranges   0x00000000      0xe68
 .debug_ranges  0x00000000       0x30 src/ASF/common/services/clock/same70/sysclk.o
 .debug_ranges  0x00000030       0x18 src/ASF/common/utils/interrupt/interrupt_sam_nvic.o
 .debug_ranges  0x00000048       0x10 src/ASF/common/utils/stdio/read.o
 .debug_ranges  0x00000058       0x10 src/ASF/common/utils/stdio/write.o
 .debug_ranges  0x00000068       0x10 src/ASF/sam/boards/same70_xplained/init.o
 .debug_ranges  0x00000078      0x270 src/ASF/sam/drivers/pio/pio.o
 .debug_ranges  0x000002e8       0x50 src/ASF/sam/drivers/pio/pio_handler.o
 .debug_ranges  0x00000338      0x240 src/ASF/sam/drivers/pmc/pmc.o
 .debug_ranges  0x00000578       0xc8 src/ASF/sam/drivers/uart/uart.o
 .debug_ranges  0x00000640      0x298 src/ASF/sam/drivers/usart/usart.o
 .debug_ranges  0x000008d8       0x18 src/ASF/sam/utils/cmsis/same70/source/templates/gcc/startup_same70.o
 .debug_ranges  0x000008f0       0x20 src/ASF/sam/utils/cmsis/same70/source/templates/system_same70.o
 .debug_ranges  0x00000910       0x50 src/ASF/sam/utils/syscalls/gcc/syscalls.o
 .debug_ranges  0x00000960       0x30 src/ASF/thirdparty/freertos/freertos-8.2.3/Source/list.o
 .debug_ranges  0x00000990       0x70 src/ASF/thirdparty/freertos/freertos-8.2.3/Source/portable/GCC/ARM_CM7/r0p1/port.o
 .debug_ranges  0x00000a00       0x18 src/ASF/thirdparty/freertos/freertos-8.2.3/Source/portable/MemMang/heap_3.o
 .debug_ranges  0x00000a18      0x110 src/ASF/thirdparty/freertos/freertos-8.2.3/Source/queue.o
 .debug_ranges  0x00000b28      0x228 src/ASF/thirdparty/freertos/freertos-8.2.3/Source/tasks.o
 .debug_ranges  0x00000d50       0xc0 src/ASF/thirdparty/freertos/freertos-8.2.3/Source/timers.o
 .debug_ranges  0x00000e10       0x58 src/main.o

.debug_macro    0x00000000    0x208d6
 .debug_macro   0x00000000      0x6a1 src/ASF/common/services/clock/same70/sysclk.o
 .debug_macro   0x000006a1      0x8b0 src/ASF/common/services/clock/same70/sysclk.o
 .debug_macro   0x00000f51      0x652 src/ASF/common/services/clock/same70/sysclk.o
 .debug_macro   0x000015a3       0x3a src/ASF/common/services/clock/same70/sysclk.o
 .debug_macro   0x000015dd      0x16d src/ASF/common/services/clock/same70/sysclk.o
 .debug_macro   0x0000174a       0x76 src/ASF/common/services/clock/same70/sysclk.o
 .debug_macro   0x000017c0       0x16 src/ASF/common/services/clock/same70/sysclk.o
 .debug_macro   0x000017d6      0x6e4 src/ASF/common/services/clock/same70/sysclk.o
 .debug_macro   0x00001eba       0x22 src/ASF/common/services/clock/same70/sysclk.o
 .debug_macro   0x00001edc       0x87 src/ASF/common/services/clock/same70/sysclk.o
 .debug_macro   0x00001f63       0x44 src/ASF/common/services/clock/same70/sysclk.o
 .debug_macro   0x00001fa7       0xfd src/ASF/common/services/clock/same70/sysclk.o
 .debug_macro   0x000020a4       0x22 src/ASF/common/services/clock/same70/sysclk.o
 .debug_macro   0x000020c6      0x1df src/ASF/common/services/clock/same70/sysclk.o
 .debug_macro   0x000022a5       0x4a src/ASF/common/services/clock/same70/sysclk.o
 .debug_macro   0x000022ef       0x3b src/ASF/common/services/clock/same70/sysclk.o
 .debug_macro   0x0000232a       0x2d src/ASF/common/services/clock/same70/sysclk.o
 .debug_macro   0x00002357       0x26 src/ASF/common/services/clock/same70/sysclk.o
 .debug_macro   0x0000237d      0xf9a src/ASF/common/services/clock/same70/sysclk.o
 .debug_macro   0x00003317      0x175 src/ASF/common/services/clock/same70/sysclk.o
 .debug_macro   0x0000348c      0x257 src/ASF/common/services/clock/same70/sysclk.o